Component: ARM Compiler 5.06 update 7 (build 960) Tool: armlink [4d3601]

==============================================================================

Section Cross References

    startup_stm32f103xb.o(STACK) refers (Special) to heapauxi.o(.text) for __use_two_region_memory
    startup_stm32f103xb.o(HEAP) refers (Special) to heapauxi.o(.text) for __use_two_region_memory
    startup_stm32f103xb.o(RESET) refers (Special) to heapauxi.o(.text) for __use_two_region_memory
    startup_stm32f103xb.o(RESET) refers to startup_stm32f103xb.o(STACK) for __initial_sp
    startup_stm32f103xb.o(RESET) refers to startup_stm32f103xb.o(.text) for Reset_Handler
    startup_stm32f103xb.o(RESET) refers to stm32f1xx_it.o(i.NMI_Handler) for NMI_Handler
    startup_stm32f103xb.o(RESET) refers to stm32f1xx_it.o(i.HardFault_Handler) for HardFault_Handler
    startup_stm32f103xb.o(RESET) refers to stm32f1xx_it.o(i.MemManage_Handler) for MemManage_Handler
    startup_stm32f103xb.o(RESET) refers to stm32f1xx_it.o(i.BusFault_Handler) for BusFault_Handler
    startup_stm32f103xb.o(RESET) refers to stm32f1xx_it.o(i.UsageFault_Handler) for UsageFault_Handler
    startup_stm32f103xb.o(RESET) refers to stm32f1xx_it.o(i.SVC_Handler) for SVC_Handler
    startup_stm32f103xb.o(RESET) refers to stm32f1xx_it.o(i.DebugMon_Handler) for DebugMon_Handler
    startup_stm32f103xb.o(RESET) refers to stm32f1xx_it.o(i.PendSV_Handler) for PendSV_Handler
    startup_stm32f103xb.o(RESET) refers to stm32f1xx_it.o(i.SysTick_Handler) for SysTick_Handler
    startup_stm32f103xb.o(RESET) refers to stm32f1xx_it.o(i.RTC_IRQHandler) for RTC_IRQHandler
    startup_stm32f103xb.o(RESET) refers to stm32f1xx_it.o(i.TIM4_IRQHandler) for TIM4_IRQHandler
    startup_stm32f103xb.o(RESET) refers to stm32f1xx_it.o(i.I2C1_EV_IRQHandler) for I2C1_EV_IRQHandler
    startup_stm32f103xb.o(RESET) refers to stm32f1xx_it.o(i.I2C1_ER_IRQHandler) for I2C1_ER_IRQHandler
    startup_stm32f103xb.o(RESET) refers to stm32f1xx_it.o(i.SPI1_IRQHandler) for SPI1_IRQHandler
    startup_stm32f103xb.o(RESET) refers to stm32f1xx_it.o(i.USART1_IRQHandler) for USART1_IRQHandler
    startup_stm32f103xb.o(.text) refers (Special) to heapauxi.o(.text) for __use_two_region_memory
    startup_stm32f103xb.o(.text) refers to system_stm32f1xx.o(i.SystemInit) for SystemInit
    startup_stm32f103xb.o(.text) refers to __main.o(!!!main) for __main
    startup_stm32f103xb.o(.text) refers to startup_stm32f103xb.o(HEAP) for Heap_Mem
    startup_stm32f103xb.o(.text) refers to startup_stm32f103xb.o(STACK) for Stack_Mem
    main.o(i.MX_GPIO_Init) refers to stm32f1xx_hal_gpio.o(i.HAL_GPIO_WritePin) for HAL_GPIO_WritePin
    main.o(i.MX_GPIO_Init) refers to stm32f1xx_hal_gpio.o(i.HAL_GPIO_Init) for HAL_GPIO_Init
    main.o(i.MX_I2C1_Init) refers to stm32f1xx_hal_i2c.o(i.HAL_I2C_Init) for HAL_I2C_Init
    main.o(i.MX_I2C1_Init) refers to error_handler.o(i.Error_Handler) for Error_Handler
    main.o(i.MX_I2C1_Init) refers to main.o(.bss) for .bss
    main.o(i.MX_RTC_Init) refers to stm32f1xx_hal_rtc.o(i.HAL_RTC_Init) for HAL_RTC_Init
    main.o(i.MX_RTC_Init) refers to error_handler.o(i.Error_Handler) for Error_Handler
    main.o(i.MX_RTC_Init) refers to stm32f1xx_hal_rtc.o(i.HAL_RTC_SetTime) for HAL_RTC_SetTime
    main.o(i.MX_RTC_Init) refers to stm32f1xx_hal_rtc.o(i.HAL_RTC_SetDate) for HAL_RTC_SetDate
    main.o(i.MX_RTC_Init) refers to main.o(.bss) for .bss
    main.o(i.MX_SPI1_Init) refers to stm32f1xx_hal_spi.o(i.HAL_SPI_Init) for HAL_SPI_Init
    main.o(i.MX_SPI1_Init) refers to error_handler.o(i.Error_Handler) for Error_Handler
    main.o(i.MX_SPI1_Init) refers to main.o(.bss) for .bss
    main.o(i.MX_TIM4_Init) refers to stm32f1xx_hal_tim.o(i.HAL_TIM_Base_Init) for HAL_TIM_Base_Init
    main.o(i.MX_TIM4_Init) refers to error_handler.o(i.Error_Handler) for Error_Handler
    main.o(i.MX_TIM4_Init) refers to stm32f1xx_hal_tim.o(i.HAL_TIM_ConfigClockSource) for HAL_TIM_ConfigClockSource
    main.o(i.MX_TIM4_Init) refers to stm32f1xx_hal_tim_ex.o(i.HAL_TIMEx_MasterConfigSynchronization) for HAL_TIMEx_MasterConfigSynchronization
    main.o(i.MX_TIM4_Init) refers to main.o(.bss) for .bss
    main.o(i.MX_USART1_UART_Init) refers to stm32f1xx_hal_uart.o(i.HAL_UART_Init) for HAL_UART_Init
    main.o(i.MX_USART1_UART_Init) refers to error_handler.o(i.Error_Handler) for Error_Handler
    main.o(i.MX_USART1_UART_Init) refers to main.o(.bss) for .bss
    main.o(i.SystemClock_Config) refers to rt_memclr_w.o(.text) for __aeabi_memclr4
    main.o(i.SystemClock_Config) refers to stm32f1xx_hal_rcc.o(i.HAL_RCC_OscConfig) for HAL_RCC_OscConfig
    main.o(i.SystemClock_Config) refers to error_handler.o(i.Error_Handler) for Error_Handler
    main.o(i.SystemClock_Config) refers to stm32f1xx_hal_rcc.o(i.HAL_RCC_ClockConfig) for HAL_RCC_ClockConfig
    main.o(i.SystemClock_Config) refers to stm32f1xx_hal_rcc_ex.o(i.HAL_RCCEx_PeriphCLKConfig) for HAL_RCCEx_PeriphCLKConfig
[...]
    I2C_ConvertOtherXferOptions              0x08002b71   Thumb Code    28  stm32f1xx_hal_i2c.o(i.I2C_ConvertOtherXferOptions)
    i.I2C_DMAAbort                           0x08002b8c   Section        0  stm32f1xx_hal_i2c.o(i.I2C_DMAAbort)
    I2C_DMAAbort                             0x08002b8d   Thumb Code   182  stm32f1xx_hal_i2c.o(i.I2C_DMAAbort)
    i.I2C_Flush_DR                           0x08002c48   Section        0  stm32f1xx_hal_i2c.o(i.I2C_Flush_DR)
    I2C_Flush_DR                             0x08002c49   Thumb Code    16  stm32f1xx_hal_i2c.o(i.I2C_Flush_DR)
    i.I2C_ITError                            0x08002c58   Section        0  stm32f1xx_hal_i2c.o(i.I2C_ITError)
    I2C_ITError                              0x08002c59   Thumb Code   340  stm32f1xx_hal_i2c.o(i.I2C_ITError)
    i.I2C_MasterReceive_BTF                  0x08002db4   Section        0  stm32f1xx_hal_i2c.o(i.I2C_MasterReceive_BTF)
    I2C_MasterReceive_BTF                    0x08002db5   Thumb Code   256  stm32f1xx_hal_i2c.o(i.I2C_MasterReceive_BTF)
    i.I2C_MasterReceive_RXNE                 0x08002eb4   Section        0  stm32f1xx_hal_i2c.o(i.I2C_MasterReceive_RXNE)
    I2C_MasterReceive_RXNE                   0x08002eb5   Thumb Code   220  stm32f1xx_hal_i2c.o(i.I2C_MasterReceive_RXNE)
    i.I2C_MasterTransmit_BTF                 0x08002f90   Section        0  stm32f1xx_hal_i2c.o(i.I2C_MasterTransmit_BTF)
    I2C_MasterTransmit_BTF                   0x08002f91   Thumb Code   138  stm32f1xx_hal_i2c.o(i.I2C_MasterTransmit_BTF)
    i.I2C_MasterTransmit_TXE                 0x0800301a   Section        0  stm32f1xx_hal_i2c.o(i.I2C_MasterTransmit_TXE)
    I2C_MasterTransmit_TXE                   0x0800301b   Thumb Code   190  stm32f1xx_hal_i2c.o(i.I2C_MasterTransmit_TXE)
    i.I2C_Master_ADD10                       0x080030d8   Section        0  stm32f1xx_hal_i2c.o(i.I2C_Master_ADD10)
    I2C_Master_ADD10                         0x080030d9   Thumb Code    42  stm32f1xx_hal_i2c.o(i.I2C_Master_ADD10)
    i.I2C_Master_ADDR                        0x08003104   Section        0  stm32f1xx_hal_i2c.o(i.I2C_Master_ADDR)
    I2C_Master_ADDR                          0x08003105   Thumb Code   404  stm32f1xx_hal_i2c.o(i.I2C_Master_ADDR)
    i.I2C_Master_SB                          0x0800329c   Section        0  stm32f1xx_hal_i2c.o(i.I2C_Master_SB)
    I2C_Master_SB                            0x0800329d   Thumb Code   160  stm32f1xx_hal_i2c.o(i.I2C_Master_SB)
    i.I2C_MemoryTransmit_TXE_BTF             0x0800333c   Section        0  stm32f1xx_hal_i2c.o(i.I2C_MemoryTransmit_TXE_BTF)
    I2C_MemoryTransmit_TXE_BTF               0x0800333d   Thumb Code   190  stm32f1xx_hal_i2c.o(i.I2C_MemoryTransmit_TXE_BTF)
    i.I2C_SlaveReceive_BTF                   0x080033fa   Section        0  stm32f1xx_hal_i2c.o(i.I2C_SlaveReceive_BTF)
    I2C_SlaveReceive_BTF                     0x080033fb   Thumb Code    28  stm32f1xx_hal_i2c.o(i.I2C_SlaveReceive_BTF)
    i.I2C_SlaveReceive_RXNE                  0x08003416   Section        0  stm32f1xx_hal_i2c.o(i.I2C_SlaveReceive_RXNE)
    I2C_SlaveReceive_RXNE                    0x08003417   Thumb Code    68  stm32f1xx_hal_i2c.o(i.I2C_SlaveReceive_RXNE)
    i.I2C_SlaveTransmit_BTF                  0x0800345a   Section        0  stm32f1xx_hal_i2c.o(i.I2C_SlaveTransmit_BTF)
    I2C_SlaveTransmit_BTF                    0x0800345b   Thumb Code    28  stm32f1xx_hal_i2c.o(i.I2C_SlaveTransmit_BTF)
    i.I2C_SlaveTransmit_TXE                  0x08003476   Section        0  stm32f1xx_hal_i2c.o(i.I2C_SlaveTransmit_TXE)
    I2C_SlaveTransmit_TXE                    0x08003477   Thumb Code    68  stm32f1xx_hal_i2c.o(i.I2C_SlaveTransmit_TXE)
    i.I2C_Slave_ADDR                         0x080034ba   Section        0  stm32f1xx_hal_i2c.o(i.I2C_Slave_ADDR)
    I2C_Slave_ADDR                           0x080034bb   Thumb Code    72  stm32f1xx_hal_i2c.o(i.I2C_Slave_ADDR)
    i.I2C_Slave_AF                           0x08003504   Section        0  stm32f1xx_hal_i2c.o(i.I2C_Slave_AF)
    I2C_Slave_AF                             0x08003505   Thumb Code   138  stm32f1xx_hal_i2c.o(i.I2C_Slave_AF)
    i.I2C_Slave_STOPF                        0x08003594   Section        0  stm32f1xx_hal_i2c.o(i.I2C_Slave_STOPF)
    I2C_Slave_STOPF                          0x08003595   Thumb Code   342  stm32f1xx_hal_i2c.o(i.I2C_Slave_STOPF)
    i.I2C_WaitOnSTOPRequestThroughIT         0x080036f4   Section        0  stm32f1xx_hal_i2c.o(i.I2C_WaitOnSTOPRequestThroughIT)
    I2C_WaitOnSTOPRequestThroughIT           0x080036f5   Thumb Code    54  stm32f1xx_hal_i2c.o(i.I2C_WaitOnSTOPRequestThroughIT)
    i.Led_Init                               0x08003730   Section        0  led.o(i.Led_Init)
    i.Led_SetMode                            0x0800377c   Section        0  led.o(i.Led_SetMode)
    i.Led_SetState                           0x080037b0   Section        0  led.o(i.Led_SetState)
    i.MX_GPIO_Init                           0x080037c4   Section        0  main.o(i.MX_GPIO_Init)
    MX_GPIO_Init                             0x080037c5   Thumb Code   208  main.o(i.MX_GPIO_Init)
    i.MX_I2C1_Init                           0x080038a4   Section        0  main.o(i.MX_I2C1_Init)
    MX_I2C1_Init                             0x080038a5   Thumb Code    50  main.o(i.MX_I2C1_Init)
    i.MX_RTC_Init                            0x080038e4   Section        0  main.o(i.MX_RTC_Init)
    MX_RTC_Init                              0x080038e5   Thumb Code   100  main.o(i.MX_RTC_Init)
    i.MX_SPI1_Init                           0x08003950   Section        0  main.o(i.MX_SPI1_Init)
    MX_SPI1_Init                             0x08003951   Thumb Code    62  main.o(i.MX_SPI1_Init)
    i.MX_TIM4_Init                           0x08003998   Section        0  main.o(i.MX_TIM4_Init)
    MX_TIM4_Init                             0x08003999   Thumb Code    96  main.o(i.MX_TIM4_Init)
    i.MX_USART1_UART_Init                    0x08003a00   Section        0  main.o(i.MX_USART1_UART_Init)
    MX_USART1_UART_Init                      0x08003a01   Thumb Code    48  main.o(i.MX_USART1_UART_Init)
    i.MemManage_Handler                      0x08003a38   Section        0  stm32f1xx_it.o(i.MemManage_Handler)
    i.NMI_Handler                            0x08003a3a   Section        0  stm32f1xx_it.o(i.NMI_Handler)
    i.PendSV_Handler                         0x08003a3c   Section        0  stm32f1xx_it.o(i.PendSV_Handler)
    i.RCC_Delay                              0x08003a40   Section        0  stm32f1xx_hal_rcc.o(i.RCC_Delay)
    RCC_Delay                                0x08003a41   Thumb Code    30  stm32f1xx_hal_rcc.o(i.RCC_Delay)
    i.RTC_Bcd2ToByte                         0x08003a64   Section        0  stm32f1xx_hal_rtc.o(i.RTC_Bcd2ToByte)
    RTC_Bcd2ToByte                           0x08003a65   Thumb Code    18  stm32f1xx_hal_rtc.o(i.RTC_Bcd2ToByte)
    i.RTC_EnterInitMode                      0x08003a76   Section        0  stm32f1xx_hal_rtc.o(i.RTC_EnterInitMode)
    RTC_EnterInitMode                        0x08003a77   Thumb Code    52  stm32f1xx_hal_rtc.o(i.RTC_EnterInitMode)
    i.RTC_ExitInitMode                       0x08003aaa   Section        0  stm32f1xx_hal_rtc.o(i.RTC_ExitInitMode)
    RTC_ExitInitMode                         0x08003aab   Thumb Code    52  stm32f1xx_hal_rtc.o(i.RTC_ExitInitMode)
    i.RTC_IRQHandler                         0x08003ae0   Section        0  stm32f1xx_it.o(i.RTC_IRQHandler)
    i.RTC_ReadAlarmCounter                   0x08003aec   Section        0  stm32f1xx_hal_rtc.o(i.RTC_ReadAlarmCounter)
    RTC_ReadAlarmCounter                     0x08003aed   Thumb Code    14  stm32f1xx_hal_rtc.o(i.RTC_ReadAlarmCounter)
    i.RTC_ReadTimeCounter                    0x08003afa   Section        0  stm32f1xx_hal_rtc.o(i.RTC_ReadTimeCounter)
    RTC_ReadTimeCounter                      0x08003afb   Thumb Code    32  stm32f1xx_hal_rtc.o(i.RTC_ReadTimeCounter)
    i.RTC_WeekDayNum                         0x08003b1a   Section        0  stm32f1xx_hal_rtc.o(i.RTC_WeekDayNum)
    RTC_WeekDayNum                           0x08003b1b   Thumb Code   102  stm32f1xx_hal_rtc.o(i.RTC_WeekDayNum)
    i.RTC_WriteAlarmCounter                  0x08003b80   Section        0  stm32f1xx_hal_rtc.o(i.RTC_WriteAlarmCounter)
    RTC_WriteAlarmCounter                    0x08003b81   Thumb Code    46  stm32f1xx_hal_rtc.o(i.RTC_WriteAlarmCounter)
    i.RTC_WriteTimeCounter                   0x08003bae   Section        0  stm32f1xx_hal_rtc.o(i.RTC_WriteTimeCounter)
    RTC_WriteTimeCounter                     0x08003baf   Thumb Code    46  stm32f1xx_hal_rtc.o(i.RTC_WriteTimeCounter)
    i.SPI1_IRQHandler                        0x08003bdc   Section        0  stm32f1xx_it.o(i.SPI1_IRQHandler)
    i.SPI_DMAAbortOnError                    0x08003be8   Section        0  stm32f1xx_hal_spi.o(i.SPI_DMAAbortOnError)
    SPI_DMAAbortOnError                      0x08003be9   Thumb Code    16  stm32f1xx_hal_spi.o(i.SPI_DMAAbortOnError)
    i.SPI_EndRxTransaction                   0x08003bf8   Section        0  stm32f1xx_hal_spi.o(i.SPI_EndRxTransaction)
    SPI_EndRxTransaction                     0x08003bf9   Thumb Code   112  stm32f1xx_hal_spi.o(i.SPI_EndRxTransaction)
    i.SPI_EndRxTxTransaction                 0x08003c68   Section        0  stm32f1xx_hal_spi.o(i.SPI_EndRxTxTransaction)
    SPI_EndRxTxTransaction                   0x08003c69   Thumb Code    36  stm32f1xx_hal_spi.o(i.SPI_EndRxTxTransaction)
    i.SPI_WaitFlagStateUntilTimeout          0x08003c8c   Section        0  stm32f1xx_hal_spi.o(i.SPI_WaitFlagStateUntilTimeout)
    SPI_WaitFlagStateUntilTimeout            0x08003c8d   Thumb Code   184  stm32f1xx_hal_spi.o(i.SPI_WaitFlagStateUntilTimeout)
    i.SVC_Handler                            0x08003d48   Section        0  stm32f1xx_it.o(i.SVC_Handler)
    i.Sim800C_ClearMessages                  0x08003d4c   Section        0  sim800c.o(i.Sim800C_ClearMessages)
    i.Sim800C_GetImei                        0x08003db0   Section        0  sim800c.o(i.Sim800C_GetImei)
    i.Sim800C_GetSms                         0x08003dd4   Section        0  sim800c.o(i.Sim800C_GetSms)
    i.Sim800C_Init                           0x08003e0c   Section        0  sim800c.o(i.Sim800C_Init)
    i.Sim800C_IsBusy                         0x08003ec8   Section        0  sim800c.o(i.Sim800C_IsBusy)
    i.Sim800C_MainHandler                    0x08003ed8   Section        0  sim800c.o(i.Sim800C_MainHandler)
    i.Sim800C_Power                          0x08004488   Section        0  sim800c.o(i.Sim800C_Power)
    i.Sim800C_RequestImei                    0x080044d8   Section        0  sim800c.o(i.Sim800C_RequestImei)
    i.Sim800C_Reset                          0x08004538   Section        0  sim800c.o(i.Sim800C_Reset)
    i.SysTick_Handler                        0x08004558   Section        0  stm32f1xx_it.o(i.SysTick_Handler)
    i.SystemClock_Config                     0x0800455c   Section        0  main.o(i.SystemClock_Config)
    i.SystemInit                             0x080045dc   Section        0  system_stm32f1xx.o(i.SystemInit)
    i.TIM4_IRQHandler                        0x080045e0   Section        0  stm32f1xx_it.o(i.TIM4_IRQHandler)
    i.TIM_Base_SetConfig                     0x080045ec   Section        0  stm32f1xx_hal_tim.o(i.TIM_Base_SetConfig)
    i.TIM_ETR_SetConfig                      0x08004658   Section        0  stm32f1xx_hal_tim.o(i.TIM_ETR_SetConfig)
    i.TIM_ITRx_SetConfig                     0x0800466c   Section        0  stm32f1xx_hal_tim.o(i.TIM_ITRx_SetConfig)
    TIM_ITRx_SetConfig                       0x0800466d   Thumb Code    16  stm32f1xx_hal_tim.o(i.TIM_ITRx_SetConfig)
    i.TIM_TI1_ConfigInputStage               0x0800467c   Section        0  stm32f1xx_hal_tim.o(i.TIM_TI1_ConfigInputStage)
    TIM_TI1_ConfigInputStage                 0x0800467d   Thumb Code    34  stm32f1xx_hal_tim.o(i.TIM_TI1_ConfigInputStage)
    i.TIM_TI2_ConfigInputStage               0x0800469e   Section        0  stm32f1xx_hal_tim.o(i.TIM_TI2_ConfigInputStage)
    TIM_TI2_ConfigInputStage                 0x0800469f   Thumb Code    36  stm32f1xx_hal_tim.o(i.TIM_TI2_ConfigInputStage)
    i.UART_DMAAbortOnError                   0x080046c2   Section        0  stm32f1xx_hal_uart.o(i.UART_DMAAbortOnError)
    UART_DMAAbortOnError                     0x080046c3   Thumb Code    16  stm32f1xx_hal_uart.o(i.UART_DMAAbortOnError)
    i.UART_EndRxTransfer                     0x080046d2   Section        0  stm32f1xx_hal_uart.o(i.UART_EndRxTransfer)
    UART_EndRxTransfer                       0x080046d3   Thumb Code    78  stm32f1xx_hal_uart.o(i.UART_EndRxTransfer)
    i.UART_EndTransmit_IT                    0x08004720   Section        0  stm32f1xx_hal_uart.o(i.UART_EndTransmit_IT)
    UART_EndTransmit_IT                      0x08004721   Thumb Code    26  stm32f1xx_hal_uart.o(i.UART_EndTransmit_IT)
    i.UART_Receive_IT                        0x0800473a   Section        0  stm32f1xx_hal_uart.o(i.UART_Receive_IT)
    UART_Receive_IT                          0x0800473b   Thumb Code   200  stm32f1xx_hal_uart.o(i.UART_Receive_IT)
    i.UART_SetConfig                         0x08004804   Section        0  stm32f1xx_hal_uart.o(i.UART_SetConfig)
    UART_SetConfig                           0x08004805   Thumb Code   178  stm32f1xx_hal_uart.o(i.UART_SetConfig)
    i.UART_Start_Receive_IT                  0x080048bc   Section        0  stm32f1xx_hal_uart.o(i.UART_Start_Receive_IT)
    i.UART_Transmit_IT                       0x080048f4   Section        0  stm32f1xx_hal_uart.o(i.UART_Transmit_IT)
    UART_Transmit_IT                         0x080048f5   Thumb Code    94  stm32f1xx_hal_uart.o(i.UART_Transmit_IT)
    i.USART1_IRQHandler                      0x08004954   Section        0  stm32f1xx_it.o(i.USART1_IRQHandler)
    i.UsageFault_Handler                     0x08004960   Section        0  stm32f1xx_it.o(i.UsageFault_Handler)
    i.__NVIC_SetPriority                     0x08004962   Section        0  stm32f1xx_hal_cortex.o(i.__NVIC_SetPriority)
    __NVIC_SetPriority                       0x08004963   Thumb Code    32  stm32f1xx_hal_cortex.o(i.__NVIC_SetPriority)
    i.eraseBlock                             0x08004984   Section        0  flash.o(i.eraseBlock)
    eraseBlock                               0x08004985   Thumb Code    80  flash.o(i.eraseBlock)
    i.getBaud                                0x080049dc   Section        0  sim800c.o(i.getBaud)
    getBaud                                  0x080049dd   Thumb Code    50  sim800c.o(i.getBaud)
    i.getChecksum                            0x08004a20   Section        0  main.o(i.getChecksum)
    getChecksum                              0x08004a21   Thumb Code    46  main.o(i.getChecksum)
    i.main                                   0x08004a50   Section        0  main.o(i.main)
    i.operationHandler                       0x08004b14   Section        0  main.o(i.operationHandler)
    operationHandler                         0x08004b15   Thumb Code    78  main.o(i.operationHandler)
    i.processIncomeSms                       0x08004b68   Section        0  main.o(i.processIncomeSms)
    processIncomeSms                         0x08004b69   Thumb Code   140  main.o(i.processIncomeSms)
    i.resetProtection                        0x08004bfc   Section        0  flash.o(i.resetProtection)
    resetProtection                          0x08004bfd   Thumb Code    46  flash.o(i.resetProtection)
    i.sendAt                                 0x08004c34   Section        0  sim800c.o(i.sendAt)
    sendAt                                   0x08004c35   Thumb Code    50  sim800c.o(i.sendAt)
    i.sendByte                               0x08004c74   Section        0  sim800c.o(i.sendByte)
    sendByte                                 0x08004c75   Thumb Code    20  sim800c.o(i.sendByte)
    i.sendDone                               0x08004c90   Section        0  sim800c.o(i.sendDone)
    sendDone                                 0x08004c91   Thumb Code    32  sim800c.o(i.sendDone)
    i.sendPhone                              0x08004cb4   Section        0  sim800c.o(i.sendPhone)
    sendPhone                                0x08004cb5   Thumb Code    88  sim800c.o(i.sendPhone)
    i.sendReadSms                            0x08004d20   Section        0  sim800c.o(i.sendReadSms)
    sendReadSms                              0x08004d21   Thumb Code    82  sim800c.o(i.sendReadSms)
    i.sendSmsText                            0x08004d88   Section        0  sim800c.o(i.sendSmsText)
    sendSmsText                              0x08004d89   Thumb Code    60  sim800c.o(i.sendSmsText)
    i.sendTextMode                           0x08004dc8   Section        0  sim800c.o(i.sendTextMode)
    sendTextMode                             0x08004dc9   Thumb Code    56  sim800c.o(i.sendTextMode)
    i.setBaud                                0x08004e10   Section        0  sim800c.o(i.setBaud)
    setBaud                                  0x08004e11   Thumb Code    50  sim800c.o(i.setBaud)
    i.setCs                                  0x08004e60   Section        0  flash.o(i.setCs)
    setCs                                    0x08004e61   Thumb Code    36  flash.o(i.setCs)
    i.setError                               0x08004e88   Section        0  sim800c.o(i.setError)
    setError                                 0x08004e89   Thumb Code    74  sim800c.o(i.setError)
    i.setReset                               0x08004ed8   Section        0  sim800c.o(i.setReset)
    setReset                                 0x08004ed9   Thumb Code    14  sim800c.o(i.setReset)
    i.startRecv                              0x08004eec   Section        0  sim800c.o(i.startRecv)
    startRecv                                0x08004eed   Thumb Code    10  sim800c.o(i.startRecv)
    i.writePage                              0x08004f00   Section        0  flash.o(i.writePage)
    writePage                                0x08004f01   Thumb Code   104  flash.o(i.writePage)
    i.writeToBlock                           0x08004f70   Section        0  flash.o(i.writeToBlock)
    writeToBlock                             0x08004f71   Thumb Code   102  flash.o(i.writeToBlock)
    locale$$code                             0x08004fdc   Section       44  lc_ctype_c.o(locale$$code)
    .constdata                               0x08005008   Section        4  sim800c.o(.constdata)
    .constdata                               0x0800500c   Section       32  buffer.o(.constdata)
    powArray                                 0x0800500c   Data          32  buffer.o(.constdata)
    .constdata                               0x0800502c   Section       18  stm32f1xx_hal_rcc.o(.constdata)
    aPredivFactorTable                       0x0800502c   Data           2  stm32f1xx_hal_rcc.o(.constdata)
    aPLLMULFactorTable                       0x0800502e   Data          16  stm32f1xx_hal_rcc.o(.constdata)
    .constdata                               0x0800503e   Section       18  stm32f1xx_hal_rcc_ex.o(.constdata)
    aPredivFactorTable                       0x0800503e   Data           2  stm32f1xx_hal_rcc_ex.o(.constdata)
    aPLLMULFactorTable                       0x08005040   Data          16  stm32f1xx_hal_rcc_ex.o(.constdata)
    .constdata                               0x08005050   Section       16  system_stm32f1xx.o(.constdata)
    .constdata                               0x08005060   Section        8  system_stm32f1xx.o(.constdata)
    locale$$data                             0x08005088   Section      272  lc_ctype_c.o(locale$$data)
    __lcctype_c_name                         0x0800508c   Data           2  lc_ctype_c.o(locale$$data)
    __lcctype_c_start                        0x08005094   Data           0  lc_ctype_c.o(locale$$data)
    __lcctype_c_end                          0x08005198   Data           0  lc_ctype_c.o(locale$$data)
    .data                                    0x20000000   Section       24  main.o(.data)
    context                                  0x20000000   Data           1  main.o(.data)
    .data                                    0x20000018   Section        6  led.o(.data)
    state                                    0x20000018   Data           1  led.o(.data)
    .data                                    0x20000020   Section        4  sim800c.o(.data)
    notRecognized                            0x20000020   Data           4  sim800c.o(.data)
    .data                                    0x20000024   Section       12  stm32f1xx_hal.o(.data)
    .data                                    0x20000030   Section        4  system_stm32f1xx.o(.data)
    .bss                                     0x20000034   Section      336  main.o(.bss)
    .bss                                     0x20000184   Section     2388  sim800c.o(.bss)
    context                                  0x20000984   Data         340  sim800c.o(.bss)
    .bss                                     0x20000ad8   Section     4096  flash.o(.bss)
    dataBuffer                               0x20000ad8   Data        4096  flash.o(.bss)
    .bss                                     0x20001ad8   Section       96  libspace.o(.bss)
    HEAP                                     0x20001b38   Section      512  startup_stm32f103xb.o(HEAP)
    Heap_Mem                                 0x20001b38   Data         512  startup_stm32f103xb.o(HEAP)
    STACK                                    0x20001d38   Section     1024  startup_stm32f103xb.o(STACK)
    Stack_Mem                                0x20001d38   Data        1024  startup_stm32f103xb.o(STACK)
    __initial_sp                             0x20002138   Data           0  startup_stm32f103xb.o(STACK)

    Global Symbols

    Symbol Name                              Value     Ov Type        Size  Object(Section)

    BuildAttributes$$THM_ISAv4$P$D$K$B$S$PE$A:L22UL41UL21$X:L11$S22US41US21$IEEE1$IW$USESV6$~STKCKD$USESV7$~SHL$OSPACE$ROPI$EBA8$UX$STANDARDLIB$REQ8$PRES8$EABIv2 0x00000000   Number         0  anon$$obj.o ABSOLUTE
    __ARM_use_no_argv                        0x00000000   Number         0  main.o ABSOLUTE
    __ARM_exceptions_init                     - Undefined Weak Reference
    __alloca_initialize                       - Undefined Weak Reference
    __arm_fini_                               - Undefined Weak Reference
    __arm_preinit_                            - Undefined Weak Reference
    __cpp_initialize__aeabi_                  - Undefined Weak Reference
    __cxa_finalize                            - Undefined Weak Reference
    __sigvec_lookup                           - Undefined Weak Reference
    _atexit_init                              - Undefined Weak Reference
    _call_atexit_fns                          - Undefined Weak Reference
    _clock_init                               - Undefined Weak Reference
    _fp_trap_init                             - Undefined Weak Reference
    _fp_trap_shutdown                         - Undefined Weak Reference
    _get_lc_collate                           - Undefined Weak Reference
    _get_lc_monetary                          - Undefined Weak Reference
    _get_lc_numeric                           - Undefined Weak Reference
    _get_lc_time                              - Undefined Weak Reference
    _getenv_init                              - Undefined Weak Reference
    _handle_redirection                       - Undefined Weak Reference
    _init_alloc                               - Undefined Weak Reference
    _init_user_alloc                          - Undefined Weak Reference
    _initio                                   - Undefined Weak Reference
    _rand_init                                - Undefined Weak Reference
    _signal_finish                            - Undefined Weak Reference
    _signal_init                              - Undefined Weak Reference
    _terminate_alloc                          - Undefined Weak Reference
    _terminate_user_alloc                     - Undefined Weak Reference
    _terminateio                              - Undefined Weak Reference
    __Vectors_Size                           0x000000ec   Number         0  startup_stm32f103xb.o ABSOLUTE
    __Vectors                                0x08000000   Data           4  startup_stm32f103xb.o(RESET)
    __Vectors_End                            0x080000ec   Data           0  startup_stm32f103xb.o(RESET)
    __main                                   0x080000ed   Thumb Code     8  __main.o(!!!main)
    __scatterload                            0x080000f5   Thumb Code     0  __scatter.o(!!!scatter)
    __scatterload_rt2                        0x080000f5   Thumb Code    44  __scatter.o(!!!scatter)
    __scatterload_rt2_thumb_only             0x080000f5   Thumb Code     0  __scatter.o(!!!scatter)
    __scatterload_null                       0x08000103   Thumb Code     0  __scatter.o(!!!scatter)
    __scatterload_copy                       0x08000129   Thumb Code    26  __scatter_copy.o(!!handler_copy)
    __scatterload_zeroinit                   0x08000145   Thumb Code    28  __scatter_zi.o(!!handler_zi)
    __rt_lib_init                            0x08000161   Thumb Code     0  libinit.o(.ARM.Collect$$libinit$$00000000)
    __rt_lib_init_fp_1                       0x08000163   Thumb Code     0  libinit2.o(.ARM.Collect$$libinit$$00000002)
    __rt_lib_init_heap_1                     0x08000163   Thumb Code     0  libinit2.o(.ARM.Collect$$libinit$$0000000A)
    __rt_lib_init_lc_common                  0x08000163   Thumb Code     0  libinit2.o(.ARM.Collect$$libinit$$0000000F)
    __rt_lib_init_preinit_1                  0x08000163   Thumb Code     0  libinit2.o(.ARM.Collect$$libinit$$00000004)
    __rt_lib_init_rand_1                     0x08000163   Thumb Code     0  libinit2.o(.ARM.Collect$$libinit$$0000000E)
    __rt_lib_init_user_alloc_1               0x08000163   Thumb Code     0  libinit2.o(.ARM.Collect$$libinit$$0000000C)
    __rt_lib_init_lc_collate_1               0x08000169   Thumb Code     0  libinit2.o(.ARM.Collect$$libinit$$00000011)
    __rt_lib_init_lc_ctype_2                 0x08000169   Thumb Code     0  libinit2.o(.ARM.Collect$$libinit$$00000012)
    __rt_lib_init_alloca_1                   0x08000175   Thumb Code     0  libinit2.o(.ARM.Collect$$libinit$$0000002E)
    __rt_lib_init_argv_1                     0x08000175   Thumb Code     0  libinit2.o(.ARM.Collect$$libinit$$0000002C)
    __rt_lib_init_atexit_1                   0x08000175   Thumb Code     0  libinit2.o(.ARM.Collect$$libinit$$0000001B)
    __rt_lib_init_clock_1                    0x08000175   Thumb Code     0  libinit2.o(.ARM.Collect$$libinit$$00000021)
    __rt_lib_init_cpp_1                      0x08000175   Thumb Code     0  libinit2.o(.ARM.Collect$$libinit$$00000032)
    __rt_lib_init_exceptions_1               0x08000175   Thumb Code     0  libinit2.o(.ARM.Collect$$libinit$$00000030)
    __rt_lib_init_fp_trap_1                  0x08000175   Thumb Code     0  libinit2.o(.ARM.Collect$$libinit$$0000001F)
    __rt_lib_init_getenv_1                   0x08000175   Thumb Code     0  libinit2.o(.ARM.Collect$$libinit$$00000023)
    __rt_lib_init_lc_ctype_1                 0x08000175   Thumb Code     0  libinit2.o(.ARM.Collect$$libinit$$00000013)
    __rt_lib_init_lc_monetary_1              0x08000175   Thumb Code     0  libinit2.o(.ARM.Collect$$libinit$$00000015)
    __rt_lib_init_lc_numeric_1               0x08000175   Thumb Code     0  libinit2.o(.ARM.Collect$$libinit$$00000017)
    __rt_lib_init_lc_time_1                  0x08000175   Thumb Code     0  libinit2.o(.ARM.Collect$$libinit$$00000019)
    __rt_lib_init_return                     0x08000175   Thumb Code     0  libinit2.o(.ARM.Collect$$libinit$$00000033)
    __rt_lib_init_signal_1                   0x08000175   Thumb Code     0  libinit2.o(.ARM.Collect$$libinit$$0000001D)
    __rt_lib_init_stdio_1                    0x08000175   Thumb Code     0  libinit2.o(.ARM.Collect$$libinit$$00000025)
    __rt_lib_shutdown                        0x08000177   Thumb Code     0  libshutdown.o(.ARM.Collect$$libshutdown$$00000000)
    __rt_lib_shutdown_cpp_1                  0x08000179   Thumb Code     0  libshutdown2.o(.ARM.Collect$$libshutdown$$00000004)
    __rt_lib_shutdown_fini_1                 0x08000179   Thumb Code     0  libshutdown2.o(.ARM.Collect$$libshutdown$$00000002)
    __rt_lib_shutdown_fp_trap_1              0x08000179   Thumb Code     0  libshutdown2.o(.ARM.Collect$$libshutdown$$00000009)
    __rt_lib_shutdown_heap_1                 0x08000179   Thumb Code     0  libshutdown2.o(.ARM.Collect$$libshutdown$$00000011)
    __rt_lib_shutdown_return                 0x08000179   Thumb Code     0  libshutdown2.o(.ARM.Collect$$libshutdown$$00000012)
    __rt_lib_shutdown_signal_1               0x08000179   Thumb Code     0  libshutdown2.o(.ARM.Collect$$libshutdown$$0000000C)
    __rt_lib_shutdown_stdio_1                0x08000179   Thumb Code     0  libshutdown2.o(.ARM.Collect$$libshutdown$$00000006)
    __rt_lib_shutdown_user_alloc_1           0x08000179   Thumb Code     0  libshutdown2.o(.ARM.Collect$$libshutdown$$0000000E)
    __rt_entry                               0x0800017b   Thumb Code     0  __rtentry.o(.ARM.Collect$$rtentry$$00000000)
    __rt_entry_presh_1                       0x0800017b   Thumb Code     0  __rtentry2.o(.ARM.Collect$$rtentry$$00000002)
    __rt_entry_sh                            0x0800017b   Thumb Code     0  __rtentry4.o(.ARM.Collect$$rtentry$$00000004)
    __rt_entry_li                            0x08000181   Thumb Code     0  __rtentry2.o(.ARM.Collect$$rtentry$$0000000A)
    __rt_entry_postsh_1                      0x08000181   Thumb Code     0  __rtentry2.o(.ARM.Collect$$rtentry$$00000009)
    __rt_entry_main                          0x08000185   Thumb Code     0  __rtentry2.o(.ARM.Collect$$rtentry$$0000000D)
    __rt_entry_postli_1                      0x08000185   Thumb Code     0  __rtentry2.o(.ARM.Collect$$rtentry$$0000000C)
    __rt_exit                                0x0800018d   Thumb Code     0  rtexit.o(.ARM.Collect$$rtexit$$00000000)
    __rt_exit_ls                             0x0800018f   Thumb Code     0  rtexit2.o(.ARM.Collect$$rtexit$$00000003)
    __rt_exit_prels_1                        0x0800018f   Thumb Code     0  rtexit2.o(.ARM.Collect$$rtexit$$00000002)
    __rt_exit_exit                           0x08000193   Thumb Code     0  rtexit2.o(.ARM.Collect$$rtexit$$00000004)
    Reset_Handler                            0x08000199   Thumb Code     8  startup_stm32f103xb.o(.text)
    ADC1_2_IRQHandler                        0x080001b3   Thumb Code     0  startup_stm32f103xb.o(.text)
    CAN1_RX1_IRQHandler                      0x080001b3   Thumb Code     0  startup_stm32f103xb.o(.text)
    CAN1_SCE_IRQHandler                      0x080001b3   Thumb Code     0  startup_stm32f103xb.o(.text)
    DMA1_Channel1_IRQHandler                 0x080001b3   Thumb Code     0  startup_stm32f103xb.o(.text)
    DMA1_Channel2_IRQHandler                 0x080001b3   Thumb Code     0  startup_stm32f103xb.o(.text)
    DMA1_Channel3_IRQHandler                 0x080001b3   Thumb Code     0  startup_stm32f103xb.o(.text)
    DMA1_Channel4_IRQHandler                 0x080001b3   Thumb Code     0  startup_stm32f103xb.o(.text)
    DMA1_Channel5_IRQHandler                 0x080001b3   Thumb Code     0  startup_stm32f103xb.o(.text)
    DMA1_Channel6_IRQHandler                 0x080001b3   Thumb Code     0  startup_stm32f103xb.o(.text)
    DMA1_Channel7_IRQHandler                 0x080001b3   Thumb Code     0  startup_stm32f103xb.o(.text)
    EXTI0_IRQHandler                         0x080001b3   Thumb Code     0  startup_stm32f103xb.o(.text)
    EXTI15_10_IRQHandler                     0x080001b3   Thumb Code     0  startup_stm32f103xb.o(.text)
    EXTI1_IRQHandler                         0x080001b3   Thumb Code     0  startup_stm32f103xb.o(.text)
    EXTI2_IRQHandler                         0x080001b3   Thumb Code     0  startup_stm32f103xb.o(.text)
    EXTI3_IRQHandler                         0x080001b3   Thumb Code     0  startup_stm32f103xb.o(.text)
    EXTI4_IRQHandler                         0x080001b3   Thumb Code     0  startup_stm32f103xb.o(.text)
    EXTI9_5_IRQHandler                       0x080001b3   Thumb Code     0  startup_stm32f103xb.o(.text)
    FLASH_IRQHandler                         0x080001b3   Thumb Code     0  startup_stm32f103xb.o(.text)
    I2C2_ER_IRQHandler                       0x080001b3   Thumb Code     0  startup_stm32f103xb.o(.text)
    I2C2_EV_IRQHandler                       0x080001b3   Thumb Code     0  startup_stm32f103xb.o(.text)
    PVD_IRQHandler                           0x080001b3   Thumb Code     0  startup_stm32f103xb.o(.text)
    RCC_IRQHandler                           0x080001b3   Thumb Code     0  startup_stm32f103xb.o(.text)
    RTC_Alarm_IRQHandler                     0x080001b3   Thumb Code     0  startup_stm32f103xb.o(.text)
    SPI2_IRQHandler                          0x080001b3   Thumb Code     0  startup_stm32f103xb.o(.text)
    TAMPER_IRQHandler                        0x080001b3   Thumb Code     0  startup_stm32f103xb.o(.text)
    TIM1_BRK_IRQHandler                      0x080001b3   Thumb Code     0  startup_stm32f103xb.o(.text)
    TIM1_CC_IRQHandler                       0x080001b3   Thumb Code     0  startup_stm32f103xb.o(.text)
    TIM1_TRG_COM_IRQHandler                  0x080001b3   Thumb Code     0  startup_stm32f103xb.o(.text)
    TIM1_UP_IRQHandler                       0x080001b3   Thumb Code     0  startup_stm32f103xb.o(.text)
    TIM2_IRQHandler                          0x080001b3   Thumb Code     0  startup_stm32f103xb.o(.text)
    TIM3_IRQHandler                          0x080001b3   Thumb Code     0  startup_stm32f103xb.o(.text)
    USART2_IRQHandler                        0x080001b3   Thumb Code     0  startup_stm32f103xb.o(.text)
    USART3_IRQHandler                        0x080001b3   Thumb Code     0  startup_stm32f103xb.o(.text)
    USBWakeUp_IRQHandler                     0x080001b3   Thumb Code     0  startup_stm32f103xb.o(.text)
    USB_HP_CAN1_TX_IRQHandler                0x080001b3   Thumb Code     0  startup_stm32f103xb.o(.text)
    USB_LP_CAN1_RX0_IRQHandler               0x080001b3   Thumb Code     0  startup_stm32f103xb.o(.text)
    WWDG_IRQHandler                          0x080001b3   Thumb Code     0  startup_stm32f103xb.o(.text)
    __user_initial_stackheap                 0x080001b5   Thumb Code     0  startup_stm32f103xb.o(.text)
    atoi                                     0x080001d9   Thumb Code    26  atoi.o(.text)
    memcmp                                   0x080001f3   Thumb Code    88  memcmp.o(.text)
    strlen                                   0x0800024b   Thumb Code    62  strlen.o(.text)
    __aeabi_memcpy                           0x08000289   Thumb Code     0  rt_memcpy_v6.o(.text)
    __rt_memcpy                              0x08000289   Thumb Code   138  rt_memcpy_v6.o(.text)
    _memcpy_lastbytes                        0x080002ef   Thumb Code     0  rt_memcpy_v6.o(.text)
    __aeabi_memmove                          0x08000313   Thumb Code     0  rt_memmove_v6.o(.text)
    __rt_memmove                             0x08000313   Thumb Code   132  rt_memmove_v6.o(.text)
    __memmove_lastfew                        0x08000373   Thumb Code     0  rt_memmove_v6.o(.text)
    __aeabi_memcpy4                          0x08000397   Thumb Code     0  rt_memcpy_w.o(.text)
    __aeabi_memcpy8                          0x08000397   Thumb Code     0  rt_memcpy_w.o(.text)
    __rt_memcpy_w                            0x08000397   Thumb Code   100  rt_memcpy_w.o(.text)
    _memcpy_lastbytes_aligned                0x080003df   Thumb Code     0  rt_memcpy_w.o(.text)
    __aeabi_memclr                           0x080003fb   Thumb Code     0  rt_memclr.o(.text)
    __rt_memclr                              0x080003fb   Thumb Code    68  rt_memclr.o(.text)
    _memset                                  0x080003ff   Thumb Code     0  rt_memclr.o(.text)
    __aeabi_memclr4                          0x0800043f   Thumb Code     0  rt_memclr_w.o(.text)
    __aeabi_memclr8                          0x0800043f   Thumb Code     0  rt_memclr_w.o(.text)
    __rt_memclr_w                            0x0800043f   Thumb Code    78  rt_memclr_w.o(.text)
    _memset_w                                0x08000443   Thumb Code     0  rt_memclr_w.o(.text)
    __use_two_region_memory                  0x0800048d   Thumb Code     2  heapauxi.o(.text)
    __rt_heap_escrow$2region                 0x0800048f   Thumb Code     2  heapauxi.o(.text)
    __rt_heap_expand$2region                 0x08000491   Thumb Code     2  heapauxi.o(.text)
    __aeabi_errno_addr                       0x08000495   Thumb Code     8  rt_errno_addr_intlibspace.o(.text)
    __errno$intlibspace                      0x08000495   Thumb Code     0  rt_errno_addr_intlibspace.o(.text)
    __rt_errno_addr$intlibspace              0x08000495   Thumb Code     0  rt_errno_addr_intlibspace.o(.text)
    strtol                                   0x0800049d   Thumb Code   112  strtol.o(.text)
    __aeabi_memmove4                         0x0800050d   Thumb Code     0  rt_memmove_w.o(.text)
    __aeabi_memmove8                         0x0800050d   Thumb Code     0  rt_memmove_w.o(.text)
    __rt_memmove_w                           0x0800050d   Thumb Code   122  rt_memmove_w.o(.text)
    __memmove_aligned                        0x08000533   Thumb Code     0  rt_memmove_w.o(.text)
    __memmove_lastfew_aligned                0x0800056b   Thumb Code     0  rt_memmove_w.o(.text)
    __user_libspace                          0x08000589   Thumb Code     8  libspace.o(.text)
    __user_perproc_libspace                  0x08000589   Thumb Code     0  libspace.o(.text)
    __user_perthread_libspace                0x08000589   Thumb Code     0  libspace.o(.text)
    __rt_ctype_table                         0x08000591   Thumb Code    16  rt_ctype_table.o(.text)
    _strtoul                                 0x080005a1   Thumb Code   158  _strtoul.o(.text)
    __user_setup_stackheap                   0x0800063f   Thumb Code    74  sys_stackheap_outer.o(.text)
    __rt_locale                              0x08000689   Thumb Code     8  rt_locale_intlibspace.o(.text)
    _chval                                   0x08000691   Thumb Code    28  _chval.o(.text)
    exit                                     0x080006ad   Thumb Code    18  exit.o(.text)
    strcmp                                   0x080006c1   Thumb Code   128  strcmpv7m.o(.text)
    _sys_exit                                0x08000741   Thumb Code     8  sys_exit.o(.text)
    __I$use$semihosting                      0x0800074d   Thumb Code     0  use_no_semi.o(.text)
    __use_no_semihosting_swi                 0x0800074d   Thumb Code     2  use_no_semi.o(.text)
    Buffer_Append                            0x0800074f   Thumb Code    30  buffer.o(i.Buffer_Append)
    __semihosting_library_function           0x0800074f   Thumb Code     0  indicate_semi.o(.text)
    Buffer_AppendArray                       0x0800076d   Thumb Code    54  buffer.o(i.Buffer_AppendArray)
    Buffer_AppendInteger                     0x080007a5   Thumb Code    80  buffer.o(i.Buffer_AppendInteger)
    Buffer_Clear                             0x080007f9   Thumb Code     8  buffer.o(i.Buffer_Clear)
    Buffer_Find                              0x08000801   Thumb Code    64  buffer.o(i.Buffer_Find)
    Buffer_Init                              0x08000841   Thumb Code    12  buffer.o(i.Buffer_Init)
    Buffer_Shift                             0x0800084d   Thumb Code    52  buffer.o(i.Buffer_Shift)
    BusFault_Handler                         0x08000881   Thumb Code     2  stm32f1xx_it.o(i.BusFault_Handler)
    DebugMon_Handler                         0x08000883   Thumb Code     2  stm32f1xx_it.o(i.DebugMon_Handler)
    Error_Handler                            0x08000885   Thumb Code    10  error_handler.o(i.Error_Handler)
    Flash_Init                               0x08000891   Thumb Code   130  flash.o(i.Flash_Init)
    Flash_Read                               0x08000925   Thumb Code   114  flash.o(i.Flash_Read)
    Flash_Write                              0x080009a1   Thumb Code   100  flash.o(i.Flash_Write)
    HAL_DMA_Abort                            0x08000a05   Thumb Code    70  stm32f1xx_hal_dma.o(i.HAL_DMA_Abort)
    HAL_DMA_Abort_IT                         0x08000a4d   Thumb Code   148  stm32f1xx_hal_dma.o(i.HAL_DMA_Abort_IT)
    HAL_DMA_GetState                         0x08000ae5   Thumb Code     6  stm32f1xx_hal_dma.o(i.HAL_DMA_GetState)
    HAL_Delay                                0x08000aed   Thumb Code    32  stm32f1xx_hal.o(i.HAL_Delay)
    HAL_GPIO_Init                            0x08000b11   Thumb Code   464  stm32f1xx_hal_gpio.o(i.HAL_GPIO_Init)
    HAL_GPIO_WritePin                        0x08000d01   Thumb Code    14  stm32f1xx_hal_gpio.o(i.HAL_GPIO_WritePin)
    HAL_GetTick                              0x08000d11   Thumb Code     6  stm32f1xx_hal.o(i.HAL_GetTick)
    HAL_I2C_AbortCpltCallback                0x08000d1d   Thumb Code     2  stm32f1xx_hal_i2c.o(i.HAL_I2C_AbortCpltCallback)
    HAL_I2C_AddrCallback                     0x08000d1f   Thumb Code     2  stm32f1xx_hal_i2c.o(i.HAL_I2C_AddrCallback)
    HAL_I2C_ER_IRQHandler                    0x08000d21   Thumb Code   196  stm32f1xx_hal_i2c.o(i.HAL_I2C_ER_IRQHandler)
    HAL_I2C_EV_IRQHandler                    0x08000de5   Thumb Code   412  stm32f1xx_hal_i2c.o(i.HAL_I2C_EV_IRQHandler)
    HAL_I2C_ErrorCallback                    0x08000f81   Thumb Code     2  stm32f1xx_hal_i2c.o(i.HAL_I2C_ErrorCallback)
    HAL_I2C_Init                             0x08000f85   Thumb Code   392  stm32f1xx_hal_i2c.o(i.HAL_I2C_Init)
    HAL_I2C_ListenCpltCallback               0x0800111d   Thumb Code     2  stm32f1xx_hal_i2c.o(i.HAL_I2C_ListenCpltCallback)
    HAL_I2C_MasterRxCpltCallback             0x0800111f   Thumb Code     2  stm32f1xx_hal_i2c.o(i.HAL_I2C_MasterRxCpltCallback)
    HAL_I2C_MasterTxCpltCallback             0x08001121   Thumb Code     2  stm32f1xx_hal_i2c.o(i.HAL_I2C_MasterTxCpltCallback)
    HAL_I2C_MemRxCpltCallback                0x08001123   Thumb Code     2  stm32f1xx_hal_i2c.o(i.HAL_I2C_MemRxCpltCallback)
    HAL_I2C_MemTxCpltCallback                0x08001125   Thumb Code     2  stm32f1xx_hal_i2c.o(i.HAL_I2C_MemTxCpltCallback)
    HAL_I2C_MspInit                          0x08001129   Thumb Code   112  stm32f1xx_hal_msp.o(i.HAL_I2C_MspInit)
    HAL_I2C_SlaveRxCpltCallback              0x080011a5   Thumb Code     2  stm32f1xx_hal_i2c.o(i.HAL_I2C_SlaveRxCpltCallback)
    HAL_I2C_SlaveTxCpltCallback              0x080011a7   Thumb Code     2  stm32f1xx_hal_i2c.o(i.HAL_I2C_SlaveTxCpltCallback)
    HAL_IncTick                              0x080011a9   Thumb Code    12  stm32f1xx_hal.o(i.HAL_IncTick)
    HAL_Init                                 0x080011b9   Thumb Code    32  stm32f1xx_hal.o(i.HAL_Init)
    HAL_InitTick                             0x080011dd   Thumb Code    58  stm32f1xx_hal.o(i.HAL_InitTick)
    HAL_MspInit                              0x08001221   Thumb Code    52  stm32f1xx_hal_msp.o(i.HAL_MspInit)
    HAL_NVIC_EnableIRQ                       0x0800125d   Thumb Code    26  stm32f1xx_hal_cortex.o(i.HAL_NVIC_EnableIRQ)
    HAL_NVIC_SetPriority                     0x08001279   Thumb Code    60  stm32f1xx_hal_cortex.o(i.HAL_NVIC_SetPriority)
    HAL_NVIC_SetPriorityGrouping             0x080012b9   Thumb Code    26  stm32f1xx_hal_cortex.o(i.HAL_NVIC_SetPriorityGrouping)
    HAL_PWR_EnableBkUpAccess                 0x080012dd   Thumb Code     8  stm32f1xx_hal_pwr.o(i.HAL_PWR_EnableBkUpAccess)
    HAL_RCCEx_GetPeriphCLKFreq               0x080012e9   Thumb Code   152  stm32f1xx_hal_rcc_ex.o(i.HAL_RCCEx_GetPeriphCLKFreq)
    HAL_RCCEx_PeriphCLKConfig                0x08001391   Thumb Code   256  stm32f1xx_hal_rcc_ex.o(i.HAL_RCCEx_PeriphCLKConfig)
    HAL_RCC_ClockConfig                      0x0800149d   Thumb Code   318  stm32f1xx_hal_rcc.o(i.HAL_RCC_ClockConfig)
    HAL_RCC_GetHCLKFreq                      0x080015f1   Thumb Code     6  stm32f1xx_hal_rcc.o(i.HAL_RCC_GetHCLKFreq)
    HAL_RCC_GetPCLK1Freq                     0x080015fd   Thumb Code    22  stm32f1xx_hal_rcc.o(i.HAL_RCC_GetPCLK1Freq)
    HAL_RCC_GetPCLK2Freq                     0x0800161d   Thumb Code    22  stm32f1xx_hal_rcc.o(i.HAL_RCC_GetPCLK2Freq)
    HAL_RCC_GetSysClockFreq                  0x0800163d   Thumb Code    58  stm32f1xx_hal_rcc.o(i.HAL_RCC_GetSysClockFreq)
    HAL_RCC_OscConfig                        0x08001689   Thumb Code   882  stm32f1xx_hal_rcc.o(i.HAL_RCC_OscConfig)
    HAL_RTCEx_RTCEventCallback               0x08001a0d   Thumb Code     2  stm32f1xx_hal_rtc_ex.o(i.HAL_RTCEx_RTCEventCallback)
    HAL_RTCEx_RTCEventErrorCallback          0x08001a0f   Thumb Code     2  stm32f1xx_hal_rtc_ex.o(i.HAL_RTCEx_RTCEventErrorCallback)
    HAL_RTCEx_RTCIRQHandler                  0x08001a11   Thumb Code    66  stm32f1xx_hal_rtc_ex.o(i.HAL_RTCEx_RTCIRQHandler)
    HAL_RTC_Init                             0x08001a55   Thumb Code   166  stm32f1xx_hal_rtc.o(i.HAL_RTC_Init)
    HAL_RTC_MspInit                          0x08001b01   Thumb Code    60  stm32f1xx_hal_msp.o(i.HAL_RTC_MspInit)
    HAL_RTC_SetDate                          0x08001b49   Thumb Code   206  stm32f1xx_hal_rtc.o(i.HAL_RTC_SetDate)
    HAL_RTC_SetTime                          0x08001c1d   Thumb Code   180  stm32f1xx_hal_rtc.o(i.HAL_RTC_SetTime)
    HAL_RTC_WaitForSynchro                   0x08001cd5   Thumb Code    60  stm32f1xx_hal_rtc.o(i.HAL_RTC_WaitForSynchro)
    HAL_SPI_ErrorCallback                    0x08001d11   Thumb Code     2  stm32f1xx_hal_spi.o(i.HAL_SPI_ErrorCallback)
    HAL_SPI_IRQHandler                       0x08001d15   Thumb Code   236  stm32f1xx_hal_spi.o(i.HAL_SPI_IRQHandler)
    HAL_SPI_Init                             0x08001e05   Thumb Code   180  stm32f1xx_hal_spi.o(i.HAL_SPI_Init)
    HAL_SPI_MspInit                          0x08001eb9   Thumb Code   114  stm32f1xx_hal_msp.o(i.HAL_SPI_MspInit)
    HAL_SPI_Receive                          0x08001f39   Thumb Code   344  stm32f1xx_hal_spi.o(i.HAL_SPI_Receive)
    HAL_SPI_Transmit                         0x08002091   Thumb Code   404  stm32f1xx_hal_spi.o(i.HAL_SPI_Transmit)
    HAL_SPI_TransmitReceive                  0x08002225   Thumb Code   502  stm32f1xx_hal_spi.o(i.HAL_SPI_TransmitReceive)
    HAL_SYSTICK_Config                       0x0800241b   Thumb Code    40  stm32f1xx_hal_cortex.o(i.HAL_SYSTICK_Config)
    HAL_TIMEx_BreakCallback                  0x08002443   Thumb Code     2  stm32f1xx_hal_tim_ex.o(i.HAL_TIMEx_BreakCallback)
    HAL_TIMEx_CommutCallback                 0x08002445   Thumb Code     2  stm32f1xx_hal_tim_ex.o(i.HAL_TIMEx_CommutCallback)
    HAL_TIMEx_MasterConfigSynchronization    0x08002449   Thumb Code    90  stm32f1xx_hal_tim_ex.o(i.HAL_TIMEx_MasterConfigSynchronization)
    HAL_TIM_Base_Init                        0x080024b1   Thumb Code    74  stm32f1xx_hal_tim.o(i.HAL_TIM_Base_Init)
    HAL_TIM_Base_MspInit                     0x080024fd   Thumb Code    50  stm32f1xx_hal_msp.o(i.HAL_TIM_Base_MspInit)
    HAL_TIM_ConfigClockSource                0x08002539   Thumb Code   232  stm32f1xx_hal_tim.o(i.HAL_TIM_ConfigClockSource)
    HAL_TIM_IC_CaptureCallback               0x08002621   Thumb Code     2  stm32f1xx_hal_tim.o(i.HAL_TIM_IC_CaptureCallback)
    HAL_TIM_IRQHandler                       0x08002623   Thumb Code   366  stm32f1xx_hal_tim.o(i.HAL_TIM_IRQHandler)
    HAL_TIM_OC_DelayElapsedCallback          0x08002791   Thumb Code     2  stm32f1xx_hal_tim.o(i.HAL_TIM_OC_DelayElapsedCallback)
    HAL_TIM_PWM_PulseFinishedCallback        0x08002793   Thumb Code     2  stm32f1xx_hal_tim.o(i.HAL_TIM_PWM_PulseFinishedCallback)
    HAL_TIM_PeriodElapsedCallback            0x08002795   Thumb Code     2  stm32f1xx_hal_tim.o(i.HAL_TIM_PeriodElapsedCallback)
    HAL_TIM_TriggerCallback                  0x08002797   Thumb Code     2  stm32f1xx_hal_tim.o(i.HAL_TIM_TriggerCallback)
    HAL_UARTEx_RxEventCallback               0x08002799   Thumb Code     2  stm32f1xx_hal_uart.o(i.HAL_UARTEx_RxEventCallback)
    HAL_UART_ErrorCallback                   0x0800279b   Thumb Code     2  stm32f1xx_hal_uart.o(i.HAL_UART_ErrorCallback)
    HAL_UART_IRQHandler                      0x0800279d   Thumb Code   554  stm32f1xx_hal_uart.o(i.HAL_UART_IRQHandler)
    HAL_UART_Init                            0x080029cd   Thumb Code   102  stm32f1xx_hal_uart.o(i.HAL_UART_Init)
    HAL_UART_MspInit                         0x08002a35   Thumb Code   116  stm32f1xx_hal_msp.o(i.HAL_UART_MspInit)
    HAL_UART_Receive_IT                      0x08002ab5   Thumb Code    28  stm32f1xx_hal_uart.o(i.HAL_UART_Receive_IT)
    HAL_UART_RxCpltCallback                  0x08002ad1   Thumb Code    32  sim800c.o(i.HAL_UART_RxCpltCallback)
    HAL_UART_Transmit_IT                     0x08002af9   Thumb Code    50  stm32f1xx_hal_uart.o(i.HAL_UART_Transmit_IT)
    HAL_UART_TxCpltCallback                  0x08002b2d   Thumb Code    30  sim800c.o(i.HAL_UART_TxCpltCallback)
    HardFault_Handler                        0x08002b55   Thumb Code     2  stm32f1xx_it.o(i.HardFault_Handler)
    I2C1_ER_IRQHandler                       0x08002b59   Thumb Code     6  stm32f1xx_it.o(i.I2C1_ER_IRQHandler)
    I2C1_EV_IRQHandler                       0x08002b65   Thumb Code     6  stm32f1xx_it.o(i.I2C1_EV_IRQHandler)
    Led_Init                                 0x08003731   Thumb Code    66  led.o(i.Led_Init)
    Led_SetMode                              0x0800377d   Thumb Code    48  led.o(i.Led_SetMode)
    Led_SetState                             0x080037b1   Thumb Code    14  led.o(i.Led_SetState)
    MemManage_Handler                        0x08003a39   Thumb Code     2  stm32f1xx_it.o(i.MemManage_Handler)
    NMI_Handler                              0x08003a3b   Thumb Code     2  stm32f1xx_it.o(i.NMI_Handler)
    PendSV_Handler                           0x08003a3d   Thumb Code     2  stm32f1xx_it.o(i.PendSV_Handler)
    RTC_IRQHandler                           0x08003ae1   Thumb Code     6  stm32f1xx_it.o(i.RTC_IRQHandler)
    SPI1_IRQHandler                          0x08003bdd   Thumb Code     6  stm32f1xx_it.o(i.SPI1_IRQHandler)
    SVC_Handler                              0x08003d49   Thumb Code     2  stm32f1xx_it.o(i.SVC_Handler)
    Sim800C_ClearMessages                    0x08003d4d   Thumb Code    80  sim800c.o(i.Sim800C_ClearMessages)
    Sim800C_GetImei                          0x08003db1   Thumb Code    28  sim800c.o(i.Sim800C_GetImei)
    Sim800C_GetSms                           0x08003dd5   Thumb Code    50  sim800c.o(i.Sim800C_GetSms)
    Sim800C_Init                             0x08003e0d   Thumb Code   162  sim800c.o(i.Sim800C_Init)
    Sim800C_IsBusy                           0x08003ec9   Thumb Code    12  sim800c.o(i.Sim800C_IsBusy)
    Sim800C_MainHandler                      0x08003ed9   Thumb Code  1454  sim800c.o(i.Sim800C_MainHandler)
    Sim800C_Power                            0x08004489   Thumb Code    70  sim800c.o(i.Sim800C_Power)
    Sim800C_RequestImei                      0x080044d9   Thumb Code    78  sim800c.o(i.Sim800C_RequestImei)
    Sim800C_Reset                            0x08004539   Thumb Code    28  sim800c.o(i.Sim800C_Reset)
    SysTick_Handler                          0x08004559   Thumb Code     4  stm32f1xx_it.o(i.SysTick_Handler)
    SystemClock_Config                       0x0800455d   Thumb Code   128  main.o(i.SystemClock_Config)
    SystemInit                               0x080045dd   Thumb Code     2  system_stm32f1xx.o(i.SystemInit)
    TIM4_IRQHandler                          0x080045e1   Thumb Code     6  stm32f1xx_it.o(i.TIM4_IRQHandler)
    TIM_Base_SetConfig                       0x080045ed   Thumb Code    94  stm32f1xx_hal_tim.o(i.TIM_Base_SetConfig)
    TIM_ETR_SetConfig                        0x08004659   Thumb Code    20  stm32f1xx_hal_tim.o(i.TIM_ETR_SetConfig)
    UART_Start_Receive_IT                    0x080048bd   Thumb Code    56  stm32f1xx_hal_uart.o(i.UART_Start_Receive_IT)
    USART1_IRQHandler                        0x08004955   Thumb Code     6  stm32f1xx_it.o(i.USART1_IRQHandler)
    UsageFault_Handler                       0x08004961   Thumb Code     2  stm32f1xx_it.o(i.UsageFault_Handler)
    main                                     0x08004a51   Thumb Code   178  main.o(i.main)
    _get_lc_ctype                            0x08004fdd   Thumb Code    44  lc_ctype_c.o(locale$$code)
    AHBPrescTable                            0x08005050   Data          16  system_stm32f1xx.o(.constdata)
    APBPrescTable                            0x08005060   Data           8  system_stm32f1xx.o(.constdata)
    Region$$Table$$Base                      0x08005068   Number         0  anon$$obj.o(Region$$Table)
    Region$$Table$$Limit                     0x08005088   Number         0  anon$$obj.o(Region$$Table)
    __ctype                                  0x08005095   Data           0  lc_ctype_c.o(locale$$data)
    config                                   0x20000002   Data          22  main.o(.data)
    context                                  0x2000001a   Data           4  led.o(.data)
    uwTickFreq                               0x20000024   Data           1  stm32f1xx_hal.o(.data)
    uwTickPrio                               0x20000028   Data           4  stm32f1xx_hal.o(.data)
    uwTick                                   0x2000002c   Data           4  stm32f1xx_hal.o(.data)
    SystemCoreClock                          0x20000030   Data           4  system_stm32f1xx.o(.data)
    hi2c1                                    0x20000034   Data          84  main.o(.bss)
    hrtc                                     0x20000088   Data          20  main.o(.bss)
    hspi1                                    0x2000009c   Data          88  main.o(.bss)
    htim4                                    0x200000f4   Data          72  main.o(.bss)
    huart1                                   0x2000013c   Data          72  main.o(.bss)
    recvBufferData                           0x20000184   Data        1024  sim800c.o(.bss)
    sendBufferData                           0x20000584   Data        1024  sim800c.o(.bss)
    __libspace_start                         0x20001ad8   Data          96  libspace.o(.bss)
    __temporary_stack_top$libspace           0x20001b38   Data           0  libspace.o(.bss)



==============================================================================

Memory Map of the image

  Image Entry point : 0x080000ed

  Load Region LR_IROM1 (Base: 0x08000000, Size: 0x000051cc, Max: 0x00010000, ABSOLUTE)

    Execution Region ER_IROM1 (Exec base: 0x08000000, Load base: 0x08000000, Size: 0x00005198, Max: 0x00010000, ABSOLUTE)

    Exec Addr    Load Addr    Size         Type   Attr      Idx    E Section Name        Object

    0x08000000   0x08000000   0x000000ec   Data   RO            3    RESET               startup_stm32f103xb.o
    0x080000ec   0x080000ec   0x00000008   Code   RO         4330  * !!!main             c_w.l(__main.o)
    0x080000f4   0x080000f4   0x00000034   Code   RO         4514    !!!scatter          c_w.l(__scatter.o)
    0x08000128   0x08000128   0x0000001a   Code   RO         4516    !!handler_copy      c_w.l(__scatter_copy.o)
    0x08000142   0x08000142   0x00000002   PAD
    0x08000144   0x08000144   0x0000001c   Code   RO         4518    !!handler_zi        c_w.l(__scatter_zi.o)
    0x08000160   0x08000160   0x00000002   Code   RO         4383    .ARM.Collect$$libinit$$00000000  c_w.l(libinit.o)
    0x08000162   0x08000162   0x00000000   Code   RO         4389    .ARM.Collect$$libinit$$00000002  c_w.l(libinit2.o)
    0x08000162   0x08000162   0x00000000   Code   RO         4391    .ARM.Collect$$libinit$$00000004  c_w.l(libinit2.o)
    0x08000162   0x08000162   0x00000000   Code   RO         4394    .ARM.Collect$$libinit$$0000000A  c_w.l(libinit2.o)
    0x08000162   0x08000162   0x00000000   Code   RO         4396    .ARM.Collect$$libinit$$0000000C  c_w.l(libinit2.o)
    0x08000162   0x08000162   0x00000000   Code   RO         4398    .ARM.Collect$$libinit$$0000000E  c_w.l(libinit2.o)
    0x08000162   0x08000162   0x00000006   Code   RO         4399    .ARM.Collect$$libinit$$0000000F  c_w.l(libinit2.o)
    0x08000168   0x08000168   0x00000000   Code   RO         4401    .ARM.Collect$$libinit$$00000011  c_w.l(libinit2.o)
    0x08000168   0x08000168   0x0000000c   Code   RO         4402    .ARM.Collect$$libinit$$00000012  c_w.l(libinit2.o)
    0x08000174   0x08000174   0x00000000   Code   RO         4403    .ARM.Collect$$libinit$$00000013  c_w.l(libinit2.o)
    0x08000174   0x08000174   0x00000000   Code   RO         4405    .ARM.Collect$$libinit$$00000015  c_w.l(libinit2.o)
    0x08000174   0x08000174   0x00000000   Code   RO         4407    .ARM.Collect$$libinit$$00000017  c_w.l(libinit2.o)
    0x08000174   0x08000174   0x00000000   Code   RO         4409    .ARM.Collect$$libinit$$00000019  c_w.l(libinit2.o)
    0x08000174   0x08000174   0x00000000   Code   RO         4411    .ARM.Collect$$libinit$$0000001B  c_w.l(libinit2.o)
    0x08000174   0x08000174   0x00000000   Code   RO         4413    .ARM.Collect$$libinit$$0000001D  c_w.l(libinit2.o)
    0x08000174   0x08000174   0x00000000   Code   RO         4415    .ARM.Collect$$libinit$$0000001F  c_w.l(libinit2.o)
    0x08000174   0x08000174   0x00000000   Code   RO         4417    .ARM.Collect$$libinit$$00000021  c_w.l(libinit2.o)
    0x08000174   0x08000174   0x00000000   Code   RO         4419    .ARM.Collect$$libinit$$00000023  c_w.l(libinit2.o)
    0x08000174   0x08000174   0x00000000   Code   RO         4421    .ARM.Collect$$libinit$$00000025  c_w.l(libinit2.o)
    0x08000174   0x08000174   0x00000000   Code   RO         4425    .ARM.Collect$$libinit$$0000002C  c_w.l(libinit2.o)
    0x08000174   0x08000174   0x00000000   Code   RO         4427    .ARM.Collect$$libinit$$0000002E  c_w.l(libinit2.o)
    0x08000174   0x08000174   0x00000000   Code   RO         4429    .ARM.Collect$$libinit$$00000030  c_w.l(libinit2.o)
    0x08000174   0x08000174   0x00000000   Code   RO         4431    .ARM.Collect$$libinit$$00000032  c_w.l(libinit2.o)
    0x08000174   0x08000174   0x00000002   Code   RO         4432    .ARM.Collect$$libinit$$00000033  c_w.l(libinit2.o)
    0x08000176   0x08000176   0x00000002   Code   RO         4452    .ARM.Collect$$libshutdown$$00000000  c_w.l(libshutdown.o)
    0x08000178   0x08000178   0x00000000   Code   RO         4465    .ARM.Collect$$libshutdown$$00000002  c_w.l(libshutdown2.o)
    0x08000178   0x08000178   0x00000000   Code   RO         4467    .ARM.Collect$$libshutdown$$00000004  c_w.l(libshutdown2.o)
    0x08000178   0x08000178   0x00000000   Code   RO         4469    .ARM.Collect$$libshutdown$$00000006  c_w.l(libshutdown2.o)
    0x08000178   0x08000178   0x00000000   Code   RO         4472    .ARM.Collect$$libshutdown$$00000009  c_w.l(libshutdown2.o)
    0x08000178   0x08000178   0x00000000   Code   RO         4475    .ARM.Collect$$libshutdown$$0000000C  c_w.l(libshutdown2.o)
    0x08000178   0x08000178   0x00000000   Code   RO         4477    .ARM.Collect$$libshutdown$$0000000E  c_w.l(libshutdown2.o)
    0x08000178   0x08000178   0x00000000   Code   RO         4480    .ARM.Collect$$libshutdown$$00000011  c_w.l(libshutdown2.o)
    0x08000178   0x08000178   0x00000002   Code   RO         4481    .ARM.Collect$$libshutdown$$00000012  c_w.l(libshutdown2.o)
    0x0800017a   0x0800017a   0x00000000   Code   RO         4332    .ARM.Collect$$rtentry$$00000000  c_w.l(__rtentry.o)
    0x0800017a   0x0800017a   0x00000000   Code   RO         4346    .ARM.Collect$$rtentry$$00000002  c_w.l(__rtentry2.o)
    0x0800017a   0x0800017a   0x00000006   Code   RO         4358    .ARM.Collect$$rtentry$$00000004  c_w.l(__rtentry4.o)
    0x08000180   0x08000180   0x00000000   Code   RO         4348    .ARM.Collect$$rtentry$$00000009  c_w.l(__rtentry2.o)
    0x08000180   0x08000180   0x00000004   Code   RO         4349    .ARM.Collect$$rtentry$$0000000A  c_w.l(__rtentry2.o)
    0x08000184   0x08000184   0x00000000   Code   RO         4351    .ARM.Collect$$rtentry$$0000000C  c_w.l(__rtentry2.o)
    0x08000184   0x08000184   0x00000008   Code   RO         4352    .ARM.Collect$$rtentry$$0000000D  c_w.l(__rtentry2.o)
    0x0800018c   0x0800018c   0x00000002   Code   RO         4384    .ARM.Collect$$rtexit$$00000000  c_w.l(rtexit.o)
    0x0800018e   0x0800018e   0x00000000   Code   RO         4434    .ARM.Collect$$rtexit$$00000002  c_w.l(rtexit2.o)
    0x0800018e   0x0800018e   0x00000004   Code   RO         4435    .ARM.Collect$$rtexit$$00000003  c_w.l(rtexit2.o)
    0x08000192   0x08000192   0x00000006   Code   RO         4436    .ARM.Collect$$rtexit$$00000004  c_w.l(rtexit2.o)
    0x08000198   0x08000198   0x00000040   Code   RO            4    .text               startup_stm32f103xb.o
    0x080001d8   0x080001d8   0x0000001a   Code   RO         4310    .text               c_w.l(atoi.o)
    0x080001f2   0x080001f2   0x00000058   Code   RO         4312    .text               c_w.l(memcmp.o)
    0x0800024a   0x0800024a   0x0000003e   Code   RO         4316    .text               c_w.l(strlen.o)
    0x08000288   0x08000288   0x0000008a   Code   RO         4318    .text               c_w.l(rt_memcpy_v6.o)
    0x08000312   0x08000312   0x00000084   Code   RO         4320    .text               c_w.l(rt_memmove_v6.o)
    0x08000396   0x08000396   0x00000064   Code   RO         4322    .text               c_w.l(rt_memcpy_w.o)
    0x080003fa   0x080003fa   0x00000044   Code   RO         4324    .text               c_w.l(rt_memclr.o)
    0x0800043e   0x0800043e   0x0000004e   Code   RO         4326    .text               c_w.l(rt_memclr_w.o)
    0x0800048c   0x0800048c   0x00000006   Code   RO         4328    .text               c_w.l(heapauxi.o)
    0x08000492   0x08000492   0x00000002   PAD
    0x08000494   0x08000494   0x00000008   Code   RO         4336    .text               c_w.l(rt_errno_addr_intlibspace.o)
    0x0800049c   0x0800049c   0x00000070   Code   RO         4338    .text               c_w.l(strtol.o)
    0x0800050c   0x0800050c   0x0000007a   Code   RO         4340    .text               c_w.l(rt_memmove_w.o)
    0x08000586   0x08000586   0x00000002   PAD
    0x08000588   0x08000588   0x00000008   Code   RO         4342    .text               c_w.l(libspace.o)
    0x08000590   0x08000590   0x00000010   Code   RO         4360    .text               c_w.l(rt_ctype_table.o)
    0x080005a0   0x080005a0   0x0000009e   Code   RO         4362    .text               c_w.l(_strtoul.o)
    0x0800063e   0x0800063e   0x0000004a   Code   RO         4364    .text               c_w.l(sys_stackheap_outer.o)
    0x08000688   0x08000688   0x00000008   Code   RO         4369    .text               c_w.l(rt_locale_intlibspace.o)
    0x08000690   0x08000690   0x0000001c   Code   RO         4371    .text               c_w.l(_chval.o)
    0x080006ac   0x080006ac   0x00000012   Code   RO         4376    .text               c_w.l(exit.o)
    0x080006be   0x080006be   0x00000002   PAD
    0x080006c0   0x080006c0   0x00000080   Code   RO         4386    .text               c_w.l(strcmpv7m.o)
    0x08000740   0x08000740   0x0000000c   Code   RO         4444    .text               c_w.l(sys_exit.o)
    0x0800074c   0x0800074c   0x00000002   Code   RO         4455    .text               c_w.l(use_no_semi.o)
    0x0800074e   0x0800074e   0x00000000   Code   RO         4457    .text               c_w.l(indicate_semi.o)
    0x0800074e   0x0800074e   0x0000001e   Code   RO          677    i.Buffer_Append     buffer.o
    0x0800076c   0x0800076c   0x00000036   Code   RO          678    i.Buffer_AppendArray  buffer.o
    0x080007a2   0x080007a2   0x00000002   PAD
    0x080007a4   0x080007a4   0x00000054   Code   RO          679    i.Buffer_AppendInteger  buffer.o
    0x080007f8   0x080007f8   0x00000008   Code   RO          718    i.Buffer_Clear      buffer.o
    0x08000800   0x08000800   0x00000040   Code   RO          680    i.Buffer_Find       buffer.o
    0x08000840   0x08000840   0x0000000c   Code   RO          681    i.Buffer_Init       buffer.o
    0x0800084c   0x0800084c   0x00000034   Code   RO          682    i.Buffer_Shift      buffer.o
    0x08000880   0x08000880   0x00000002   Code   RO          213    i.BusFault_Handler  stm32f1xx_it.o
    0x08000882   0x08000882   0x00000002   Code   RO          214    i.DebugMon_Handler  stm32f1xx_it.o
    0x08000884   0x08000884   0x0000000a   Code   RO          656    i.Error_Handler     error_handler.o
    0x0800088e   0x0800088e   0x00000002   PAD
    0x08000890   0x08000890   0x00000094   Code   RO          732    i.Flash_Init        flash.o
    0x08000924   0x08000924   0x0000007c   Code   RO          733    i.Flash_Read        flash.o
    0x080009a0   0x080009a0   0x00000064   Code   RO          734    i.Flash_Write       flash.o
    0x08000a04   0x08000a04   0x00000046   Code   RO         1698    i.HAL_DMA_Abort     stm32f1xx_hal_dma.o
    0x08000a4a   0x08000a4a   0x00000002   PAD
    0x08000a4c   0x08000a4c   0x00000098   Code   RO         1699    i.HAL_DMA_Abort_IT  stm32f1xx_hal_dma.o
    0x08000ae4   0x08000ae4   0x00000006   Code   RO         1702    i.HAL_DMA_GetState  stm32f1xx_hal_dma.o
    0x08000aea   0x08000aea   0x00000002   PAD
    0x08000aec   0x08000aec   0x00000024   Code   RO         1319    i.HAL_Delay         stm32f1xx_hal.o
    0x08000b10   0x08000b10   0x000001f0   Code   RO         1634    i.HAL_GPIO_Init     stm32f1xx_hal_gpio.o
    0x08000d00   0x08000d00   0x0000000e   Code   RO         1638    i.HAL_GPIO_WritePin  stm32f1xx_hal_gpio.o
    0x08000d0e   0x08000d0e   0x00000002   PAD
    0x08000d10   0x08000d10   0x0000000c   Code   RO         1323    i.HAL_GetTick       stm32f1xx_hal.o
    0x08000d1c   0x08000d1c   0x00000002   Code   RO          835    i.HAL_I2C_AbortCpltCallback  stm32f1xx_hal_i2c.o
    0x08000d1e   0x08000d1e   0x00000002   Code   RO          836    i.HAL_I2C_AddrCallback  stm32f1xx_hal_i2c.o
    0x08000d20   0x08000d20   0x000000c4   Code   RO          839    i.HAL_I2C_ER_IRQHandler  stm32f1xx_hal_i2c.o
    0x08000de4   0x08000de4   0x0000019c   Code   RO          840    i.HAL_I2C_EV_IRQHandler  stm32f1xx_hal_i2c.o
    0x08000f80   0x08000f80   0x00000002   Code   RO          842    i.HAL_I2C_ErrorCallback  stm32f1xx_hal_i2c.o
    0x08000f82   0x08000f82   0x00000002   PAD
    0x08000f84   0x08000f84   0x00000198   Code   RO          846    i.HAL_I2C_Init      stm32f1xx_hal_i2c.o
    0x0800111c   0x0800111c   0x00000002   Code   RO          848    i.HAL_I2C_ListenCpltCallback  stm32f1xx_hal_i2c.o
    0x0800111e   0x0800111e   0x00000002   Code   RO          849    i.HAL_I2C_MasterRxCpltCallback  stm32f1xx_hal_i2c.o
    0x08001120   0x08001120   0x00000002   Code   RO          850    i.HAL_I2C_MasterTxCpltCallback  stm32f1xx_hal_i2c.o
    0x08001122   0x08001122   0x00000002   Code   RO          862    i.HAL_I2C_MemRxCpltCallback  stm32f1xx_hal_i2c.o
    0x08001124   0x08001124   0x00000002   Code   RO          863    i.HAL_I2C_MemTxCpltCallback  stm32f1xx_hal_i2c.o
    0x08001126   0x08001126   0x00000002   PAD
    0x08001128   0x08001128   0x0000007c   Code   RO          326    i.HAL_I2C_MspInit   stm32f1xx_hal_msp.o
    0x080011a4   0x080011a4   0x00000002   Code   RO          872    i.HAL_I2C_SlaveRxCpltCallback  stm32f1xx_hal_i2c.o
    0x080011a6   0x080011a6   0x00000002   Code   RO          873    i.HAL_I2C_SlaveTxCpltCallback  stm32f1xx_hal_i2c.o
    0x080011a8   0x080011a8   0x00000010   Code   RO         1329    i.HAL_IncTick       stm32f1xx_hal.o
    0x080011b8   0x080011b8   0x00000024   Code   RO         1330    i.HAL_Init          stm32f1xx_hal.o
    0x080011dc   0x080011dc   0x00000044   Code   RO         1331    i.HAL_InitTick      stm32f1xx_hal.o
    0x08001220   0x08001220   0x0000003c   Code   RO          327    i.HAL_MspInit       stm32f1xx_hal_msp.o
    0x0800125c   0x0800125c   0x0000001a   Code   RO         1794    i.HAL_NVIC_EnableIRQ  stm32f1xx_hal_cortex.o
    0x08001276   0x08001276   0x00000002   PAD
    0x08001278   0x08001278   0x00000040   Code   RO         1800    i.HAL_NVIC_SetPriority  stm32f1xx_hal_cortex.o
    0x080012b8   0x080012b8   0x00000024   Code   RO         1801    i.HAL_NVIC_SetPriorityGrouping  stm32f1xx_hal_cortex.o
    0x080012dc   0x080012dc   0x0000000c   Code   RO         1916    i.HAL_PWR_EnableBkUpAccess  stm32f1xx_hal_pwr.o
    0x080012e8   0x080012e8   0x000000a8   Code   RO         1595    i.HAL_RCCEx_GetPeriphCLKFreq  stm32f1xx_hal_rcc_ex.o
    0x08001390   0x08001390   0x0000010c   Code   RO         1596    i.HAL_RCCEx_PeriphCLKConfig  stm32f1xx_hal_rcc_ex.o
    0x0800149c   0x0800149c   0x00000154   Code   RO         1487    i.HAL_RCC_ClockConfig  stm32f1xx_hal_rcc.o
    0x080015f0   0x080015f0   0x0000000c   Code   RO         1492    i.HAL_RCC_GetHCLKFreq  stm32f1xx_hal_rcc.o
    0x080015fc   0x080015fc   0x00000020   Code   RO         1494    i.HAL_RCC_GetPCLK1Freq  stm32f1xx_hal_rcc.o
    0x0800161c   0x0800161c   0x00000020   Code   RO         1495    i.HAL_RCC_GetPCLK2Freq  stm32f1xx_hal_rcc.o
    0x0800163c   0x0800163c   0x0000004c   Code   RO         1496    i.HAL_RCC_GetSysClockFreq  stm32f1xx_hal_rcc.o
    0x08001688   0x08001688   0x00000384   Code   RO         1499    i.HAL_RCC_OscConfig  stm32f1xx_hal_rcc.o
    0x08001a0c   0x08001a0c   0x00000002   Code   RO         2495    i.HAL_RTCEx_RTCEventCallback  stm32f1xx_hal_rtc_ex.o
    0x08001a0e   0x08001a0e   0x00000002   Code   RO         2496    i.HAL_RTCEx_RTCEventErrorCallback  stm32f1xx_hal_rtc_ex.o
    0x08001a10   0x08001a10   0x00000042   Code   RO         2497    i.HAL_RTCEx_RTCIRQHandler  stm32f1xx_hal_rtc_ex.o
    0x08001a52   0x08001a52   0x00000002   PAD
    0x08001a54   0x08001a54   0x000000ac   Code   RO         2323    i.HAL_RTC_Init      stm32f1xx_hal_rtc.o
    0x08001b00   0x08001b00   0x00000048   Code   RO          329    i.HAL_RTC_MspInit   stm32f1xx_hal_msp.o
    0x08001b48   0x08001b48   0x000000d4   Code   RO         2329    i.HAL_RTC_SetDate   stm32f1xx_hal_rtc.o
    0x08001c1c   0x08001c1c   0x000000b8   Code   RO         2330    i.HAL_RTC_SetTime   stm32f1xx_hal_rtc.o
    0x08001cd4   0x08001cd4   0x0000003c   Code   RO         2331    i.HAL_RTC_WaitForSynchro  stm32f1xx_hal_rtc.o
    0x08001d10   0x08001d10   0x00000002   Code   RO         2599    i.HAL_SPI_ErrorCallback  stm32f1xx_hal_spi.o
    0x08001d12   0x08001d12   0x00000002   PAD
    0x08001d14   0x08001d14   0x000000f0   Code   RO         2602    i.HAL_SPI_IRQHandler  stm32f1xx_hal_spi.o
    0x08001e04   0x08001e04   0x000000b4   Code   RO         2603    i.HAL_SPI_Init      stm32f1xx_hal_spi.o
    0x08001eb8   0x08001eb8   0x00000080   Code   RO          331    i.HAL_SPI_MspInit   stm32f1xx_hal_msp.o
    0x08001f38   0x08001f38   0x00000158   Code   RO         2606    i.HAL_SPI_Receive   stm32f1xx_hal_spi.o
    0x08002090   0x08002090   0x00000194   Code   RO         2611    i.HAL_SPI_Transmit  stm32f1xx_hal_spi.o
    0x08002224   0x08002224   0x000001f6   Code   RO         2612    i.HAL_SPI_TransmitReceive  stm32f1xx_hal_spi.o
    0x0800241a   0x0800241a   0x00000028   Code   RO         1805    i.HAL_SYSTICK_Config  stm32f1xx_hal_cortex.o
    0x08002442   0x08002442   0x00000002   Code   RO         3631    i.HAL_TIMEx_BreakCallback  stm32f1xx_hal_tim_ex.o
    0x08002444   0x08002444   0x00000002   Code   RO         3632    i.HAL_TIMEx_CommutCallback  stm32f1xx_hal_tim_ex.o
    0x08002446   0x08002446   0x00000002   PAD
    0x08002448   0x08002448   0x00000068   Code   RO         3650    i.HAL_TIMEx_MasterConfigSynchronization  stm32f1xx_hal_tim_ex.o
    0x080024b0   0x080024b0   0x0000004a   Code   RO         2916    i.HAL_TIM_Base_Init  stm32f1xx_hal_tim.o
    0x080024fa   0x080024fa   0x00000002   PAD
    0x080024fc   0x080024fc   0x0000003c   Code   RO          333    i.HAL_TIM_Base_MspInit  stm32f1xx_hal_msp.o
    0x08002538   0x08002538   0x000000e8   Code   RO         2925    i.HAL_TIM_ConfigClockSource  stm32f1xx_hal_tim.o
    0x08002620   0x08002620   0x00000002   Code   RO         2950    i.HAL_TIM_IC_CaptureCallback  stm32f1xx_hal_tim.o
    0x08002622   0x08002622   0x0000016e   Code   RO         2964    i.HAL_TIM_IRQHandler  stm32f1xx_hal_tim.o
    0x08002790   0x08002790   0x00000002   Code   RO         2967    i.HAL_TIM_OC_DelayElapsedCallback  stm32f1xx_hal_tim.o
    0x08002792   0x08002792   0x00000002   Code   RO         2994    i.HAL_TIM_PWM_PulseFinishedCallback  stm32f1xx_hal_tim.o
    0x08002794   0x08002794   0x00000002   Code   RO         3002    i.HAL_TIM_PeriodElapsedCallback  stm32f1xx_hal_tim.o
    0x08002796   0x08002796   0x00000002   Code   RO         3007    i.HAL_TIM_TriggerCallback  stm32f1xx_hal_tim.o
    0x08002798   0x08002798   0x00000002   Code   RO         3910    i.HAL_UARTEx_RxEventCallback  stm32f1xx_hal_uart.o
    0x0800279a   0x0800279a   0x00000002   Code   RO         3924    i.HAL_UART_ErrorCallback  stm32f1xx_hal_uart.o
    0x0800279c   0x0800279c   0x00000230   Code   RO         3927    i.HAL_UART_IRQHandler  stm32f1xx_hal_uart.o
    0x080029cc   0x080029cc   0x00000066   Code   RO         3928    i.HAL_UART_Init     stm32f1xx_hal_uart.o
    0x08002a32   0x08002a32   0x00000002   PAD
    0x08002a34   0x08002a34   0x00000080   Code   RO          335    i.HAL_UART_MspInit  stm32f1xx_hal_msp.o
    0x08002ab4   0x08002ab4   0x0000001c   Code   RO         3933    i.HAL_UART_Receive_IT  stm32f1xx_hal_uart.o
    0x08002ad0   0x08002ad0   0x00000028   Code   RO          456    i.HAL_UART_RxCpltCallback  sim800c.o
    0x08002af8   0x08002af8   0x00000032   Code   RO         3938    i.HAL_UART_Transmit_IT  stm32f1xx_hal_uart.o
    0x08002b2a   0x08002b2a   0x00000002   PAD
    0x08002b2c   0x08002b2c   0x00000028   Code   RO          457    i.HAL_UART_TxCpltCallback  sim800c.o
    0x08002b54   0x08002b54   0x00000002   Code   RO          215    i.HardFault_Handler  stm32f1xx_it.o
    0x08002b56   0x08002b56   0x00000002   PAD
    0x08002b58   0x08002b58   0x0000000c   Code   RO          216    i.I2C1_ER_IRQHandler  stm32f1xx_it.o
    0x08002b64   0x08002b64   0x0000000c   Code   RO          217    i.I2C1_EV_IRQHandler  stm32f1xx_it.o
    0x08002b70   0x08002b70   0x0000001c   Code   RO          884    i.I2C_ConvertOtherXferOptions  stm32f1xx_hal_i2c.o
    0x08002b8c   0x08002b8c   0x000000bc   Code   RO          885    i.I2C_DMAAbort      stm32f1xx_hal_i2c.o
    0x08002c48   0x08002c48   0x00000010   Code   RO          888    i.I2C_Flush_DR      stm32f1xx_hal_i2c.o
    0x08002c58   0x08002c58   0x0000015c   Code   RO          889    i.I2C_ITError       stm32f1xx_hal_i2c.o
    0x08002db4   0x08002db4   0x00000100   Code   RO          891    i.I2C_MasterReceive_BTF  stm32f1xx_hal_i2c.o
    0x08002eb4   0x08002eb4   0x000000dc   Code   RO          892    i.I2C_MasterReceive_RXNE  stm32f1xx_hal_i2c.o
    0x08002f90   0x08002f90   0x0000008a   Code   RO          895    i.I2C_MasterTransmit_BTF  stm32f1xx_hal_i2c.o
    0x0800301a   0x0800301a   0x000000be   Code   RO          896    i.I2C_MasterTransmit_TXE  stm32f1xx_hal_i2c.o
    0x080030d8   0x080030d8   0x0000002a   Code   RO          897    i.I2C_Master_ADD10  stm32f1xx_hal_i2c.o
    0x08003102   0x08003102   0x00000002   PAD
    0x08003104   0x08003104   0x00000198   Code   RO          898    i.I2C_Master_ADDR   stm32f1xx_hal_i2c.o
    0x0800329c   0x0800329c   0x000000a0   Code   RO          899    i.I2C_Master_SB     stm32f1xx_hal_i2c.o
    0x0800333c   0x0800333c   0x000000be   Code   RO          900    i.I2C_MemoryTransmit_TXE_BTF  stm32f1xx_hal_i2c.o
    0x080033fa   0x080033fa   0x0000001c   Code   RO          903    i.I2C_SlaveReceive_BTF  stm32f1xx_hal_i2c.o
    0x08003416   0x08003416   0x00000044   Code   RO          904    i.I2C_SlaveReceive_RXNE  stm32f1xx_hal_i2c.o
    0x0800345a   0x0800345a   0x0000001c   Code   RO          905    i.I2C_SlaveTransmit_BTF  stm32f1xx_hal_i2c.o
    0x08003476   0x08003476   0x00000044   Code   RO          906    i.I2C_SlaveTransmit_TXE  stm32f1xx_hal_i2c.o
    0x080034ba   0x080034ba   0x00000048   Code   RO          907    i.I2C_Slave_ADDR    stm32f1xx_hal_i2c.o
    0x08003502   0x08003502   0x00000002   PAD
    0x08003504   0x08003504   0x00000090   Code   RO          908    i.I2C_Slave_AF      stm32f1xx_hal_i2c.o
    0x08003594   0x08003594   0x00000160   Code   RO          909    i.I2C_Slave_STOPF   stm32f1xx_hal_i2c.o
    0x080036f4   0x080036f4   0x0000003c   Code   RO          915    i.I2C_WaitOnSTOPRequestThroughIT  stm32f1xx_hal_i2c.o
    0x08003730   0x08003730   0x0000004c   Code   RO          409    i.Led_Init          led.o
    0x0800377c   0x0800377c   0x00000034   Code   RO          411    i.Led_SetMode       led.o
    0x080037b0   0x080037b0   0x00000014   Code   RO          442    i.Led_SetState      led.o
    0x080037c4   0x080037c4   0x000000e0   Code   RO           13    i.MX_GPIO_Init      main.o
    0x080038a4   0x080038a4   0x00000040   Code   RO           14    i.MX_I2C1_Init      main.o
    0x080038e4   0x080038e4   0x0000006c   Code   RO           15    i.MX_RTC_Init       main.o
    0x08003950   0x08003950   0x00000048   Code   RO           16    i.MX_SPI1_Init      main.o
    0x08003998   0x08003998   0x00000068   Code   RO           17    i.MX_TIM4_Init      main.o
    0x08003a00   0x08003a00   0x00000038   Code   RO           18    i.MX_USART1_UART_Init  main.o
    0x08003a38   0x08003a38   0x00000002   Code   RO          218    i.MemManage_Handler  stm32f1xx_it.o
    0x08003a3a   0x08003a3a   0x00000002   Code   RO          219    i.NMI_Handler       stm32f1xx_it.o
    0x08003a3c   0x08003a3c   0x00000002   Code   RO          220    i.PendSV_Handler    stm32f1xx_it.o
    0x08003a3e   0x08003a3e   0x00000002   PAD
    0x08003a40   0x08003a40   0x00000024   Code   RO         1500    i.RCC_Delay         stm32f1xx_hal_rcc.o
    0x08003a64   0x08003a64   0x00000012   Code   RO         2332    i.RTC_Bcd2ToByte    stm32f1xx_hal_rtc.o
    0x08003a76   0x08003a76   0x00000034   Code   RO         2335    i.RTC_EnterInitMode  stm32f1xx_hal_rtc.o
    0x08003aaa   0x08003aaa   0x00000034   Code   RO         2336    i.RTC_ExitInitMode  stm32f1xx_hal_rtc.o
    0x08003ade   0x08003ade   0x00000002   PAD
    0x08003ae0   0x08003ae0   0x0000000c   Code   RO          221    i.RTC_IRQHandler    stm32f1xx_it.o
    0x08003aec   0x08003aec   0x0000000e   Code   RO         2338    i.RTC_ReadAlarmCounter  stm32f1xx_hal_rtc.o
    0x08003afa   0x08003afa   0x00000020   Code   RO         2339    i.RTC_ReadTimeCounter  stm32f1xx_hal_rtc.o
    0x08003b1a   0x08003b1a   0x00000066   Code   RO         2340    i.RTC_WeekDayNum    stm32f1xx_hal_rtc.o
    0x08003b80   0x08003b80   0x0000002e   Code   RO         2341    i.RTC_WriteAlarmCounter  stm32f1xx_hal_rtc.o
    0x08003bae   0x08003bae   0x0000002e   Code   RO         2342    i.RTC_WriteTimeCounter  stm32f1xx_hal_rtc.o
    0x08003bdc   0x08003bdc   0x0000000c   Code   RO          222    i.SPI1_IRQHandler   stm32f1xx_it.o
    0x08003be8   0x08003be8   0x00000010   Code   RO         2630    i.SPI_DMAAbortOnError  stm32f1xx_hal_spi.o
    0x08003bf8   0x08003bf8   0x00000070   Code   RO         2640    i.SPI_EndRxTransaction  stm32f1xx_hal_spi.o
    0x08003c68   0x08003c68   0x00000024   Code   RO         2641    i.SPI_EndRxTxTransaction  stm32f1xx_hal_spi.o
    0x08003c8c   0x08003c8c   0x000000bc   Code   RO         2646    i.SPI_WaitFlagStateUntilTimeout  stm32f1xx_hal_spi.o
    0x08003d48   0x08003d48   0x00000002   Code   RO          223    i.SVC_Handler       stm32f1xx_it.o
    0x08003d4a   0x08003d4a   0x00000002   PAD
    0x08003d4c   0x08003d4c   0x00000064   Code   RO          458    i.Sim800C_ClearMessages  sim800c.o
    0x08003db0   0x08003db0   0x00000024   Code   RO          459    i.Sim800C_GetImei   sim800c.o
    0x08003dd4   0x08003dd4   0x00000038   Code   RO          460    i.Sim800C_GetSms    sim800c.o
    0x08003e0c   0x08003e0c   0x000000bc   Code   RO          461    i.Sim800C_Init      sim800c.o
    0x08003ec8   0x08003ec8   0x00000010   Code   RO          620    i.Sim800C_IsBusy    sim800c.o
    0x08003ed8   0x08003ed8   0x000005ae   Code   RO          462    i.Sim800C_MainHandler  sim800c.o
    0x08004486   0x08004486   0x00000002   PAD
    0x08004488   0x08004488   0x00000050   Code   RO          464    i.Sim800C_Power     sim800c.o
    0x080044d8   0x080044d8   0x00000060   Code   RO          465    i.Sim800C_RequestImei  sim800c.o
    0x08004538   0x08004538   0x00000020   Code   RO          466    i.Sim800C_Reset     sim800c.o
    0x08004558   0x08004558   0x00000004   Code   RO          224    i.SysTick_Handler   stm32f1xx_it.o
    0x0800455c   0x0800455c   0x00000080   Code   RO           19    i.SystemClock_Config  main.o
    0x080045dc   0x080045dc   0x00000002   Code   RO         4272    i.SystemInit        system_stm32f1xx.o
    0x080045de   0x080045de   0x00000002   PAD
    0x080045e0   0x080045e0   0x0000000c   Code   RO          225    i.TIM4_IRQHandler   stm32f1xx_it.o
    0x080045ec   0x080045ec   0x0000006c   Code   RO         3009    i.TIM_Base_SetConfig  stm32f1xx_hal_tim.o
    0x08004658   0x08004658   0x00000014   Code   RO         3020    i.TIM_ETR_SetConfig  stm32f1xx_hal_tim.o
    0x0800466c   0x0800466c   0x00000010   Code   RO         3021    i.TIM_ITRx_SetConfig  stm32f1xx_hal_tim.o
    0x0800467c   0x0800467c   0x00000022   Code   RO         3027    i.TIM_TI1_ConfigInputStage  stm32f1xx_hal_tim.o
    0x0800469e   0x0800469e   0x00000024   Code   RO         3029    i.TIM_TI2_ConfigInputStage  stm32f1xx_hal_tim.o
    0x080046c2   0x080046c2   0x00000010   Code   RO         3941    i.UART_DMAAbortOnError  stm32f1xx_hal_uart.o
    0x080046d2   0x080046d2   0x0000004e   Code   RO         3951    i.UART_EndRxTransfer  stm32f1xx_hal_uart.o
    0x08004720   0x08004720   0x0000001a   Code   RO         3952    i.UART_EndTransmit_IT  stm32f1xx_hal_uart.o
    0x0800473a   0x0800473a   0x000000c8   Code   RO         3954    i.UART_Receive_IT   stm32f1xx_hal_uart.o
    0x08004802   0x08004802   0x00000002   PAD
    0x08004804   0x08004804   0x000000b8   Code   RO         3955    i.UART_SetConfig    stm32f1xx_hal_uart.o
    0x080048bc   0x080048bc   0x00000038   Code   RO         3957    i.UART_Start_Receive_IT  stm32f1xx_hal_uart.o
    0x080048f4   0x080048f4   0x0000005e   Code   RO         3958    i.UART_Transmit_IT  stm32f1xx_hal_uart.o
    0x08004952   0x08004952   0x00000002   PAD
    0x08004954   0x08004954   0x0000000c   Code   RO          226    i.USART1_IRQHandler  stm32f1xx_it.o
    0x08004960   0x08004960   0x00000002   Code   RO          227    i.UsageFault_Handler  stm32f1xx_it.o
    0x08004962   0x08004962   0x00000020   Code   RO         1807    i.__NVIC_SetPriority  stm32f1xx_hal_cortex.o
    0x08004982   0x08004982   0x00000002   PAD
    0x08004984   0x08004984   0x00000058   Code   RO          735    i.eraseBlock        flash.o
    0x080049dc   0x080049dc   0x00000044   Code   RO          468    i.getBaud           sim800c.o
    0x08004a20   0x08004a20   0x0000002e   Code   RO           20    i.getChecksum       main.o
    0x08004a4e   0x08004a4e   0x00000002   PAD
    0x08004a50   0x08004a50   0x000000c4   Code   RO           21    i.main              main.o
    0x08004b14   0x08004b14   0x00000054   Code   RO           22    i.operationHandler  main.o
    0x08004b68   0x08004b68   0x00000094   Code   RO           23    i.processIncomeSms  main.o
    0x08004bfc   0x08004bfc   0x00000038   Code   RO          736    i.resetProtection   flash.o
    0x08004c34   0x08004c34   0x00000040   Code   RO          470    i.sendAt            sim800c.o
    0x08004c74   0x08004c74   0x0000001c   Code   RO          471    i.sendByte          sim800c.o
    0x08004c90   0x08004c90   0x00000024   Code   RO          472    i.sendDone          sim800c.o
    0x08004cb4   0x08004cb4   0x0000006c   Code   RO          473    i.sendPhone         sim800c.o
    0x08004d20   0x08004d20   0x00000068   Code   RO          474    i.sendReadSms       sim800c.o
    0x08004d88   0x08004d88   0x00000040   Code   RO          475    i.sendSmsText       sim800c.o
    0x08004dc8   0x08004dc8   0x00000048   Code   RO          476    i.sendTextMode      sim800c.o
    0x08004e10   0x08004e10   0x00000050   Code   RO          477    i.setBaud           sim800c.o
    0x08004e60   0x08004e60   0x00000028   Code   RO          737    i.setCs             flash.o
    0x08004e88   0x08004e88   0x00000050   Code   RO          478    i.setError          sim800c.o
    0x08004ed8   0x08004ed8   0x00000014   Code   RO          479    i.setReset          sim800c.o
    0x08004eec   0x08004eec   0x00000014   Code   RO          480    i.startRecv         sim800c.o
    0x08004f00   0x08004f00   0x00000070   Code   RO          738    i.writePage         flash.o
    0x08004f70   0x08004f70   0x0000006c   Code   RO          739    i.writeToBlock      flash.o
    0x08004fdc   0x08004fdc   0x0000002c   Code   RO         4374    locale$$code        c_w.l(lc_ctype_c.o)
    0x08005008   0x08005008   0x00000004   Data   RO          482    .constdata          sim800c.o
    0x0800500c   0x0800500c   0x00000020   Data   RO          683    .constdata          buffer.o
    0x0800502c   0x0800502c   0x00000012   Data   RO         1501    .constdata          stm32f1xx_hal_rcc.o
    0x0800503e   0x0800503e   0x00000012   Data   RO         1597    .constdata          stm32f1xx_hal_rcc_ex.o
    0x08005050   0x08005050   0x00000010   Data   RO         4273    .constdata          system_stm32f1xx.o
    0x08005060   0x08005060   0x00000008   Data   RO         4274    .constdata          system_stm32f1xx.o
    0x08005068   0x08005068   0x00000020   Data   RO         4512    Region$$Table       anon$$obj.o
    0x08005088   0x08005088   0x00000110   Data   RO         4373    locale$$data        c_w.l(lc_ctype_c.o)


    Execution Region RW_IRAM1 (Exec base: 0x20000000, Load base: 0x08005198, Size: 0x00002138, Max: 0x00005000, ABSOLUTE)

    Exec Addr    Load Addr    Size         Type   Attr      Idx    E Section Name        Object

    0x20000000   0x08005198   0x00000018   Data   RW           25    .data               main.o
    0x20000018   0x080051b0   0x00000006   Data   RW          412    .data               led.o
    0x2000001e   0x080051b6   0x00000002   PAD
    0x20000020   0x080051b8   0x00000004   Data   RW          483    .data               sim800c.o
    0x20000024   0x080051bc   0x0000000c   Data   RW         1337    .data               stm32f1xx_hal.o
    0x20000030   0x080051c8   0x00000004   Data   RW         4275    .data               system_stm32f1xx.o
    0x20000034        -       0x00000150   Zero   RW           24    .bss                main.o
    0x20000184        -       0x00000954   Zero   RW          481    .bss                sim800c.o
    0x20000ad8        -       0x00001000   Zero   RW          740    .bss                flash.o
    0x20001ad8        -       0x00000060   Zero   RW         4343    .bss                c_w.l(libspace.o)
    0x20001b38        -       0x00000200   Zero   RW            2    HEAP                startup_stm32f103xb.o
    0x20001d38        -       0x00000400   Zero   RW            1    STACK               startup_stm32f103xb.o


==============================================================================

Image component sizes


      Code (inc. data)   RO Data    RW Data    ZI Data      Debug   Object Name

       304          4         32          0          0       4830   buffer.o
        10          0          0          0          0        408   error_handler.o
       776         64          0          0       4096       5772   flash.o
       148         20          0          6          0       2230   led.o
      1230         96          0         24        336     456263   main.o
      2882        436          4          4       2388      16168   sim800c.o
        64         26        236          0       1536        780   startup_stm32f103xb.o
       168         28          0         12          0       5669   stm32f1xx_hal.o
       198         14          0          0          0      29127   stm32f1xx_hal_cortex.o
       228          4          0          0          0       2178   stm32f1xx_hal_dma.o
       510         32          0          0          0       2712   stm32f1xx_hal_gpio.o
      4040         56          0          0          0      24677   stm32f1xx_hal_i2c.o
       572         68          0          0          0       3986   stm32f1xx_hal_msp.o
        12          4          0          0          0        483   stm32f1xx_hal_pwr.o
      1428         90         18          0          0       6356   stm32f1xx_hal_rcc.o
       436         28         18          0          0       2529   stm32f1xx_hal_rcc_ex.o
       990         16          0          0          0       9080   stm32f1xx_hal_rtc.o
        70          0          0          0          0       2013   stm32f1xx_hal_rtc_ex.o
      2024          8          0          0          0       9775   stm32f1xx_hal_spi.o
       896         14          0          0          0       8899   stm32f1xx_hal_tim.o
       108         14          0          0          0       2337   stm32f1xx_hal_tim_ex.o
      1398         12          0          0          0       9825   stm32f1xx_hal_uart.o
        92         36          0          0          0       6017   stm32f1xx_it.o
         2          0         24          4          0       1023   system_stm32f1xx.o

    ----------------------------------------------------------------------
     18638       1070        364         52       8356     613137   Object Totals
         0          0         32          0          0          0   (incl. Generated)
        52          0          0          2          0          0   (incl. Padding)

    ----------------------------------------------------------------------

      Code (inc. data)   RO Data    RW Data    ZI Data      Debug   Library Member Name

         8          0          0          0          0         68   __main.o
         0          0          0          0          0          0   __rtentry.o
        12          0          0          0          0          0   __rtentry2.o
         6          0          0          0          0          0   __rtentry4.o
        52          8          0          0          0          0   __scatter.o
        26          0          0          0          0          0   __scatter_copy.o
        28          0          0          0          0          0   __scatter_zi.o
        28          0          0          0          0         68   _chval.o
       158          0          0          0          0         92   _strtoul.o
        26          0          0          0          0         80   atoi.o
        18          0          0          0          0         80   exit.o
         6          0          0          0          0        152   heapauxi.o
         0          0          0          0          0          0   indicate_semi.o
        44         10        272          0          0         76   lc_ctype_c.o
         2          0          0          0          0          0   libinit.o
        20          0          0          0          0          0   libinit2.o
         2          0          0          0          0          0   libshutdown.o
         2          0          0          0          0          0   libshutdown2.o
         8          4          0          0         96         68   libspace.o
        88          0          0          0          0         76   memcmp.o
        16          4          0          0          0         76   rt_ctype_table.o
         8          4          0          0          0         68   rt_errno_addr_intlibspace.o
         8          4          0          0          0         68   rt_locale_intlibspace.o
        68          0          0          0          0         68   rt_memclr.o
        78          0          0          0          0         80   rt_memclr_w.o
       138          0          0          0          0         68   rt_memcpy_v6.o
       100          0          0          0          0         80   rt_memcpy_w.o
       132          0          0          0          0         68   rt_memmove_v6.o
       122          0          0          0          0         80   rt_memmove_w.o
         2          0          0          0          0          0   rtexit.o
        10          0          0          0          0          0   rtexit2.o
       128          0          0          0          0         68   strcmpv7m.o
        62          0          0          0          0         76   strlen.o
       112          0          0          0          0         88   strtol.o
        12          4          0          0          0         68   sys_exit.o
        74          0          0          0          0         80   sys_stackheap_outer.o
         2          0          0          0          0         68   use_no_semi.o

    ----------------------------------------------------------------------
      1614         38        272          0         96       1864   Library Totals
         8          0          0          0          0          0   (incl. Padding)

    ----------------------------------------------------------------------

      Code (inc. data)   RO Data    RW Data    ZI Data      Debug   Library Name

      1606         38        272          0         96       1864   c_w.l

    ----------------------------------------------------------------------
      1614         38        272          0         96       1864   Library Totals

    ----------------------------------------------------------------------

==============================================================================


      Code (inc. data)   RO Data    RW Data    ZI Data      Debug   

     20252       1108        636         52       8452     604545   Grand Totals
     20252       1108        636         52       8452     604545   ELF Image Totals
     20252       1108        636         52          0          0   ROM Totals

==============================================================================

    Total RO  Size (Code + RO Data)                20888 (  20.40kB)
    Total RW  Size (RW Data + ZI Data)              8504 (   8.30kB)
    Total ROM Size (Code + RO Data + RW Data)      20940 (  20.45kB)

==============================================================================

