Component: ARM Compiler 5.06 update 7 (build 960) Tool: armlink [4d3601]

==============================================================================

Section Cross References

    startup_stm32f103xb.o(STACK) refers (Special) to heapauxi.o(.text) for __use_two_region_memory
    startup_stm32f103xb.o(HEAP) refers (Special) to heapauxi.o(.text) for __use_two_region_memory
    startup_stm32f103xb.o(RESET) refers (Special) to heapauxi.o(.text) for __use_two_region_memory
    startup_stm32f103xb.o(RESET) refers to startup_stm32f103xb.o(STACK) for __initial_sp
    startup_stm32f103xb.o(RESET) refers to startup_stm32f103xb.o(.text) for Reset_Handler
    startup_stm32f103xb.o(RESET) refers to stm32f1xx_it.o(i.NMI_Handler) for NMI_Handler
    startup_stm32f103xb.o(RESET) refers to stm32f1xx_it.o(i.HardFault_Handler) for HardFault_Handler
    startup_stm32f103xb.o(RESET) refers to stm32f1xx_it.o(i.MemManage_Handler) for MemManage_Handler
    startup_stm32f103xb.o(RESET) refers to stm32f1xx_it.o(i.BusFault_Handler) for BusFault_Handler
    startup_stm32f103xb.o(RESET) refers to stm32f1xx_it.o(i.UsageFault_Handler) for UsageFault_Handler
    startup_stm32f103xb.o(RESET) refers to stm32f1xx_it.o(i.SVC_Handler) for SVC_Handler
    startup_stm32f103xb.o(RESET) refers to stm32f1xx_it.o(i.DebugMon_Handler) for DebugMon_Handler
    startup_stm32f103xb.o(RESET) refers to stm32f1xx_it.o(i.PendSV_Handler) for PendSV_Handler
    startup_stm32f103xb.o(RESET) refers to stm32f1xx_it.o(i.SysTick_Handler) for SysTick_Handler
    startup_stm32f103xb.o(RESET) refers to stm32f1xx_it.o(i.RTC_IRQHandler) for RTC_IRQHandler
    startup_stm32f103xb.o(RESET) refers to stm32f1xx_it.o(i.TIM4_IRQHandler) for TIM4_IRQHandler
    startup_stm32f103xb.o(RESET) refers to stm32f1xx_it.o(i.I2C1_EV_IRQHandler) for I2C1_EV_IRQHandler
    startup_stm32f103xb.o(RESET) refers to stm32f1xx_it.o(i.I2C1_ER_IRQHandler) for I2C1_ER_IRQHandler
    startup_stm32f103xb.o(RESET) refers to stm32f1xx_it.o(i.SPI1_IRQHandler) for SPI1_IRQHandler
    startup_stm32f103xb.o(RESET) refers to stm32f1xx_it.o(i.USART1_IRQHandler) for USART1_IRQHandler
    startup_stm32f103xb.o(.text) refers (Special) to heapauxi.o(.text) for __use_two_region_memory
    startup_stm32f103xb.o(.text) refers to system_stm32f1xx.o(i.SystemInit) for SystemInit
    startup_stm32f103xb.o(.text) refers to __main.o(!!!main) for __main
    startup_stm32f103xb.o(.text) refers to startup_stm32f103xb.o(HEAP) for Heap_Mem
    startup_stm32f103xb.o(.text) refers to startup_stm32f103xb.o(STACK) for Stack_Mem
    main.o(i.HAL_TIM_PeriodElapsedCallback) refers to sim800c.o(i.Sim800C_MsHandler) for Sim800C_MsHandler
    main.o(i.HAL_TIM_PeriodElapsedCallback) refers to led.o(i.Led_MsHandle) for Led_MsHandle
    main.o(i.HAL_TIM_PeriodElapsedCallback) refers to main.o(.bss) for .bss
    main.o(i.MX_GPIO_Init) refers to stm32f1xx_hal_gpio.o(i.HAL_GPIO_WritePin) for HAL_GPIO_WritePin
    main.o(i.MX_GPIO_Init) refers to stm32f1xx_hal_gpio.o(i.HAL_GPIO_Init) for HAL_GPIO_Init
    main.o(i.MX_TIM4_Init) refers to stm32f1xx_hal_tim.o(i.HAL_TIM_Base_Init) for HAL_TIM_Base_Init
    main.o(i.MX_TIM4_Init) refers to error_handler.o(i.Error_Handler) for Error_Handler
    main.o(i.MX_TIM4_Init) refers to stm32f1xx_hal_tim.o(i.HAL_TIM_ConfigClockSource) for HAL_TIM_ConfigClockSource
    main.o(i.MX_TIM4_Init) refers to stm32f1xx_hal_tim_ex.o(i.HAL_TIMEx_MasterConfigSynchronization) for HAL_TIMEx_MasterConfigSynchronization
    main.o(i.MX_TIM4_Init) refers to stm32f1xx_hal_tim.o(i.HAL_TIM_Base_Start_IT) for HAL_TIM_Base_Start_IT
    main.o(i.MX_TIM4_Init) refers to stm32f1xx_hal_cortex.o(i.HAL_NVIC_EnableIRQ) for HAL_NVIC_EnableIRQ
    main.o(i.MX_TIM4_Init) refers to main.o(.bss) for .bss
    main.o(i.SystemClock_Config) refers to rt_memclr_w.o(.text) for __aeabi_memclr4
    main.o(i.SystemClock_Config) refers to stm32f1xx_hal_rcc.o(i.HAL_RCC_OscConfig) for HAL_RCC_OscConfig
    main.o(i.SystemClock_Config) refers to error_handler.o(i.Error_Handler) for Error_Handler
    main.o(i.SystemClock_Config) refers to stm32f1xx_hal_rcc.o(i.HAL_RCC_ClockConfig) for HAL_RCC_ClockConfig
    main.o(i.SystemClock_Config) refers to stm32f1xx_hal_rcc_ex.o(i.HAL_RCCEx_PeriphCLKConfig) for HAL_RCCEx_PeriphCLKConfig
    main.o(i.main) refers to stm32f1xx_hal.o(i.HAL_Init) for HAL_Init
    main.o(i.main) refers to main.o(i.SystemClock_Config) for SystemClock_Config
    main.o(i.main) refers to main.o(i.MX_GPIO_Init) for MX_GPIO_Init
    main.o(i.main) refers to led.o(i.Led_Init) for Led_Init
    main.o(i.main) refers to main.o(i.MX_TIM4_Init) for MX_TIM4_Init
    main.o(i.main) refers to flash.o(i.Flash_Init) for Flash_Init
    main.o(i.main) refers to sim800c.o(i.Sim800C_Init) for Sim800C_Init
    main.o(i.main) refers to led.o(i.Led_SetMode) for Led_SetMode
    main.o(i.main) refers to flash.o(i.Flash_Read) for Flash_Read
    main.o(i.main) refers to memcmp.o(.text) for memcmp
[...]
    ..\Drivers\STM32F1xx_HAL_Driver\Src\stm32f1xx_hal_rtc_ex.c 0x00000000   Number         0  stm32f1xx_hal_rtc_ex.o ABSOLUTE
    ..\Drivers\STM32F1xx_HAL_Driver\Src\stm32f1xx_hal_spi.c 0x00000000   Number         0  stm32f1xx_hal_spi.o ABSOLUTE
    ..\Drivers\STM32F1xx_HAL_Driver\Src\stm32f1xx_hal_tim.c 0x00000000   Number         0  stm32f1xx_hal_tim.o ABSOLUTE
    ..\Drivers\STM32F1xx_HAL_Driver\Src\stm32f1xx_hal_tim_ex.c 0x00000000   Number         0  stm32f1xx_hal_tim_ex.o ABSOLUTE
    ..\Drivers\STM32F1xx_HAL_Driver\Src\stm32f1xx_hal_uart.c 0x00000000   Number         0  stm32f1xx_hal_uart.o ABSOLUTE
    ..\\Core\\Src\\error_handler.c           0x00000000   Number         0  error_handler.o ABSOLUTE
    ..\\Core\\Src\\flash.c                   0x00000000   Number         0  flash.o ABSOLUTE
    ..\\Core\\Src\\led.c                     0x00000000   Number         0  led.o ABSOLUTE
    ..\\Core\\Src\\sim800c.c                 0x00000000   Number         0  sim800c.o ABSOLUTE
    dc.s                                     0x00000000   Number         0  dc.o ABSOLUTE
    startup_stm32f103xb.s                    0x00000000   Number         0  startup_stm32f103xb.o ABSOLUTE
    RESET                                    0x08000000   Section      236  startup_stm32f103xb.o(RESET)
    !!!main                                  0x080000ec   Section        8  __main.o(!!!main)
    !!!scatter                               0x080000f4   Section       52  __scatter.o(!!!scatter)
    !!handler_copy                           0x08000128   Section       26  __scatter_copy.o(!!handler_copy)
    !!handler_zi                             0x08000144   Section       28  __scatter_zi.o(!!handler_zi)
    .ARM.Collect$$libinit$$00000000          0x08000160   Section        2  libinit.o(.ARM.Collect$$libinit$$00000000)
    .ARM.Collect$$libinit$$00000002          0x08000162   Section        0  libinit2.o(.ARM.Collect$$libinit$$00000002)
    .ARM.Collect$$libinit$$00000004          0x08000162   Section        0  libinit2.o(.ARM.Collect$$libinit$$00000004)
    .ARM.Collect$$libinit$$0000000A          0x08000162   Section        0  libinit2.o(.ARM.Collect$$libinit$$0000000A)
    .ARM.Collect$$libinit$$0000000C          0x08000162   Section        0  libinit2.o(.ARM.Collect$$libinit$$0000000C)
    .ARM.Collect$$libinit$$0000000E          0x08000162   Section        0  libinit2.o(.ARM.Collect$$libinit$$0000000E)
    .ARM.Collect$$libinit$$0000000F          0x08000162   Section        6  libinit2.o(.ARM.Collect$$libinit$$0000000F)
    .ARM.Collect$$libinit$$00000011          0x08000168   Section        0  libinit2.o(.ARM.Collect$$libinit$$00000011)
    .ARM.Collect$$libinit$$00000012          0x08000168   Section       12  libinit2.o(.ARM.Collect$$libinit$$00000012)
    .ARM.Collect$$libinit$$00000013          0x08000174   Section        0  libinit2.o(.ARM.Collect$$libinit$$00000013)
    .ARM.Collect$$libinit$$00000015          0x08000174   Section        0  libinit2.o(.ARM.Collect$$libinit$$00000015)
    .ARM.Collect$$libinit$$00000017          0x08000174   Section        0  libinit2.o(.ARM.Collect$$libinit$$00000017)
    .ARM.Collect$$libinit$$00000019          0x08000174   Section        0  libinit2.o(.ARM.Collect$$libinit$$00000019)
    .ARM.Collect$$libinit$$0000001B          0x08000174   Section        0  libinit2.o(.ARM.Collect$$libinit$$0000001B)
    .ARM.Collect$$libinit$$0000001D          0x08000174   Section        0  libinit2.o(.ARM.Collect$$libinit$$0000001D)
    .ARM.Collect$$libinit$$0000001F          0x08000174   Section        0  libinit2.o(.ARM.Collect$$libinit$$0000001F)
    .ARM.Collect$$libinit$$00000021          0x08000174   Section        0  libinit2.o(.ARM.Collect$$libinit$$00000021)
    .ARM.Collect$$libinit$$00000023          0x08000174   Section        0  libinit2.o(.ARM.Collect$$libinit$$00000023)
    .ARM.Collect$$libinit$$00000025          0x08000174   Section        0  libinit2.o(.ARM.Collect$$libinit$$00000025)
    .ARM.Collect$$libinit$$0000002C          0x08000174   Section        0  libinit2.o(.ARM.Collect$$libinit$$0000002C)
    .ARM.Collect$$libinit$$0000002E          0x08000174   Section        0  libinit2.o(.ARM.Collect$$libinit$$0000002E)
    .ARM.Collect$$libinit$$00000030          0x08000174   Section        0  libinit2.o(.ARM.Collect$$libinit$$00000030)
    .ARM.Collect$$libinit$$00000032          0x08000174   Section        0  libinit2.o(.ARM.Collect$$libinit$$00000032)
    .ARM.Collect$$libinit$$00000033          0x08000174   Section        2  libinit2.o(.ARM.Collect$$libinit$$00000033)
    .ARM.Collect$$libshutdown$$00000000      0x08000176   Section        2  libshutdown.o(.ARM.Collect$$libshutdown$$00000000)
    .ARM.Collect$$libshutdown$$00000002      0x08000178   Section        0  libshutdown2.o(.ARM.Collect$$libshutdown$$00000002)
    .ARM.Collect$$libshutdown$$00000004      0x08000178   Section        0  libshutdown2.o(.ARM.Collect$$libshutdown$$00000004)
    .ARM.Collect$$libshutdown$$00000006      0x08000178   Section        0  libshutdown2.o(.ARM.Collect$$libshutdown$$00000006)
    .ARM.Collect$$libshutdown$$00000009      0x08000178   Section        0  libshutdown2.o(.ARM.Collect$$libshutdown$$00000009)
    .ARM.Collect$$libshutdown$$0000000C      0x08000178   Section        0  libshutdown2.o(.ARM.Collect$$libshutdown$$0000000C)
    .ARM.Collect$$libshutdown$$0000000E      0x08000178   Section        0  libshutdown2.o(.ARM.Collect$$libshutdown$$0000000E)
    .ARM.Collect$$libshutdown$$00000011      0x08000178   Section        0  libshutdown2.o(.ARM.Collect$$libshutdown$$00000011)
    .ARM.Collect$$libshutdown$$00000012      0x08000178   Section        2  libshutdown2.o(.ARM.Collect$$libshutdown$$00000012)
    .ARM.Collect$$rtentry$$00000000          0x0800017a   Section        0  __rtentry.o(.ARM.Collect$$rtentry$$00000000)
    .ARM.Collect$$rtentry$$00000002          0x0800017a   Section        0  __rtentry2.o(.ARM.Collect$$rtentry$$00000002)
    .ARM.Collect$$rtentry$$00000004          0x0800017a   Section        6  __rtentry4.o(.ARM.Collect$$rtentry$$00000004)
    .ARM.Collect$$rtentry$$00000009          0x08000180   Section        0  __rtentry2.o(.ARM.Collect$$rtentry$$00000009)
    .ARM.Collect$$rtentry$$0000000A          0x08000180   Section        4  __rtentry2.o(.ARM.Collect$$rtentry$$0000000A)
    .ARM.Collect$$rtentry$$0000000C          0x08000184   Section        0  __rtentry2.o(.ARM.Collect$$rtentry$$0000000C)
    .ARM.Collect$$rtentry$$0000000D          0x08000184   Section        8  __rtentry2.o(.ARM.Collect$$rtentry$$0000000D)
    .ARM.Collect$$rtexit$$00000000           0x0800018c   Section        2  rtexit.o(.ARM.Collect$$rtexit$$00000000)
    .ARM.Collect$$rtexit$$00000002           0x0800018e   Section        0  rtexit2.o(.ARM.Collect$$rtexit$$00000002)
    .ARM.Collect$$rtexit$$00000003           0x0800018e   Section        4  rtexit2.o(.ARM.Collect$$rtexit$$00000003)
    .ARM.Collect$$rtexit$$00000004           0x08000192   Section        6  rtexit2.o(.ARM.Collect$$rtexit$$00000004)
    .text                                    0x08000198   Section       64  startup_stm32f103xb.o(.text)
    .text                                    0x080001d8   Section        0  atoi.o(.text)
    .text                                    0x080001f2   Section        0  memcmp.o(.text)
    .text                                    0x0800024a   Section        0  strlen.o(.text)
    .text                                    0x08000288   Section      138  rt_memcpy_v6.o(.text)
    .text                                    0x08000312   Section      132  rt_memmove_v6.o(.text)
    .text                                    0x08000396   Section      100  rt_memcpy_w.o(.text)
    .text                                    0x080003fa   Section       68  rt_memclr.o(.text)
    .text                                    0x0800043e   Section       78  rt_memclr_w.o(.text)
    .text                                    0x0800048c   Section        0  heapauxi.o(.text)
    .text                                    0x08000494   Section        8  rt_errno_addr_intlibspace.o(.text)
    .text                                    0x0800049c   Section        0  strtol.o(.text)
    .text                                    0x0800050c   Section      122  rt_memmove_w.o(.text)
    .text                                    0x08000588   Section        8  libspace.o(.text)
    .text                                    0x08000590   Section       16  rt_ctype_table.o(.text)
    .text                                    0x080005a0   Section        0  _strtoul.o(.text)
    .text                                    0x0800063e   Section       74  sys_stackheap_outer.o(.text)
    .text                                    0x08000688   Section        8  rt_locale_intlibspace.o(.text)
    .text                                    0x08000690   Section        0  _chval.o(.text)
    .text                                    0x080006ac   Section        0  exit.o(.text)
    .text                                    0x080006c0   Section      128  strcmpv7m.o(.text)
    .text                                    0x08000740   Section        0  sys_exit.o(.text)
    .text                                    0x0800074c   Section        2  use_no_semi.o(.text)
    .text                                    0x0800074e   Section        0  indicate_semi.o(.text)
    i.Buffer_Append                          0x0800074e   Section        0  buffer.o(i.Buffer_Append)
    i.Buffer_AppendArray                     0x0800076c   Section        0  buffer.o(i.Buffer_AppendArray)
    i.Buffer_AppendInteger                   0x080007a4   Section        0  buffer.o(i.Buffer_AppendInteger)
    i.Buffer_Clear                           0x080007f8   Section        0  buffer.o(i.Buffer_Clear)
    i.Buffer_Find                            0x08000800   Section        0  buffer.o(i.Buffer_Find)
    i.Buffer_Init                            0x08000840   Section        0  buffer.o(i.Buffer_Init)
    i.Buffer_Shift                           0x0800084c   Section        0  buffer.o(i.Buffer_Shift)
    i.BusFault_Handler                       0x08000880   Section        0  stm32f1xx_it.o(i.BusFault_Handler)
    i.DebugMon_Handler                       0x08000884   Section        0  stm32f1xx_it.o(i.DebugMon_Handler)
    i.Error_Handler                          0x08000886   Section        0  error_handler.o(i.Error_Handler)
    i.Flash_Init                             0x08000890   Section        0  flash.o(i.Flash_Init)
    i.Flash_Read                             0x08000924   Section        0  flash.o(i.Flash_Read)
    i.Flash_Write                            0x080009a0   Section        0  flash.o(i.Flash_Write)
    i.HAL_DMA_Abort                          0x08000a04   Section        0  stm32f1xx_hal_dma.o(i.HAL_DMA_Abort)
    i.HAL_DMA_Abort_IT                       0x08000a4c   Section        0  stm32f1xx_hal_dma.o(i.HAL_DMA_Abort_IT)
    i.HAL_Delay                              0x08000ae4   Section        0  stm32f1xx_hal.o(i.HAL_Delay)
    i.HAL_GPIO_Init                          0x08000b08   Section        0  stm32f1xx_hal_gpio.o(i.HAL_GPIO_Init)
    i.HAL_GPIO_WritePin                      0x08000cf8   Section        0  stm32f1xx_hal_gpio.o(i.HAL_GPIO_WritePin)
    i.HAL_GetTick                            0x08000d08   Section        0  stm32f1xx_hal.o(i.HAL_GetTick)
    i.HAL_IncTick                            0x08000d14   Section        0  stm32f1xx_hal.o(i.HAL_IncTick)
    i.HAL_Init                               0x08000d24   Section        0  stm32f1xx_hal.o(i.HAL_Init)
    i.HAL_InitTick                           0x08000d48   Section        0  stm32f1xx_hal.o(i.HAL_InitTick)
    i.HAL_MspInit                            0x08000d8c   Section        0  stm32f1xx_hal_msp.o(i.HAL_MspInit)
    i.HAL_NVIC_EnableIRQ                     0x08000dc8   Section        0  stm32f1xx_hal_cortex.o(i.HAL_NVIC_EnableIRQ)
    i.HAL_NVIC_SetPriority                   0x08000de4   Section        0  stm32f1xx_hal_cortex.o(i.HAL_NVIC_SetPriority)
    i.HAL_NVIC_SetPriorityGrouping           0x08000e24   Section        0  stm32f1xx_hal_cortex.o(i.HAL_NVIC_SetPriorityGrouping)
    i.HAL_RCCEx_PeriphCLKConfig              0x08000e48   Section        0  stm32f1xx_hal_rcc_ex.o(i.HAL_RCCEx_PeriphCLKConfig)
    i.HAL_RCC_ClockConfig                    0x08000f54   Section        0  stm32f1xx_hal_rcc.o(i.HAL_RCC_ClockConfig)
    i.HAL_RCC_GetHCLKFreq                    0x080010a8   Section        0  stm32f1xx_hal_rcc.o(i.HAL_RCC_GetHCLKFreq)
    i.HAL_RCC_GetPCLK1Freq                   0x080010b4   Section        0  stm32f1xx_hal_rcc.o(i.HAL_RCC_GetPCLK1Freq)
    i.HAL_RCC_GetPCLK2Freq                   0x080010d4   Section        0  stm32f1xx_hal_rcc.o(i.HAL_RCC_GetPCLK2Freq)
    i.HAL_RCC_GetSysClockFreq                0x080010f4   Section        0  stm32f1xx_hal_rcc.o(i.HAL_RCC_GetSysClockFreq)
    i.HAL_RCC_OscConfig                      0x08001140   Section        0  stm32f1xx_hal_rcc.o(i.HAL_RCC_OscConfig)
    i.HAL_SPI_ErrorCallback                  0x080014c4   Section        0  stm32f1xx_hal_spi.o(i.HAL_SPI_ErrorCallback)
    i.HAL_SPI_IRQHandler                     0x080014c8   Section        0  stm32f1xx_hal_spi.o(i.HAL_SPI_IRQHandler)
    i.HAL_SPI_Init                           0x080015b8   Section        0  stm32f1xx_hal_spi.o(i.HAL_SPI_Init)
    i.HAL_SPI_MspInit                        0x0800166c   Section        0  stm32f1xx_hal_msp.o(i.HAL_SPI_MspInit)
    i.HAL_SPI_Receive                        0x080016ec   Section        0  stm32f1xx_hal_spi.o(i.HAL_SPI_Receive)
    i.HAL_SPI_Transmit                       0x08001844   Section        0  stm32f1xx_hal_spi.o(i.HAL_SPI_Transmit)
    i.HAL_SPI_TransmitReceive                0x080019d8   Section        0  stm32f1xx_hal_spi.o(i.HAL_SPI_TransmitReceive)
    i.HAL_SYSTICK_Config                     0x08001bce   Section        0  stm32f1xx_hal_cortex.o(i.HAL_SYSTICK_Config)
    i.HAL_TIMEx_BreakCallback                0x08001bf6   Section        0  stm32f1xx_hal_tim_ex.o(i.HAL_TIMEx_BreakCallback)
    i.HAL_TIMEx_CommutCallback               0x08001bf8   Section        0  stm32f1xx_hal_tim_ex.o(i.HAL_TIMEx_CommutCallback)
    i.HAL_TIMEx_MasterConfigSynchronization  0x08001bfc   Section        0  stm32f1xx_hal_tim_ex.o(i.HAL_TIMEx_MasterConfigSynchronization)
    i.HAL_TIM_Base_Init                      0x08001c64   Section        0  stm32f1xx_hal_tim.o(i.HAL_TIM_Base_Init)
    i.HAL_TIM_Base_MspInit                   0x08001cb0   Section        0  stm32f1xx_hal_msp.o(i.HAL_TIM_Base_MspInit)
    i.HAL_TIM_Base_Start_IT                  0x08001cec   Section        0  stm32f1xx_hal_tim.o(i.HAL_TIM_Base_Start_IT)
    i.HAL_TIM_ConfigClockSource              0x08001d50   Section        0  stm32f1xx_hal_tim.o(i.HAL_TIM_ConfigClockSource)
    i.HAL_TIM_IC_CaptureCallback             0x08001e38   Section        0  stm32f1xx_hal_tim.o(i.HAL_TIM_IC_CaptureCallback)
    i.HAL_TIM_IRQHandler                     0x08001e3a   Section        0  stm32f1xx_hal_tim.o(i.HAL_TIM_IRQHandler)
    i.HAL_TIM_OC_DelayElapsedCallback        0x08001fa8   Section        0  stm32f1xx_hal_tim.o(i.HAL_TIM_OC_DelayElapsedCallback)
    i.HAL_TIM_PWM_PulseFinishedCallback      0x08001faa   Section        0  stm32f1xx_hal_tim.o(i.HAL_TIM_PWM_PulseFinishedCallback)
    i.HAL_TIM_PeriodElapsedCallback          0x08001fac   Section        0  main.o(i.HAL_TIM_PeriodElapsedCallback)
    i.HAL_TIM_TriggerCallback                0x08001fc8   Section        0  stm32f1xx_hal_tim.o(i.HAL_TIM_TriggerCallback)
    i.HAL_UARTEx_RxEventCallback             0x08001fca   Section        0  stm32f1xx_hal_uart.o(i.HAL_UARTEx_RxEventCallback)
    i.HAL_UART_ErrorCallback                 0x08001fcc   Section        0  stm32f1xx_hal_uart.o(i.HAL_UART_ErrorCallback)
    i.HAL_UART_IRQHandler                    0x08001fd0   Section        0  stm32f1xx_hal_uart.o(i.HAL_UART_IRQHandler)
    i.HAL_UART_Init                          0x08002200   Section        0  stm32f1xx_hal_uart.o(i.HAL_UART_Init)
    i.HAL_UART_MspInit                       0x08002268   Section        0  stm32f1xx_hal_msp.o(i.HAL_UART_MspInit)
    i.HAL_UART_Receive_IT                    0x080022e8   Section        0  stm32f1xx_hal_uart.o(i.HAL_UART_Receive_IT)
    i.HAL_UART_RxCpltCallback                0x08002304   Section        0  sim800c.o(i.HAL_UART_RxCpltCallback)
    i.HAL_UART_Transmit_IT                   0x0800232c   Section        0  stm32f1xx_hal_uart.o(i.HAL_UART_Transmit_IT)
    i.HAL_UART_TxCpltCallback                0x08002360   Section        0  sim800c.o(i.HAL_UART_TxCpltCallback)
    i.HardFault_Handler                      0x08002388   Section        0  stm32f1xx_it.o(i.HardFault_Handler)
    i.I2C1_ER_IRQHandler                     0x0800238c   Section        0  stm32f1xx_it.o(i.I2C1_ER_IRQHandler)
    i.I2C1_EV_IRQHandler                     0x0800238e   Section        0  stm32f1xx_it.o(i.I2C1_EV_IRQHandler)
    i.Led_Init                               0x08002390   Section        0  led.o(i.Led_Init)
    i.Led_MsHandle                           0x080023dc   Section        0  led.o(i.Led_MsHandle)
    i.Led_SetMode                            0x08002490   Section        0  led.o(i.Led_SetMode)
    i.Led_SetState                           0x080024c4   Section        0  led.o(i.Led_SetState)
    i.MX_GPIO_Init                           0x080024d8   Section        0  main.o(i.MX_GPIO_Init)
    MX_GPIO_Init                             0x080024d9   Thumb Code   118  main.o(i.MX_GPIO_Init)
    i.MX_TIM4_Init                           0x08002558   Section        0  main.o(i.MX_TIM4_Init)
    MX_TIM4_Init                             0x08002559   Thumb Code   130  main.o(i.MX_TIM4_Init)
    i.MemManage_Handler                      0x080025e8   Section        0  stm32f1xx_it.o(i.MemManage_Handler)
    i.NMI_Handler                            0x080025ec   Section        0  stm32f1xx_it.o(i.NMI_Handler)
    i.PendSV_Handler                         0x080025f0   Section        0  stm32f1xx_it.o(i.PendSV_Handler)
    i.RCC_Delay                              0x080025f4   Section        0  stm32f1xx_hal_rcc.o(i.RCC_Delay)
    RCC_Delay                                0x080025f5   Thumb Code    30  stm32f1xx_hal_rcc.o(i.RCC_Delay)
    i.RTC_IRQHandler                         0x08002618   Section        0  stm32f1xx_it.o(i.RTC_IRQHandler)
    i.SPI1_IRQHandler                        0x0800261c   Section        0  stm32f1xx_it.o(i.SPI1_IRQHandler)
    i.SPI_DMAAbortOnError                    0x08002628   Section        0  stm32f1xx_hal_spi.o(i.SPI_DMAAbortOnError)
    SPI_DMAAbortOnError                      0x08002629   Thumb Code    16  stm32f1xx_hal_spi.o(i.SPI_DMAAbortOnError)
    i.SPI_EndRxTransaction                   0x08002638   Section        0  stm32f1xx_hal_spi.o(i.SPI_EndRxTransaction)
    SPI_EndRxTransaction                     0x08002639   Thumb Code   112  stm32f1xx_hal_spi.o(i.SPI_EndRxTransaction)
    i.SPI_EndRxTxTransaction                 0x080026a8   Section        0  stm32f1xx_hal_spi.o(i.SPI_EndRxTxTransaction)
    SPI_EndRxTxTransaction                   0x080026a9   Thumb Code    36  stm32f1xx_hal_spi.o(i.SPI_EndRxTxTransaction)
    i.SPI_WaitFlagStateUntilTimeout          0x080026cc   Section        0  stm32f1xx_hal_spi.o(i.SPI_WaitFlagStateUntilTimeout)
    SPI_WaitFlagStateUntilTimeout            0x080026cd   Thumb Code   184  stm32f1xx_hal_spi.o(i.SPI_WaitFlagStateUntilTimeout)
    i.SVC_Handler                            0x08002788   Section        0  stm32f1xx_it.o(i.SVC_Handler)
    i.Sim800C_ClearMessages                  0x0800278c   Section        0  sim800c.o(i.Sim800C_ClearMessages)
    i.Sim800C_GetImei                        0x080027f0   Section        0  sim800c.o(i.Sim800C_GetImei)
    i.Sim800C_GetSms                         0x08002814   Section        0  sim800c.o(i.Sim800C_GetSms)
    i.Sim800C_Init                           0x0800284c   Section        0  sim800c.o(i.Sim800C_Init)
    i.Sim800C_IsBusy                         0x08002908   Section        0  sim800c.o(i.Sim800C_IsBusy)
    i.Sim800C_MainHandler                    0x08002918   Section        0  sim800c.o(i.Sim800C_MainHandler)
    i.Sim800C_MsHandler                      0x08002ec8   Section        0  sim800c.o(i.Sim800C_MsHandler)
    i.Sim800C_Power                          0x08002f10   Section        0  sim800c.o(i.Sim800C_Power)
    i.Sim800C_RequestImei                    0x08002f60   Section        0  sim800c.o(i.Sim800C_RequestImei)
    i.Sim800C_Reset                          0x08002fc0   Section        0  sim800c.o(i.Sim800C_Reset)
    i.SysTick_Handler                        0x08002fe0   Section        0  stm32f1xx_it.o(i.SysTick_Handler)
    i.SystemClock_Config                     0x08002fe4   Section        0  main.o(i.SystemClock_Config)
    i.SystemInit                             0x08003064   Section        0  system_stm32f1xx.o(i.SystemInit)
    i.TIM4_IRQHandler                        0x08003068   Section        0  stm32f1xx_it.o(i.TIM4_IRQHandler)
    i.TIM_Base_SetConfig                     0x08003074   Section        0  stm32f1xx_hal_tim.o(i.TIM_Base_SetConfig)
    i.TIM_ETR_SetConfig                      0x080030e0   Section        0  stm32f1xx_hal_tim.o(i.TIM_ETR_SetConfig)
    i.TIM_ITRx_SetConfig                     0x080030f4   Section        0  stm32f1xx_hal_tim.o(i.TIM_ITRx_SetConfig)
    TIM_ITRx_SetConfig                       0x080030f5   Thumb Code    16  stm32f1xx_hal_tim.o(i.TIM_ITRx_SetConfig)
    i.TIM_TI1_ConfigInputStage               0x08003104   Section        0  stm32f1xx_hal_tim.o(i.TIM_TI1_ConfigInputStage)
    TIM_TI1_ConfigInputStage                 0x08003105   Thumb Code    34  stm32f1xx_hal_tim.o(i.TIM_TI1_ConfigInputStage)
    i.TIM_TI2_ConfigInputStage               0x08003126   Section        0  stm32f1xx_hal_tim.o(i.TIM_TI2_ConfigInputStage)
    TIM_TI2_ConfigInputStage                 0x08003127   Thumb Code    36  stm32f1xx_hal_tim.o(i.TIM_TI2_ConfigInputStage)
    i.UART_DMAAbortOnError                   0x0800314a   Section        0  stm32f1xx_hal_uart.o(i.UART_DMAAbortOnError)
    UART_DMAAbortOnError                     0x0800314b   Thumb Code    16  stm32f1xx_hal_uart.o(i.UART_DMAAbortOnError)
    i.UART_EndRxTransfer                     0x0800315a   Section        0  stm32f1xx_hal_uart.o(i.UART_EndRxTransfer)
    UART_EndRxTransfer                       0x0800315b   Thumb Code    78  stm32f1xx_hal_uart.o(i.UART_EndRxTransfer)
    i.UART_EndTransmit_IT                    0x080031a8   Section        0  stm32f1xx_hal_uart.o(i.UART_EndTransmit_IT)
    UART_EndTransmit_IT                      0x080031a9   Thumb Code    26  stm32f1xx_hal_uart.o(i.UART_EndTransmit_IT)
    i.UART_Receive_IT                        0x080031c2   Section        0  stm32f1xx_hal_uart.o(i.UART_Receive_IT)
    UART_Receive_IT                          0x080031c3   Thumb Code   200  stm32f1xx_hal_uart.o(i.UART_Receive_IT)
    i.UART_SetConfig                         0x0800328c   Section        0  stm32f1xx_hal_uart.o(i.UART_SetConfig)
    UART_SetConfig                           0x0800328d   Thumb Code   178  stm32f1xx_hal_uart.o(i.UART_SetConfig)
    i.UART_Start_Receive_IT                  0x08003344   Section        0  stm32f1xx_hal_uart.o(i.UART_Start_Receive_IT)
    i.UART_Transmit_IT                       0x0800337c   Section        0  stm32f1xx_hal_uart.o(i.UART_Transmit_IT)
    UART_Transmit_IT                         0x0800337d   Thumb Code    94  stm32f1xx_hal_uart.o(i.UART_Transmit_IT)
    i.USART1_IRQHandler                      0x080033dc   Section        0  stm32f1xx_it.o(i.USART1_IRQHandler)
    i.UsageFault_Handler                     0x080033e8   Section        0  stm32f1xx_it.o(i.UsageFault_Handler)
    i.__NVIC_SetPriority                     0x080033ec   Section        0  stm32f1xx_hal_cortex.o(i.__NVIC_SetPriority)
    __NVIC_SetPriority                       0x080033ed   Thumb Code    32  stm32f1xx_hal_cortex.o(i.__NVIC_SetPriority)
    i.eraseBlock                             0x0800340c   Section        0  flash.o(i.eraseBlock)
    eraseBlock                               0x0800340d   Thumb Code    80  flash.o(i.eraseBlock)
    i.getBaud                                0x08003464   Section        0  sim800c.o(i.getBaud)
    getBaud                                  0x08003465   Thumb Code    50  sim800c.o(i.getBaud)
    i.getChecksum                            0x080034a8   Section        0  main.o(i.getChecksum)
    getChecksum                              0x080034a9   Thumb Code    46  main.o(i.getChecksum)
    i.main                                   0x080034d8   Section        0  main.o(i.main)
    i.operationHandler                       0x08003580   Section        0  main.o(i.operationHandler)
    operationHandler                         0x08003581   Thumb Code    78  main.o(i.operationHandler)
    i.ping                                   0x080035d4   Section        0  sim800c.o(i.ping)
    ping                                     0x080035d5   Thumb Code    40  sim800c.o(i.ping)
    i.processIncomeSms                       0x08003600   Section        0  main.o(i.processIncomeSms)
    processIncomeSms                         0x08003601   Thumb Code   140  main.o(i.processIncomeSms)
    i.resetProtection                        0x08003694   Section        0  flash.o(i.resetProtection)
    resetProtection                          0x08003695   Thumb Code    46  flash.o(i.resetProtection)
    i.sendAt                                 0x080036cc   Section        0  sim800c.o(i.sendAt)
    sendAt                                   0x080036cd   Thumb Code    50  sim800c.o(i.sendAt)
    i.sendByte                               0x0800370c   Section        0  sim800c.o(i.sendByte)
    sendByte                                 0x0800370d   Thumb Code    20  sim800c.o(i.sendByte)
    i.sendDone                               0x08003728   Section        0  sim800c.o(i.sendDone)
    sendDone                                 0x08003729   Thumb Code    32  sim800c.o(i.sendDone)
    i.sendPhone                              0x0800374c   Section        0  sim800c.o(i.sendPhone)
    sendPhone                                0x0800374d   Thumb Code    88  sim800c.o(i.sendPhone)
    i.sendReadSms                            0x080037b8   Section        0  sim800c.o(i.sendReadSms)
    sendReadSms                              0x080037b9   Thumb Code    82  sim800c.o(i.sendReadSms)
    i.sendSmsText                            0x08003820   Section        0  sim800c.o(i.sendSmsText)
    sendSmsText                              0x08003821   Thumb Code    60  sim800c.o(i.sendSmsText)
    i.sendTextMode                           0x08003860   Section        0  sim800c.o(i.sendTextMode)
    sendTextMode                             0x08003861   Thumb Code    56  sim800c.o(i.sendTextMode)
    i.setBaud                                0x080038a8   Section        0  sim800c.o(i.setBaud)
    setBaud                                  0x080038a9   Thumb Code    50  sim800c.o(i.setBaud)
    i.setCs                                  0x080038f8   Section        0  flash.o(i.setCs)
    setCs                                    0x080038f9   Thumb Code    36  flash.o(i.setCs)
    i.setError                               0x08003920   Section        0  sim800c.o(i.setError)
    setError                                 0x08003921   Thumb Code    74  sim800c.o(i.setError)
    i.setReset                               0x08003970   Section        0  sim800c.o(i.setReset)
    setReset                                 0x08003971   Thumb Code    14  sim800c.o(i.setReset)
    i.startRecv                              0x08003984   Section        0  sim800c.o(i.startRecv)
    startRecv                                0x08003985   Thumb Code    12  sim800c.o(i.startRecv)
    i.writePage                              0x08003994   Section        0  flash.o(i.writePage)
    writePage                                0x08003995   Thumb Code   104  flash.o(i.writePage)
    i.writeToBlock                           0x08003a04   Section        0  flash.o(i.writeToBlock)
    writeToBlock                             0x08003a05   Thumb Code   102  flash.o(i.writeToBlock)
    locale$$code                             0x08003a70   Section       44  lc_ctype_c.o(locale$$code)
    .constdata                               0x08003a9c   Section        4  sim800c.o(.constdata)
    .constdata                               0x08003aa0   Section       32  buffer.o(.constdata)
    powArray                                 0x08003aa0   Data          32  buffer.o(.constdata)
    .constdata                               0x08003ac0   Section       18  stm32f1xx_hal_rcc.o(.constdata)
    aPredivFactorTable                       0x08003ac0   Data           2  stm32f1xx_hal_rcc.o(.constdata)
    aPLLMULFactorTable                       0x08003ac2   Data          16  stm32f1xx_hal_rcc.o(.constdata)
    .constdata                               0x08003ad2   Section       16  system_stm32f1xx.o(.constdata)
    .constdata                               0x08003ae2   Section        8  system_stm32f1xx.o(.constdata)
    locale$$data                             0x08003b0c   Section      272  lc_ctype_c.o(locale$$data)
    __lcctype_c_name                         0x08003b10   Data           2  lc_ctype_c.o(locale$$data)
    __lcctype_c_start                        0x08003b18   Data           0  lc_ctype_c.o(locale$$data)
    __lcctype_c_end                          0x08003c1c   Data           0  lc_ctype_c.o(locale$$data)
    .data                                    0x20000000   Section       24  main.o(.data)
    context                                  0x20000000   Data           1  main.o(.data)
    .data                                    0x20000018   Section        6  led.o(.data)
    state                                    0x20000018   Data           1  led.o(.data)
    .data                                    0x20000020   Section        4  sim800c.o(.data)
    notRecognized                            0x20000020   Data           4  sim800c.o(.data)
    .data                                    0x20000024   Section       12  stm32f1xx_hal.o(.data)
    .data                                    0x20000030   Section        4  system_stm32f1xx.o(.data)
    .bss                                     0x20000034   Section       72  main.o(.bss)
    .bss                                     0x2000007c   Section     2460  sim800c.o(.bss)
    context                                  0x2000087c   Data         340  sim800c.o(.bss)
    .bss                                     0x20000a18   Section     4184  flash.o(.bss)
    dataBuffer                               0x20000a70   Data        4096  flash.o(.bss)
    .bss                                     0x20001a70   Section       96  libspace.o(.bss)
    HEAP                                     0x20001ad0   Section      512  startup_stm32f103xb.o(HEAP)
    Heap_Mem                                 0x20001ad0   Data         512  startup_stm32f103xb.o(HEAP)
    STACK                                    0x20001cd0   Section     1024  startup_stm32f103xb.o(STACK)
    Stack_Mem                                0x20001cd0   Data        1024  startup_stm32f103xb.o(STACK)
    __initial_sp                             0x200020d0   Data           0  startup_stm32f103xb.o(STACK)

    Global Symbols

    Symbol Name                              Value     Ov Type        Size  Object(Section)

    BuildAttributes$$THM_ISAv4$P$D$K$B$S$PE$A:L22UL41UL21$X:L11$S22US41US21$IEEE1$IW$USESV6$~STKCKD$USESV7$~SHL$OSPACE$ROPI$EBA8$UX$STANDARDLIB$REQ8$PRES8$EABIv2 0x00000000   Number         0  anon$$obj.o ABSOLUTE
    __ARM_use_no_argv                        0x00000000   Number         0  main.o ABSOLUTE
    __ARM_exceptions_init                     - Undefined Weak Reference
    __alloca_initialize                       - Undefined Weak Reference
    __arm_fini_                               - Undefined Weak Reference
    __arm_preinit_                            - Undefined Weak Reference
    __cpp_initialize__aeabi_                  - Undefined Weak Reference
    __cxa_finalize                            - Undefined Weak Reference
    __sigvec_lookup                           - Undefined Weak Reference
    _atexit_init                              - Undefined Weak Reference
    _call_atexit_fns                          - Undefined Weak Reference
    _clock_init                               - Undefined Weak Reference
    _fp_trap_init                             - Undefined Weak Reference
    _fp_trap_shutdown                         - Undefined Weak Reference
    _get_lc_collate                           - Undefined Weak Reference
    _get_lc_monetary                          - Undefined Weak Reference
    _get_lc_numeric                           - Undefined Weak Reference
    _get_lc_time                              - Undefined Weak Reference
    _getenv_init                              - Undefined Weak Reference
    _handle_redirection                       - Undefined Weak Reference
    _init_alloc                               - Undefined Weak Reference
    _init_user_alloc                          - Undefined Weak Reference
    _initio                                   - Undefined Weak Reference
    _rand_init                                - Undefined Weak Reference
    _signal_finish                            - Undefined Weak Reference
    _signal_init                              - Undefined Weak Reference
    _terminate_alloc                          - Undefined Weak Reference
    _terminate_user_alloc                     - Undefined Weak Reference
    _terminateio                              - Undefined Weak Reference
    __Vectors_Size                           0x000000ec   Number         0  startup_stm32f103xb.o ABSOLUTE
    __Vectors                                0x08000000   Data           4  startup_stm32f103xb.o(RESET)
    __Vectors_End                            0x080000ec   Data           0  startup_stm32f103xb.o(RESET)
    __main                                   0x080000ed   Thumb Code     8  __main.o(!!!main)
    __scatterload                            0x080000f5   Thumb Code     0  __scatter.o(!!!scatter)
    __scatterload_rt2                        0x080000f5   Thumb Code    44  __scatter.o(!!!scatter)
    __scatterload_rt2_thumb_only             0x080000f5   Thumb Code     0  __scatter.o(!!!scatter)
    __scatterload_null                       0x08000103   Thumb Code     0  __scatter.o(!!!scatter)
    __scatterload_copy                       0x08000129   Thumb Code    26  __scatter_copy.o(!!handler_copy)
    __scatterload_zeroinit                   0x08000145   Thumb Code    28  __scatter_zi.o(!!handler_zi)
    __rt_lib_init                            0x08000161   Thumb Code     0  libinit.o(.ARM.Collect$$libinit$$00000000)
    __rt_lib_init_fp_1                       0x08000163   Thumb Code     0  libinit2.o(.ARM.Collect$$libinit$$00000002)
    __rt_lib_init_heap_1                     0x08000163   Thumb Code     0  libinit2.o(.ARM.Collect$$libinit$$0000000A)
    __rt_lib_init_lc_common                  0x08000163   Thumb Code     0  libinit2.o(.ARM.Collect$$libinit$$0000000F)
    __rt_lib_init_preinit_1                  0x08000163   Thumb Code     0  libinit2.o(.ARM.Collect$$libinit$$00000004)
    __rt_lib_init_rand_1                     0x08000163   Thumb Code     0  libinit2.o(.ARM.Collect$$libinit$$0000000E)
    __rt_lib_init_user_alloc_1               0x08000163   Thumb Code     0  libinit2.o(.ARM.Collect$$libinit$$0000000C)
    __rt_lib_init_lc_collate_1               0x08000169   Thumb Code     0  libinit2.o(.ARM.Collect$$libinit$$00000011)
    __rt_lib_init_lc_ctype_2                 0x08000169   Thumb Code     0  libinit2.o(.ARM.Collect$$libinit$$00000012)
    __rt_lib_init_alloca_1                   0x08000175   Thumb Code     0  libinit2.o(.ARM.Collect$$libinit$$0000002E)
    __rt_lib_init_argv_1                     0x08000175   Thumb Code     0  libinit2.o(.ARM.Collect$$libinit$$0000002C)
    __rt_lib_init_atexit_1                   0x08000175   Thumb Code     0  libinit2.o(.ARM.Collect$$libinit$$0000001B)
    __rt_lib_init_clock_1                    0x08000175   Thumb Code     0  libinit2.o(.ARM.Collect$$libinit$$00000021)
    __rt_lib_init_cpp_1                      0x08000175   Thumb Code     0  libinit2.o(.ARM.Collect$$libinit$$00000032)
    __rt_lib_init_exceptions_1               0x08000175   Thumb Code     0  libinit2.o(.ARM.Collect$$libinit$$00000030)
    __rt_lib_init_fp_trap_1                  0x08000175   Thumb Code     0  libinit2.o(.ARM.Collect$$libinit$$0000001F)
    __rt_lib_init_getenv_1                   0x08000175   Thumb Code     0  libinit2.o(.ARM.Collect$$libinit$$00000023)
    __rt_lib_init_lc_ctype_1                 0x08000175   Thumb Code     0  libinit2.o(.ARM.Collect$$libinit$$00000013)
    __rt_lib_init_lc_monetary_1              0x08000175   Thumb Code     0  libinit2.o(.ARM.Collect$$libinit$$00000015)
    __rt_lib_init_lc_numeric_1               0x08000175   Thumb Code     0  libinit2.o(.ARM.Collect$$libinit$$00000017)
    __rt_lib_init_lc_time_1                  0x08000175   Thumb Code     0  libinit2.o(.ARM.Collect$$libinit$$00000019)
    __rt_lib_init_return                     0x08000175   Thumb Code     0  libinit2.o(.ARM.Collect$$libinit$$00000033)
    __rt_lib_init_signal_1                   0x08000175   Thumb Code     0  libinit2.o(.ARM.Collect$$libinit$$0000001D)
    __rt_lib_init_stdio_1                    0x08000175   Thumb Code     0  libinit2.o(.ARM.Collect$$libinit$$00000025)
    __rt_lib_shutdown                        0x08000177   Thumb Code     0  libshutdown.o(.ARM.Collect$$libshutdown$$00000000)
    __rt_lib_shutdown_cpp_1                  0x08000179   Thumb Code     0  libshutdown2.o(.ARM.Collect$$libshutdown$$00000004)
    __rt_lib_shutdown_fini_1                 0x08000179   Thumb Code     0  libshutdown2.o(.ARM.Collect$$libshutdown$$00000002)
    __rt_lib_shutdown_fp_trap_1              0x08000179   Thumb Code     0  libshutdown2.o(.ARM.Collect$$libshutdown$$00000009)
    __rt_lib_shutdown_heap_1                 0x08000179   Thumb Code     0  libshutdown2.o(.ARM.Collect$$libshutdown$$00000011)
    __rt_lib_shutdown_return                 0x08000179   Thumb Code     0  libshutdown2.o(.ARM.Collect$$libshutdown$$00000012)
    __rt_lib_shutdown_signal_1               0x08000179   Thumb Code     0  libshutdown2.o(.ARM.Collect$$libshutdown$$0000000C)
    __rt_lib_shutdown_stdio_1                0x08000179   Thumb Code     0  libshutdown2.o(.ARM.Collect$$libshutdown$$00000006)
    __rt_lib_shutdown_user_alloc_1           0x08000179   Thumb Code     0  libshutdown2.o(.ARM.Collect$$libshutdown$$0000000E)
    __rt_entry                               0x0800017b   Thumb Code     0  __rtentry.o(.ARM.Collect$$rtentry$$00000000)
    __rt_entry_presh_1                       0x0800017b   Thumb Code     0  __rtentry2.o(.ARM.Collect$$rtentry$$00000002)
    __rt_entry_sh                            0x0800017b   Thumb Code     0  __rtentry4.o(.ARM.Collect$$rtentry$$00000004)
    __rt_entry_li                            0x08000181   Thumb Code     0  __rtentry2.o(.ARM.Collect$$rtentry$$0000000A)
    __rt_entry_postsh_1                      0x08000181   Thumb Code     0  __rtentry2.o(.ARM.Collect$$rtentry$$00000009)
    __rt_entry_main                          0x08000185   Thumb Code     0  __rtentry2.o(.ARM.Collect$$rtentry$$0000000D)
    __rt_entry_postli_1                      0x08000185   Thumb Code     0  __rtentry2.o(.ARM.Collect$$rtentry$$0000000C)
    __rt_exit                                0x0800018d   Thumb Code     0  rtexit.o(.ARM.Collect$$rtexit$$00000000)
    __rt_exit_ls                             0x0800018f   Thumb Code     0  rtexit2.o(.ARM.Collect$$rtexit$$00000003)
    __rt_exit_prels_1                        0x0800018f   Thumb Code     0  rtexit2.o(.ARM.Collect$$rtexit$$00000002)
    __rt_exit_exit                           0x08000193   Thumb Code     0  rtexit2.o(.ARM.Collect$$rtexit$$00000004)
    Reset_Handler                            0x08000199   Thumb Code     8  startup_stm32f103xb.o(.text)
    ADC1_2_IRQHandler                        0x080001b3   Thumb Code     0  startup_stm32f103xb.o(.text)
    CAN1_RX1_IRQHandler                      0x080001b3   Thumb Code     0  startup_stm32f103xb.o(.text)
    CAN1_SCE_IRQHandler                      0x080001b3   Thumb Code     0  startup_stm32f103xb.o(.text)
    DMA1_Channel1_IRQHandler                 0x080001b3   Thumb Code     0  startup_stm32f103xb.o(.text)
    DMA1_Channel2_IRQHandler                 0x080001b3   Thumb Code     0  startup_stm32f103xb.o(.text)
    DMA1_Channel3_IRQHandler                 0x080001b3   Thumb Code     0  startup_stm32f103xb.o(.text)
    DMA1_Channel4_IRQHandler                 0x080001b3   Thumb Code     0  startup_stm32f103xb.o(.text)
    DMA1_Channel5_IRQHandler                 0x080001b3   Thumb Code     0  startup_stm32f103xb.o(.text)
    DMA1_Channel6_IRQHandler                 0x080001b3   Thumb Code     0  startup_stm32f103xb.o(.text)
    DMA1_Channel7_IRQHandler                 0x080001b3   Thumb Code     0  startup_stm32f103xb.o(.text)
    EXTI0_IRQHandler                         0x080001b3   Thumb Code     0  startup_stm32f103xb.o(.text)
    EXTI15_10_IRQHandler                     0x080001b3   Thumb Code     0  startup_stm32f103xb.o(.text)
    EXTI1_IRQHandler                         0x080001b3   Thumb Code     0  startup_stm32f103xb.o(.text)
    EXTI2_IRQHandler                         0x080001b3   Thumb Code     0  startup_stm32f103xb.o(.text)
    EXTI3_IRQHandler                         0x080001b3   Thumb Code     0  startup_stm32f103xb.o(.text)
    EXTI4_IRQHandler                         0x080001b3   Thumb Code     0  startup_stm32f103xb.o(.text)
    EXTI9_5_IRQHandler                       0x080001b3   Thumb Code     0  startup_stm32f103xb.o(.text)
    FLASH_IRQHandler                         0x080001b3   Thumb Code     0  startup_stm32f103xb.o(.text)
    I2C2_ER_IRQHandler                       0x080001b3   Thumb Code     0  startup_stm32f103xb.o(.text)
    I2C2_EV_IRQHandler                       0x080001b3   Thumb Code     0  startup_stm32f103xb.o(.text)
    PVD_IRQHandler                           0x080001b3   Thumb Code     0  startup_stm32f103xb.o(.text)
    RCC_IRQHandler                           0x080001b3   Thumb Code     0  startup_stm32f103xb.o(.text)
    RTC_Alarm_IRQHandler                     0x080001b3   Thumb Code     0  startup_stm32f103xb.o(.text)
    SPI2_IRQHandler                          0x080001b3   Thumb Code     0  startup_stm32f103xb.o(.text)
    TAMPER_IRQHandler                        0x080001b3   Thumb Code     0  startup_stm32f103xb.o(.text)
    TIM1_BRK_IRQHandler                      0x080001b3   Thumb Code     0  startup_stm32f103xb.o(.text)
    TIM1_CC_IRQHandler                       0x080001b3   Thumb Code     0  startup_stm32f103xb.o(.text)
    TIM1_TRG_COM_IRQHandler                  0x080001b3   Thumb Code     0  startup_stm32f103xb.o(.text)
    TIM1_UP_IRQHandler                       0x080001b3   Thumb Code     0  startup_stm32f103xb.o(.text)
    TIM2_IRQHandler                          0x080001b3   Thumb Code     0  startup_stm32f103xb.o(.text)
    TIM3_IRQHandler                          0x080001b3   Thumb Code     0  startup_stm32f103xb.o(.text)
    USART2_IRQHandler                        0x080001b3   Thumb Code     0  startup_stm32f103xb.o(.text)
    USART3_IRQHandler                        0x080001b3   Thumb Code     0  startup_stm32f103xb.o(.text)
    USBWakeUp_IRQHandler                     0x080001b3   Thumb Code     0  startup_stm32f103xb.o(.text)
    USB_HP_CAN1_TX_IRQHandler                0x080001b3   Thumb Code     0  startup_stm32f103xb.o(.text)
    USB_LP_CAN1_RX0_IRQHandler               0x080001b3   Thumb Code     0  startup_stm32f103xb.o(.text)
    WWDG_IRQHandler                          0x080001b3   Thumb Code     0  startup_stm32f103xb.o(.text)
    __user_initial_stackheap                 0x080001b5   Thumb Code     0  startup_stm32f103xb.o(.text)
    atoi                                     0x080001d9   Thumb Code    26  atoi.o(.text)
    memcmp                                   0x080001f3   Thumb Code    88  memcmp.o(.text)
    strlen                                   0x0800024b   Thumb Code    62  strlen.o(.text)
    __aeabi_memcpy                           0x08000289   Thumb Code     0  rt_memcpy_v6.o(.text)
    __rt_memcpy                              0x08000289   Thumb Code   138  rt_memcpy_v6.o(.text)
    _memcpy_lastbytes                        0x080002ef   Thumb Code     0  rt_memcpy_v6.o(.text)
    __aeabi_memmove                          0x08000313   Thumb Code     0  rt_memmove_v6.o(.text)
    __rt_memmove                             0x08000313   Thumb Code   132  rt_memmove_v6.o(.text)
    __memmove_lastfew                        0x08000373   Thumb Code     0  rt_memmove_v6.o(.text)
    __aeabi_memcpy4                          0x08000397   Thumb Code     0  rt_memcpy_w.o(.text)
    __aeabi_memcpy8                          0x08000397   Thumb Code     0  rt_memcpy_w.o(.text)
    __rt_memcpy_w                            0x08000397   Thumb Code   100  rt_memcpy_w.o(.text)
    _memcpy_lastbytes_aligned                0x080003df   Thumb Code     0  rt_memcpy_w.o(.text)
    __aeabi_memclr                           0x080003fb   Thumb Code     0  rt_memclr.o(.text)
    __rt_memclr                              0x080003fb   Thumb Code    68  rt_memclr.o(.text)
    _memset                                  0x080003ff   Thumb Code     0  rt_memclr.o(.text)
    __aeabi_memclr4                          0x0800043f   Thumb Code     0  rt_memclr_w.o(.text)
    __aeabi_memclr8                          0x0800043f   Thumb Code     0  rt_memclr_w.o(.text)
    __rt_memclr_w                            0x0800043f   Thumb Code    78  rt_memclr_w.o(.text)
    _memset_w                                0x08000443   Thumb Code     0  rt_memclr_w.o(.text)
    __use_two_region_memory                  0x0800048d   Thumb Code     2  heapauxi.o(.text)
    __rt_heap_escrow$2region                 0x0800048f   Thumb Code     2  heapauxi.o(.text)
    __rt_heap_expand$2region                 0x08000491   Thumb Code     2  heapauxi.o(.text)
    __aeabi_errno_addr                       0x08000495   Thumb Code     8  rt_errno_addr_intlibspace.o(.text)
    __errno$intlibspace                      0x08000495   Thumb Code     0  rt_errno_addr_intlibspace.o(.text)
    __rt_errno_addr$intlibspace              0x08000495   Thumb Code     0  rt_errno_addr_intlibspace.o(.text)
    strtol                                   0x0800049d   Thumb Code   112  strtol.o(.text)
    __aeabi_memmove4                         0x0800050d   Thumb Code     0  rt_memmove_w.o(.text)
    __aeabi_memmove8                         0x0800050d   Thumb Code     0  rt_memmove_w.o(.text)
    __rt_memmove_w                           0x0800050d   Thumb Code   122  rt_memmove_w.o(.text)
    __memmove_aligned                        0x08000533   Thumb Code     0  rt_memmove_w.o(.text)
    __memmove_lastfew_aligned                0x0800056b   Thumb Code     0  rt_memmove_w.o(.text)
    __user_libspace                          0x08000589   Thumb Code     8  libspace.o(.text)
    __user_perproc_libspace                  0x08000589   Thumb Code     0  libspace.o(.text)
    __user_perthread_libspace                0x08000589   Thumb Code     0  libspace.o(.text)
    __rt_ctype_table                         0x08000591   Thumb Code    16  rt_ctype_table.o(.text)
    _strtoul                                 0x080005a1   Thumb Code   158  _strtoul.o(.text)
    __user_setup_stackheap                   0x0800063f   Thumb Code    74  sys_stackheap_outer.o(.text)
    __rt_locale                              0x08000689   Thumb Code     8  rt_locale_intlibspace.o(.text)
    _chval                                   0x08000691   Thumb Code    28  _chval.o(.text)
    exit                                     0x080006ad   Thumb Code    18  exit.o(.text)
    strcmp                                   0x080006c1   Thumb Code   128  strcmpv7m.o(.text)
    _sys_exit                                0x08000741   Thumb Code     8  sys_exit.o(.text)
    __I$use$semihosting                      0x0800074d   Thumb Code     0  use_no_semi.o(.text)
    __use_no_semihosting_swi                 0x0800074d   Thumb Code     2  use_no_semi.o(.text)
    Buffer_Append                            0x0800074f   Thumb Code    30  buffer.o(i.Buffer_Append)
    __semihosting_library_function           0x0800074f   Thumb Code     0  indicate_semi.o(.text)
    Buffer_AppendArray                       0x0800076d   Thumb Code    54  buffer.o(i.Buffer_AppendArray)
    Buffer_AppendInteger                     0x080007a5   Thumb Code    80  buffer.o(i.Buffer_AppendInteger)
    Buffer_Clear                             0x080007f9   Thumb Code     8  buffer.o(i.Buffer_Clear)
    Buffer_Find                              0x08000801   Thumb Code    64  buffer.o(i.Buffer_Find)
    Buffer_Init                              0x08000841   Thumb Code    12  buffer.o(i.Buffer_Init)
    Buffer_Shift                             0x0800084d   Thumb Code    52  buffer.o(i.Buffer_Shift)
    BusFault_Handler                         0x08000881   Thumb Code     4  stm32f1xx_it.o(i.BusFault_Handler)
    DebugMon_Handler                         0x08000885   Thumb Code     2  stm32f1xx_it.o(i.DebugMon_Handler)
    Error_Handler                            0x08000887   Thumb Code    10  error_handler.o(i.Error_Handler)
    Flash_Init                               0x08000891   Thumb Code   130  flash.o(i.Flash_Init)
    Flash_Read                               0x08000925   Thumb Code   114  flash.o(i.Flash_Read)
    Flash_Write                              0x080009a1   Thumb Code   100  flash.o(i.Flash_Write)
    HAL_DMA_Abort                            0x08000a05   Thumb Code    70  stm32f1xx_hal_dma.o(i.HAL_DMA_Abort)
    HAL_DMA_Abort_IT                         0x08000a4d   Thumb Code   148  stm32f1xx_hal_dma.o(i.HAL_DMA_Abort_IT)
    HAL_Delay                                0x08000ae5   Thumb Code    32  stm32f1xx_hal.o(i.HAL_Delay)
    HAL_GPIO_Init                            0x08000b09   Thumb Code   464  stm32f1xx_hal_gpio.o(i.HAL_GPIO_Init)
    HAL_GPIO_WritePin                        0x08000cf9   Thumb Code    14  stm32f1xx_hal_gpio.o(i.HAL_GPIO_WritePin)
    HAL_GetTick                              0x08000d09   Thumb Code     6  stm32f1xx_hal.o(i.HAL_GetTick)
    HAL_IncTick                              0x08000d15   Thumb Code    12  stm32f1xx_hal.o(i.HAL_IncTick)
    HAL_Init                                 0x08000d25   Thumb Code    32  stm32f1xx_hal.o(i.HAL_Init)
    HAL_InitTick                             0x08000d49   Thumb Code    58  stm32f1xx_hal.o(i.HAL_InitTick)
    HAL_MspInit                              0x08000d8d   Thumb Code    52  stm32f1xx_hal_msp.o(i.HAL_MspInit)
    HAL_NVIC_EnableIRQ                       0x08000dc9   Thumb Code    26  stm32f1xx_hal_cortex.o(i.HAL_NVIC_EnableIRQ)
    HAL_NVIC_SetPriority                     0x08000de5   Thumb Code    60  stm32f1xx_hal_cortex.o(i.HAL_NVIC_SetPriority)
    HAL_NVIC_SetPriorityGrouping             0x08000e25   Thumb Code    26  stm32f1xx_hal_cortex.o(i.HAL_NVIC_SetPriorityGrouping)
    HAL_RCCEx_PeriphCLKConfig                0x08000e49   Thumb Code   256  stm32f1xx_hal_rcc_ex.o(i.HAL_RCCEx_PeriphCLKConfig)
    HAL_RCC_ClockConfig                      0x08000f55   Thumb Code   318  stm32f1xx_hal_rcc.o(i.HAL_RCC_ClockConfig)
    HAL_RCC_GetHCLKFreq                      0x080010a9   Thumb Code     6  stm32f1xx_hal_rcc.o(i.HAL_RCC_GetHCLKFreq)
    HAL_RCC_GetPCLK1Freq                     0x080010b5   Thumb Code    22  stm32f1xx_hal_rcc.o(i.HAL_RCC_GetPCLK1Freq)
    HAL_RCC_GetPCLK2Freq                     0x080010d5   Thumb Code    22  stm32f1xx_hal_rcc.o(i.HAL_RCC_GetPCLK2Freq)
    HAL_RCC_GetSysClockFreq                  0x080010f5   Thumb Code    58  stm32f1xx_hal_rcc.o(i.HAL_RCC_GetSysClockFreq)
    HAL_RCC_OscConfig                        0x08001141   Thumb Code   882  stm32f1xx_hal_rcc.o(i.HAL_RCC_OscConfig)
    HAL_SPI_ErrorCallback                    0x080014c5   Thumb Code     2  stm32f1xx_hal_spi.o(i.HAL_SPI_ErrorCallback)
    HAL_SPI_IRQHandler                       0x080014c9   Thumb Code   236  stm32f1xx_hal_spi.o(i.HAL_SPI_IRQHandler)
    HAL_SPI_Init                             0x080015b9   Thumb Code   180  stm32f1xx_hal_spi.o(i.HAL_SPI_Init)
    HAL_SPI_MspInit                          0x0800166d   Thumb Code   114  stm32f1xx_hal_msp.o(i.HAL_SPI_MspInit)
    HAL_SPI_Receive                          0x080016ed   Thumb Code   344  stm32f1xx_hal_spi.o(i.HAL_SPI_Receive)
    HAL_SPI_Transmit                         0x08001845   Thumb Code   404  stm32f1xx_hal_spi.o(i.HAL_SPI_Transmit)
    HAL_SPI_TransmitReceive                  0x080019d9   Thumb Code   502  stm32f1xx_hal_spi.o(i.HAL_SPI_TransmitReceive)
    HAL_SYSTICK_Config                       0x08001bcf   Thumb Code    40  stm32f1xx_hal_cortex.o(i.HAL_SYSTICK_Config)
    HAL_TIMEx_BreakCallback                  0x08001bf7   Thumb Code     2  stm32f1xx_hal_tim_ex.o(i.HAL_TIMEx_BreakCallback)
    HAL_TIMEx_CommutCallback                 0x08001bf9   Thumb Code     2  stm32f1xx_hal_tim_ex.o(i.HAL_TIMEx_CommutCallback)
    HAL_TIMEx_MasterConfigSynchronization    0x08001bfd   Thumb Code    90  stm32f1xx_hal_tim_ex.o(i.HAL_TIMEx_MasterConfigSynchronization)
    HAL_TIM_Base_Init                        0x08001c65   Thumb Code    74  stm32f1xx_hal_tim.o(i.HAL_TIM_Base_Init)
    HAL_TIM_Base_MspInit                     0x08001cb1   Thumb Code    50  stm32f1xx_hal_msp.o(i.HAL_TIM_Base_MspInit)
    HAL_TIM_Base_Start_IT                    0x08001ced   Thumb Code    86  stm32f1xx_hal_tim.o(i.HAL_TIM_Base_Start_IT)
    HAL_TIM_ConfigClockSource                0x08001d51   Thumb Code   232  stm32f1xx_hal_tim.o(i.HAL_TIM_ConfigClockSource)
    HAL_TIM_IC_CaptureCallback               0x08001e39   Thumb Code     2  stm32f1xx_hal_tim.o(i.HAL_TIM_IC_CaptureCallback)
    HAL_TIM_IRQHandler                       0x08001e3b   Thumb Code   366  stm32f1xx_hal_tim.o(i.HAL_TIM_IRQHandler)
    HAL_TIM_OC_DelayElapsedCallback          0x08001fa9   Thumb Code     2  stm32f1xx_hal_tim.o(i.HAL_TIM_OC_DelayElapsedCallback)
    HAL_TIM_PWM_PulseFinishedCallback        0x08001fab   Thumb Code     2  stm32f1xx_hal_tim.o(i.HAL_TIM_PWM_PulseFinishedCallback)
    HAL_TIM_PeriodElapsedCallback            0x08001fad   Thumb Code    22  main.o(i.HAL_TIM_PeriodElapsedCallback)
    HAL_TIM_TriggerCallback                  0x08001fc9   Thumb Code     2  stm32f1xx_hal_tim.o(i.HAL_TIM_TriggerCallback)
    HAL_UARTEx_RxEventCallback               0x08001fcb   Thumb Code     2  stm32f1xx_hal_uart.o(i.HAL_UARTEx_RxEventCallback)
    HAL_UART_ErrorCallback                   0x08001fcd   Thumb Code     2  stm32f1xx_hal_uart.o(i.HAL_UART_ErrorCallback)
    HAL_UART_IRQHandler                      0x08001fd1   Thumb Code   554  stm32f1xx_hal_uart.o(i.HAL_UART_IRQHandler)
    HAL_UART_Init                            0x08002201   Thumb Code   102  stm32f1xx_hal_uart.o(i.HAL_UART_Init)
    HAL_UART_MspInit                         0x08002269   Thumb Code   116  stm32f1xx_hal_msp.o(i.HAL_UART_MspInit)
    HAL_UART_Receive_IT                      0x080022e9   Thumb Code    28  stm32f1xx_hal_uart.o(i.HAL_UART_Receive_IT)
    HAL_UART_RxCpltCallback                  0x08002305   Thumb Code    32  sim800c.o(i.HAL_UART_RxCpltCallback)
    HAL_UART_Transmit_IT                     0x0800232d   Thumb Code    50  stm32f1xx_hal_uart.o(i.HAL_UART_Transmit_IT)
    HAL_UART_TxCpltCallback                  0x08002361   Thumb Code    30  sim800c.o(i.HAL_UART_TxCpltCallback)
    HardFault_Handler                        0x08002389   Thumb Code     4  stm32f1xx_it.o(i.HardFault_Handler)
    I2C1_ER_IRQHandler                       0x0800238d   Thumb Code     2  stm32f1xx_it.o(i.I2C1_ER_IRQHandler)
    I2C1_EV_IRQHandler                       0x0800238f   Thumb Code     2  stm32f1xx_it.o(i.I2C1_EV_IRQHandler)
    Led_Init                                 0x08002391   Thumb Code    66  led.o(i.Led_Init)
    Led_MsHandle                             0x080023dd   Thumb Code   174  led.o(i.Led_MsHandle)
    Led_SetMode                              0x08002491   Thumb Code    48  led.o(i.Led_SetMode)
    Led_SetState                             0x080024c5   Thumb Code    14  led.o(i.Led_SetState)
    MemManage_Handler                        0x080025e9   Thumb Code     4  stm32f1xx_it.o(i.MemManage_Handler)
    NMI_Handler                              0x080025ed   Thumb Code     4  stm32f1xx_it.o(i.NMI_Handler)
    PendSV_Handler                           0x080025f1   Thumb Code     2  stm32f1xx_it.o(i.PendSV_Handler)
    RTC_IRQHandler                           0x08002619   Thumb Code     2  stm32f1xx_it.o(i.RTC_IRQHandler)
    SPI1_IRQHandler                          0x0800261d   Thumb Code     6  stm32f1xx_it.o(i.SPI1_IRQHandler)
    SVC_Handler                              0x08002789   Thumb Code     2  stm32f1xx_it.o(i.SVC_Handler)
    Sim800C_ClearMessages                    0x0800278d   Thumb Code    80  sim800c.o(i.Sim800C_ClearMessages)
    Sim800C_GetImei                          0x080027f1   Thumb Code    28  sim800c.o(i.Sim800C_GetImei)
    Sim800C_GetSms                           0x08002815   Thumb Code    50  sim800c.o(i.Sim800C_GetSms)
    Sim800C_Init                             0x0800284d   Thumb Code   162  sim800c.o(i.Sim800C_Init)
    Sim800C_IsBusy                           0x08002909   Thumb Code    12  sim800c.o(i.Sim800C_IsBusy)
    Sim800C_MainHandler                      0x08002919   Thumb Code  1454  sim800c.o(i.Sim800C_MainHandler)
    Sim800C_MsHandler                        0x08002ec9   Thumb Code    64  sim800c.o(i.Sim800C_MsHandler)
    Sim800C_Power                            0x08002f11   Thumb Code    70  sim800c.o(i.Sim800C_Power)
    Sim800C_RequestImei                      0x08002f61   Thumb Code    78  sim800c.o(i.Sim800C_RequestImei)
    Sim800C_Reset                            0x08002fc1   Thumb Code    28  sim800c.o(i.Sim800C_Reset)
    SysTick_Handler                          0x08002fe1   Thumb Code     4  stm32f1xx_it.o(i.SysTick_Handler)
    SystemClock_Config                       0x08002fe5   Thumb Code   128  main.o(i.SystemClock_Config)
    SystemInit                               0x08003065   Thumb Code     2  system_stm32f1xx.o(i.SystemInit)
    TIM4_IRQHandler                          0x08003069   Thumb Code     6  stm32f1xx_it.o(i.TIM4_IRQHandler)
    TIM_Base_SetConfig                       0x08003075   Thumb Code    94  stm32f1xx_hal_tim.o(i.TIM_Base_SetConfig)
    TIM_ETR_SetConfig                        0x080030e1   Thumb Code    20  stm32f1xx_hal_tim.o(i.TIM_ETR_SetConfig)
    UART_Start_Receive_IT                    0x08003345   Thumb Code    56  stm32f1xx_hal_uart.o(i.UART_Start_Receive_IT)
    USART1_IRQHandler                        0x080033dd   Thumb Code     6  stm32f1xx_it.o(i.USART1_IRQHandler)
    UsageFault_Handler                       0x080033e9   Thumb Code     4  stm32f1xx_it.o(i.UsageFault_Handler)
    main                                     0x080034d9   Thumb Code   150  main.o(i.main)
    _get_lc_ctype                            0x08003a71   Thumb Code    44  lc_ctype_c.o(locale$$code)
    AHBPrescTable                            0x08003ad2   Data          16  system_stm32f1xx.o(.constdata)
    APBPrescTable                            0x08003ae2   Data           8  system_stm32f1xx.o(.constdata)
    Region$$Table$$Base                      0x08003aec   Number         0  anon$$obj.o(Region$$Table)
    Region$$Table$$Limit                     0x08003b0c   Number         0  anon$$obj.o(Region$$Table)
    __ctype                                  0x08003b19   Data           0  lc_ctype_c.o(locale$$data)
    config                                   0x20000002   Data          22  main.o(.data)
    context                                  0x2000001a   Data           4  led.o(.data)
    uwTickFreq                               0x20000024   Data           1  stm32f1xx_hal.o(.data)
    uwTickPrio                               0x20000028   Data           4  stm32f1xx_hal.o(.data)
    uwTick                                   0x2000002c   Data           4  stm32f1xx_hal.o(.data)
    SystemCoreClock                          0x20000030   Data           4  system_stm32f1xx.o(.data)
    htim4                                    0x20000034   Data          72  main.o(.bss)
    recvBufferData                           0x2000007c   Data        1024  sim800c.o(.bss)
    sendBufferData                           0x2000047c   Data        1024  sim800c.o(.bss)
    huart1                                   0x200009d0   Data          72  sim800c.o(.bss)
    hspi1                                    0x20000a18   Data          88  flash.o(.bss)
    __libspace_start                         0x20001a70   Data          96  libspace.o(.bss)
    __temporary_stack_top$libspace           0x20001ad0   Data           0  libspace.o(.bss)



==============================================================================

Memory Map of the image

  Image Entry point : 0x080000ed

  Load Region LR_IROM1 (Base: 0x08000000, Size: 0x00003c50, Max: 0x00010000, ABSOLUTE)

    Execution Region ER_IROM1 (Exec base: 0x08000000, Load base: 0x08000000, Size: 0x00003c1c, Max: 0x00010000, ABSOLUTE)

    Exec Addr    Load Addr    Size         Type   Attr      Idx    E Section Name        Object

    0x08000000   0x08000000   0x000000ec   Data   RO            3    RESET               startup_stm32f103xb.o
    0x080000ec   0x080000ec   0x00000008   Code   RO         4313  * !!!main             c_w.l(__main.o)
    0x080000f4   0x080000f4   0x00000034   Code   RO         4497    !!!scatter          c_w.l(__scatter.o)
    0x08000128   0x08000128   0x0000001a   Code   RO         4499    !!handler_copy      c_w.l(__scatter_copy.o)
    0x08000142   0x08000142   0x00000002   PAD
    0x08000144   0x08000144   0x0000001c   Code   RO         4501    !!handler_zi        c_w.l(__scatter_zi.o)
    0x08000160   0x08000160   0x00000002   Code   RO         4366    .ARM.Collect$$libinit$$00000000  c_w.l(libinit.o)
    0x08000162   0x08000162   0x00000000   Code   RO         4372    .ARM.Collect$$libinit$$00000002  c_w.l(libinit2.o)
    0x08000162   0x08000162   0x00000000   Code   RO         4374    .ARM.Collect$$libinit$$00000004  c_w.l(libinit2.o)
    0x08000162   0x08000162   0x00000000   Code   RO         4377    .ARM.Collect$$libinit$$0000000A  c_w.l(libinit2.o)
    0x08000162   0x08000162   0x00000000   Code   RO         4379    .ARM.Collect$$libinit$$0000000C  c_w.l(libinit2.o)
    0x08000162   0x08000162   0x00000000   Code   RO         4381    .ARM.Collect$$libinit$$0000000E  c_w.l(libinit2.o)
    0x08000162   0x08000162   0x00000006   Code   RO         4382    .ARM.Collect$$libinit$$0000000F  c_w.l(libinit2.o)
    0x08000168   0x08000168   0x00000000   Code   RO         4384    .ARM.Collect$$libinit$$00000011  c_w.l(libinit2.o)
    0x08000168   0x08000168   0x0000000c   Code   RO         4385    .ARM.Collect$$libinit$$00000012  c_w.l(libinit2.o)
    0x08000174   0x08000174   0x00000000   Code   RO         4386    .ARM.Collect$$libinit$$00000013  c_w.l(libinit2.o)
    0x08000174   0x08000174   0x00000000   Code   RO         4388    .ARM.Collect$$libinit$$00000015  c_w.l(libinit2.o)
    0x08000174   0x08000174   0x00000000   Code   RO         4390    .ARM.Collect$$libinit$$00000017  c_w.l(libinit2.o)
    0x08000174   0x08000174   0x00000000   Code   RO         4392    .ARM.Collect$$libinit$$00000019  c_w.l(libinit2.o)
    0x08000174   0x08000174   0x00000000   Code   RO         4394    .ARM.Collect$$libinit$$0000001B  c_w.l(libinit2.o)
    0x08000174   0x08000174   0x00000000   Code   RO         4396    .ARM.Collect$$libinit$$0000001D  c_w.l(libinit2.o)
    0x08000174   0x08000174   0x00000000   Code   RO         4398    .ARM.Collect$$libinit$$0000001F  c_w.l(libinit2.o)
    0x08000174   0x08000174   0x00000000   Code   RO         4400    .ARM.Collect$$libinit$$00000021  c_w.l(libinit2.o)
    0x08000174   0x08000174   0x00000000   Code   RO         4402    .ARM.Collect$$libinit$$00000023  c_w.l(libinit2.o)
    0x08000174   0x08000174   0x00000000   Code   RO         4404    .ARM.Collect$$libinit$$00000025  c_w.l(libinit2.o)
    0x08000174   0x08000174   0x00000000   Code   RO         4408    .ARM.Collect$$libinit$$0000002C  c_w.l(libinit2.o)
    0x08000174   0x08000174   0x00000000   Code   RO         4410    .ARM.Collect$$libinit$$0000002E  c_w.l(libinit2.o)
    0x08000174   0x08000174   0x00000000   Code   RO         4412    .ARM.Collect$$libinit$$00000030  c_w.l(libinit2.o)
    0x08000174   0x08000174   0x00000000   Code   RO         4414    .ARM.Collect$$libinit$$00000032  c_w.l(libinit2.o)
    0x08000174   0x08000174   0x00000002   Code   RO         4415    .ARM.Collect$$libinit$$00000033  c_w.l(libinit2.o)
    0x08000176   0x08000176   0x00000002   Code   RO         4435    .ARM.Collect$$libshutdown$$00000000  c_w.l(libshutdown.o)
    0x08000178   0x08000178   0x00000000   Code   RO         4448    .ARM.Collect$$libshutdown$$00000002  c_w.l(libshutdown2.o)
    0x08000178   0x08000178   0x00000000   Code   RO         4450    .ARM.Collect$$libshutdown$$00000004  c_w.l(libshutdown2.o)
    0x08000178   0x08000178   0x00000000   Code   RO         4452    .ARM.Collect$$libshutdown$$00000006  c_w.l(libshutdown2.o)
    0x08000178   0x08000178   0x00000000   Code   RO         4455    .ARM.Collect$$libshutdown$$00000009  c_w.l(libshutdown2.o)
    0x08000178   0x08000178   0x00000000   Code   RO         4458    .ARM.Collect$$libshutdown$$0000000C  c_w.l(libshutdown2.o)
    0x08000178   0x08000178   0x00000000   Code   RO         4460    .ARM.Collect$$libshutdown$$0000000E  c_w.l(libshutdown2.o)
    0x08000178   0x08000178   0x00000000   Code   RO         4463    .ARM.Collect$$libshutdown$$00000011  c_w.l(libshutdown2.o)
    0x08000178   0x08000178   0x00000002   Code   RO         4464    .ARM.Collect$$libshutdown$$00000012  c_w.l(libshutdown2.o)
    0x0800017a   0x0800017a   0x00000000   Code   RO         4315    .ARM.Collect$$rtentry$$00000000  c_w.l(__rtentry.o)
    0x0800017a   0x0800017a   0x00000000   Code   RO         4329    .ARM.Collect$$rtentry$$00000002  c_w.l(__rtentry2.o)
    0x0800017a   0x0800017a   0x00000006   Code   RO         4341    .ARM.Collect$$rtentry$$00000004  c_w.l(__rtentry4.o)
    0x08000180   0x08000180   0x00000000   Code   RO         4331    .ARM.Collect$$rtentry$$00000009  c_w.l(__rtentry2.o)
    0x08000180   0x08000180   0x00000004   Code   RO         4332    .ARM.Collect$$rtentry$$0000000A  c_w.l(__rtentry2.o)
    0x08000184   0x08000184   0x00000000   Code   RO         4334    .ARM.Collect$$rtentry$$0000000C  c_w.l(__rtentry2.o)
    0x08000184   0x08000184   0x00000008   Code   RO         4335    .ARM.Collect$$rtentry$$0000000D  c_w.l(__rtentry2.o)
    0x0800018c   0x0800018c   0x00000002   Code   RO         4367    .ARM.Collect$$rtexit$$00000000  c_w.l(rtexit.o)
    0x0800018e   0x0800018e   0x00000000   Code   RO         4417    .ARM.Collect$$rtexit$$00000002  c_w.l(rtexit2.o)
    0x0800018e   0x0800018e   0x00000004   Code   RO         4418    .ARM.Collect$$rtexit$$00000003  c_w.l(rtexit2.o)
    0x08000192   0x08000192   0x00000006   Code   RO         4419    .ARM.Collect$$rtexit$$00000004  c_w.l(rtexit2.o)
    0x08000198   0x08000198   0x00000040   Code   RO            4    .text               startup_stm32f103xb.o
    0x080001d8   0x080001d8   0x0000001a   Code   RO         4293    .text               c_w.l(atoi.o)
    0x080001f2   0x080001f2   0x00000058   Code   RO         4295    .text               c_w.l(memcmp.o)
    0x0800024a   0x0800024a   0x0000003e   Code   RO         4299    .text               c_w.l(strlen.o)
    0x08000288   0x08000288   0x0000008a   Code   RO         4301    .text               c_w.l(rt_memcpy_v6.o)
    0x08000312   0x08000312   0x00000084   Code   RO         4303    .text               c_w.l(rt_memmove_v6.o)
    0x08000396   0x08000396   0x00000064   Code   RO         4305    .text               c_w.l(rt_memcpy_w.o)
    0x080003fa   0x080003fa   0x00000044   Code   RO         4307    .text               c_w.l(rt_memclr.o)
    0x0800043e   0x0800043e   0x0000004e   Code   RO         4309    .text               c_w.l(rt_memclr_w.o)
    0x0800048c   0x0800048c   0x00000006   Code   RO         4311    .text               c_w.l(heapauxi.o)
    0x08000492   0x08000492   0x00000002   PAD
    0x08000494   0x08000494   0x00000008   Code   RO         4319    .text               c_w.l(rt_errno_addr_intlibspace.o)
    0x0800049c   0x0800049c   0x00000070   Code   RO         4321    .text               c_w.l(strtol.o)
    0x0800050c   0x0800050c   0x0000007a   Code   RO         4323    .text               c_w.l(rt_memmove_w.o)
    0x08000586   0x08000586   0x00000002   PAD
    0x08000588   0x08000588   0x00000008   Code   RO         4325    .text               c_w.l(libspace.o)
    0x08000590   0x08000590   0x00000010   Code   RO         4343    .text               c_w.l(rt_ctype_table.o)
    0x080005a0   0x080005a0   0x0000009e   Code   RO         4345    .text               c_w.l(_strtoul.o)
    0x0800063e   0x0800063e   0x0000004a   Code   RO         4347    .text               c_w.l(sys_stackheap_outer.o)
    0x08000688   0x08000688   0x00000008   Code   RO         4352    .text               c_w.l(rt_locale_intlibspace.o)
    0x08000690   0x08000690   0x0000001c   Code   RO         4354    .text               c_w.l(_chval.o)
    0x080006ac   0x080006ac   0x00000012   Code   RO         4359    .text               c_w.l(exit.o)
    0x080006be   0x080006be   0x00000002   PAD
    0x080006c0   0x080006c0   0x00000080   Code   RO         4369    .text               c_w.l(strcmpv7m.o)
    0x08000740   0x08000740   0x0000000c   Code   RO         4427    .text               c_w.l(sys_exit.o)
    0x0800074c   0x0800074c   0x00000002   Code   RO         4438    .text               c_w.l(use_no_semi.o)
    0x0800074e   0x0800074e   0x00000000   Code   RO         4440    .text               c_w.l(indicate_semi.o)
    0x0800074e   0x0800074e   0x0000001e   Code   RO          663    i.Buffer_Append     buffer.o
    0x0800076c   0x0800076c   0x00000036   Code   RO          664    i.Buffer_AppendArray  buffer.o
    0x080007a2   0x080007a2   0x00000002   PAD
    0x080007a4   0x080007a4   0x00000054   Code   RO          665    i.Buffer_AppendInteger  buffer.o
    0x080007f8   0x080007f8   0x00000008   Code   RO          704    i.Buffer_Clear      buffer.o
    0x08000800   0x08000800   0x00000040   Code   RO          666    i.Buffer_Find       buffer.o
    0x08000840   0x08000840   0x0000000c   Code   RO          667    i.Buffer_Init       buffer.o
    0x0800084c   0x0800084c   0x00000034   Code   RO          668    i.Buffer_Shift      buffer.o
    0x08000880   0x08000880   0x00000004   Code   RO          200    i.BusFault_Handler  stm32f1xx_it.o
    0x08000884   0x08000884   0x00000002   Code   RO          201    i.DebugMon_Handler  stm32f1xx_it.o
    0x08000886   0x08000886   0x0000000a   Code   RO          642    i.Error_Handler     error_handler.o
    0x08000890   0x08000890   0x00000094   Code   RO          718    i.Flash_Init        flash.o
    0x08000924   0x08000924   0x0000007c   Code   RO          719    i.Flash_Read        flash.o
    0x080009a0   0x080009a0   0x00000064   Code   RO          720    i.Flash_Write       flash.o
    0x08000a04   0x08000a04   0x00000046   Code   RO         1681    i.HAL_DMA_Abort     stm32f1xx_hal_dma.o
    0x08000a4a   0x08000a4a   0x00000002   PAD
    0x08000a4c   0x08000a4c   0x00000098   Code   RO         1682    i.HAL_DMA_Abort_IT  stm32f1xx_hal_dma.o
    0x08000ae4   0x08000ae4   0x00000024   Code   RO         1302    i.HAL_Delay         stm32f1xx_hal.o
    0x08000b08   0x08000b08   0x000001f0   Code   RO         1617    i.HAL_GPIO_Init     stm32f1xx_hal_gpio.o
    0x08000cf8   0x08000cf8   0x0000000e   Code   RO         1621    i.HAL_GPIO_WritePin  stm32f1xx_hal_gpio.o
    0x08000d06   0x08000d06   0x00000002   PAD
    0x08000d08   0x08000d08   0x0000000c   Code   RO         1306    i.HAL_GetTick       stm32f1xx_hal.o
    0x08000d14   0x08000d14   0x00000010   Code   RO         1312    i.HAL_IncTick       stm32f1xx_hal.o
    0x08000d24   0x08000d24   0x00000024   Code   RO         1313    i.HAL_Init          stm32f1xx_hal.o
    0x08000d48   0x08000d48   0x00000044   Code   RO         1314    i.HAL_InitTick      stm32f1xx_hal.o
    0x08000d8c   0x08000d8c   0x0000003c   Code   RO          317    i.HAL_MspInit       stm32f1xx_hal_msp.o
    0x08000dc8   0x08000dc8   0x0000001a   Code   RO         1777    i.HAL_NVIC_EnableIRQ  stm32f1xx_hal_cortex.o
    0x08000de2   0x08000de2   0x00000002   PAD
    0x08000de4   0x08000de4   0x00000040   Code   RO         1783    i.HAL_NVIC_SetPriority  stm32f1xx_hal_cortex.o
    0x08000e24   0x08000e24   0x00000024   Code   RO         1784    i.HAL_NVIC_SetPriorityGrouping  stm32f1xx_hal_cortex.o
    0x08000e48   0x08000e48   0x0000010c   Code   RO         1579    i.HAL_RCCEx_PeriphCLKConfig  stm32f1xx_hal_rcc_ex.o
    0x08000f54   0x08000f54   0x00000154   Code   RO         1470    i.HAL_RCC_ClockConfig  stm32f1xx_hal_rcc.o
    0x080010a8   0x080010a8   0x0000000c   Code   RO         1475    i.HAL_RCC_GetHCLKFreq  stm32f1xx_hal_rcc.o
    0x080010b4   0x080010b4   0x00000020   Code   RO         1477    i.HAL_RCC_GetPCLK1Freq  stm32f1xx_hal_rcc.o
    0x080010d4   0x080010d4   0x00000020   Code   RO         1478    i.HAL_RCC_GetPCLK2Freq  stm32f1xx_hal_rcc.o
    0x080010f4   0x080010f4   0x0000004c   Code   RO         1479    i.HAL_RCC_GetSysClockFreq  stm32f1xx_hal_rcc.o
    0x08001140   0x08001140   0x00000384   Code   RO         1482    i.HAL_RCC_OscConfig  stm32f1xx_hal_rcc.o
    0x080014c4   0x080014c4   0x00000002   Code   RO         2582    i.HAL_SPI_ErrorCallback  stm32f1xx_hal_spi.o
    0x080014c6   0x080014c6   0x00000002   PAD
    0x080014c8   0x080014c8   0x000000f0   Code   RO         2585    i.HAL_SPI_IRQHandler  stm32f1xx_hal_spi.o
    0x080015b8   0x080015b8   0x000000b4   Code   RO         2586    i.HAL_SPI_Init      stm32f1xx_hal_spi.o
    0x0800166c   0x0800166c   0x00000080   Code   RO          321    i.HAL_SPI_MspInit   stm32f1xx_hal_msp.o
    0x080016ec   0x080016ec   0x00000158   Code   RO         2589    i.HAL_SPI_Receive   stm32f1xx_hal_spi.o
    0x08001844   0x08001844   0x00000194   Code   RO         2594    i.HAL_SPI_Transmit  stm32f1xx_hal_spi.o
    0x080019d8   0x080019d8   0x000001f6   Code   RO         2595    i.HAL_SPI_TransmitReceive  stm32f1xx_hal_spi.o
    0x08001bce   0x08001bce   0x00000028   Code   RO         1788    i.HAL_SYSTICK_Config  stm32f1xx_hal_cortex.o
    0x08001bf6   0x08001bf6   0x00000002   Code   RO         3614    i.HAL_TIMEx_BreakCallback  stm32f1xx_hal_tim_ex.o
    0x08001bf8   0x08001bf8   0x00000002   Code   RO         3615    i.HAL_TIMEx_CommutCallback  stm32f1xx_hal_tim_ex.o
    0x08001bfa   0x08001bfa   0x00000002   PAD
    0x08001bfc   0x08001bfc   0x00000068   Code   RO         3633    i.HAL_TIMEx_MasterConfigSynchronization  stm32f1xx_hal_tim_ex.o
    0x08001c64   0x08001c64   0x0000004a   Code   RO         2899    i.HAL_TIM_Base_Init  stm32f1xx_hal_tim.o
    0x08001cae   0x08001cae   0x00000002   PAD
    0x08001cb0   0x08001cb0   0x0000003c   Code   RO          323    i.HAL_TIM_Base_MspInit  stm32f1xx_hal_msp.o
    0x08001cec   0x08001cec   0x00000064   Code   RO         2904    i.HAL_TIM_Base_Start_IT  stm32f1xx_hal_tim.o
    0x08001d50   0x08001d50   0x000000e8   Code   RO         2908    i.HAL_TIM_ConfigClockSource  stm32f1xx_hal_tim.o
    0x08001e38   0x08001e38   0x00000002   Code   RO         2933    i.HAL_TIM_IC_CaptureCallback  stm32f1xx_hal_tim.o
    0x08001e3a   0x08001e3a   0x0000016e   Code   RO         2947    i.HAL_TIM_IRQHandler  stm32f1xx_hal_tim.o
    0x08001fa8   0x08001fa8   0x00000002   Code   RO         2950    i.HAL_TIM_OC_DelayElapsedCallback  stm32f1xx_hal_tim.o
    0x08001faa   0x08001faa   0x00000002   Code   RO         2977    i.HAL_TIM_PWM_PulseFinishedCallback  stm32f1xx_hal_tim.o
    0x08001fac   0x08001fac   0x0000001c   Code   RO           13    i.HAL_TIM_PeriodElapsedCallback  main.o
    0x08001fc8   0x08001fc8   0x00000002   Code   RO         2990    i.HAL_TIM_TriggerCallback  stm32f1xx_hal_tim.o
    0x08001fca   0x08001fca   0x00000002   Code   RO         3893    i.HAL_UARTEx_RxEventCallback  stm32f1xx_hal_uart.o
    0x08001fcc   0x08001fcc   0x00000002   Code   RO         3907    i.HAL_UART_ErrorCallback  stm32f1xx_hal_uart.o
    0x08001fce   0x08001fce   0x00000002   PAD
    0x08001fd0   0x08001fd0   0x00000230   Code   RO         3910    i.HAL_UART_IRQHandler  stm32f1xx_hal_uart.o
    0x08002200   0x08002200   0x00000066   Code   RO         3911    i.HAL_UART_Init     stm32f1xx_hal_uart.o
    0x08002266   0x08002266   0x00000002   PAD
    0x08002268   0x08002268   0x00000080   Code   RO          325    i.HAL_UART_MspInit  stm32f1xx_hal_msp.o
    0x080022e8   0x080022e8   0x0000001c   Code   RO         3916    i.HAL_UART_Receive_IT  stm32f1xx_hal_uart.o
    0x08002304   0x08002304   0x00000028   Code   RO          446    i.HAL_UART_RxCpltCallback  sim800c.o
    0x0800232c   0x0800232c   0x00000032   Code   RO         3921    i.HAL_UART_Transmit_IT  stm32f1xx_hal_uart.o
    0x0800235e   0x0800235e   0x00000002   PAD
    0x08002360   0x08002360   0x00000028   Code   RO          447    i.HAL_UART_TxCpltCallback  sim800c.o
    0x08002388   0x08002388   0x00000004   Code   RO          202    i.HardFault_Handler  stm32f1xx_it.o
    0x0800238c   0x0800238c   0x00000002   Code   RO          203    i.I2C1_ER_IRQHandler  stm32f1xx_it.o
    0x0800238e   0x0800238e   0x00000002   Code   RO          204    i.I2C1_EV_IRQHandler  stm32f1xx_it.o
    0x08002390   0x08002390   0x0000004c   Code   RO          399    i.Led_Init          led.o
    0x080023dc   0x080023dc   0x000000b4   Code   RO          400    i.Led_MsHandle      led.o
    0x08002490   0x08002490   0x00000034   Code   RO          401    i.Led_SetMode       led.o
    0x080024c4   0x080024c4   0x00000014   Code   RO          432    i.Led_SetState      led.o
    0x080024d8   0x080024d8   0x00000080   Code   RO           14    i.MX_GPIO_Init      main.o
    0x08002558   0x08002558   0x00000090   Code   RO           15    i.MX_TIM4_Init      main.o
    0x080025e8   0x080025e8   0x00000004   Code   RO          205    i.MemManage_Handler  stm32f1xx_it.o
    0x080025ec   0x080025ec   0x00000004   Code   RO          206    i.NMI_Handler       stm32f1xx_it.o
    0x080025f0   0x080025f0   0x00000002   Code   RO          207    i.PendSV_Handler    stm32f1xx_it.o
    0x080025f2   0x080025f2   0x00000002   PAD
    0x080025f4   0x080025f4   0x00000024   Code   RO         1483    i.RCC_Delay         stm32f1xx_hal_rcc.o
    0x08002618   0x08002618   0x00000002   Code   RO          208    i.RTC_IRQHandler    stm32f1xx_it.o
    0x0800261a   0x0800261a   0x00000002   PAD
    0x0800261c   0x0800261c   0x0000000c   Code   RO          209    i.SPI1_IRQHandler   stm32f1xx_it.o
    0x08002628   0x08002628   0x00000010   Code   RO         2613    i.SPI_DMAAbortOnError  stm32f1xx_hal_spi.o
    0x08002638   0x08002638   0x00000070   Code   RO         2623    i.SPI_EndRxTransaction  stm32f1xx_hal_spi.o
    0x080026a8   0x080026a8   0x00000024   Code   RO         2624    i.SPI_EndRxTxTransaction  stm32f1xx_hal_spi.o
    0x080026cc   0x080026cc   0x000000bc   Code   RO         2629    i.SPI_WaitFlagStateUntilTimeout  stm32f1xx_hal_spi.o
    0x08002788   0x08002788   0x00000002   Code   RO          210    i.SVC_Handler       stm32f1xx_it.o
    0x0800278a   0x0800278a   0x00000002   PAD
    0x0800278c   0x0800278c   0x00000064   Code   RO          448    i.Sim800C_ClearMessages  sim800c.o
    0x080027f0   0x080027f0   0x00000024   Code   RO          449    i.Sim800C_GetImei   sim800c.o
    0x08002814   0x08002814   0x00000038   Code   RO          450    i.Sim800C_GetSms    sim800c.o
    0x0800284c   0x0800284c   0x000000bc   Code   RO          451    i.Sim800C_Init      sim800c.o
    0x08002908   0x08002908   0x00000010   Code   RO          610    i.Sim800C_IsBusy    sim800c.o
    0x08002918   0x08002918   0x000005ae   Code   RO          452    i.Sim800C_MainHandler  sim800c.o
    0x08002ec6   0x08002ec6   0x00000002   PAD
    0x08002ec8   0x08002ec8   0x00000048   Code   RO          453    i.Sim800C_MsHandler  sim800c.o
    0x08002f10   0x08002f10   0x00000050   Code   RO          454    i.Sim800C_Power     sim800c.o
    0x08002f60   0x08002f60   0x00000060   Code   RO          455    i.Sim800C_RequestImei  sim800c.o
    0x08002fc0   0x08002fc0   0x00000020   Code   RO          456    i.Sim800C_Reset     sim800c.o
    0x08002fe0   0x08002fe0   0x00000004   Code   RO          211    i.SysTick_Handler   stm32f1xx_it.o
    0x08002fe4   0x08002fe4   0x00000080   Code   RO           16    i.SystemClock_Config  main.o
    0x08003064   0x08003064   0x00000002   Code   RO         4255    i.SystemInit        system_stm32f1xx.o
    0x08003066   0x08003066   0x00000002   PAD
    0x08003068   0x08003068   0x0000000c   Code   RO          212    i.TIM4_IRQHandler   stm32f1xx_it.o
    0x08003074   0x08003074   0x0000006c   Code   RO         2992    i.TIM_Base_SetConfig  stm32f1xx_hal_tim.o
    0x080030e0   0x080030e0   0x00000014   Code   RO         3003    i.TIM_ETR_SetConfig  stm32f1xx_hal_tim.o
    0x080030f4   0x080030f4   0x00000010   Code   RO         3004    i.TIM_ITRx_SetConfig  stm32f1xx_hal_tim.o
    0x08003104   0x08003104   0x00000022   Code   RO         3010    i.TIM_TI1_ConfigInputStage  stm32f1xx_hal_tim.o
    0x08003126   0x08003126   0x00000024   Code   RO         3012    i.TIM_TI2_ConfigInputStage  stm32f1xx_hal_tim.o
    0x0800314a   0x0800314a   0x00000010   Code   RO         3924    i.UART_DMAAbortOnError  stm32f1xx_hal_uart.o
    0x0800315a   0x0800315a   0x0000004e   Code   RO         3934    i.UART_EndRxTransfer  stm32f1xx_hal_uart.o
    0x080031a8   0x080031a8   0x0000001a   Code   RO         3935    i.UART_EndTransmit_IT  stm32f1xx_hal_uart.o
    0x080031c2   0x080031c2   0x000000c8   Code   RO         3937    i.UART_Receive_IT   stm32f1xx_hal_uart.o
    0x0800328a   0x0800328a   0x00000002   PAD
    0x0800328c   0x0800328c   0x000000b8   Code   RO         3938    i.UART_SetConfig    stm32f1xx_hal_uart.o
    0x08003344   0x08003344   0x00000038   Code   RO         3940    i.UART_Start_Receive_IT  stm32f1xx_hal_uart.o
    0x0800337c   0x0800337c   0x0000005e   Code   RO         3941    i.UART_Transmit_IT  stm32f1xx_hal_uart.o
    0x080033da   0x080033da   0x00000002   PAD
    0x080033dc   0x080033dc   0x0000000c   Code   RO          213    i.USART1_IRQHandler  stm32f1xx_it.o
    0x080033e8   0x080033e8   0x00000004   Code   RO          214    i.UsageFault_Handler  stm32f1xx_it.o
    0x080033ec   0x080033ec   0x00000020   Code   RO         1790    i.__NVIC_SetPriority  stm32f1xx_hal_cortex.o
    0x0800340c   0x0800340c   0x00000058   Code   RO          721    i.eraseBlock        flash.o
    0x08003464   0x08003464   0x00000044   Code   RO          458    i.getBaud           sim800c.o
    0x080034a8   0x080034a8   0x0000002e   Code   RO           17    i.getChecksum       main.o
    0x080034d6   0x080034d6   0x00000002   PAD
    0x080034d8   0x080034d8   0x000000a8   Code   RO           18    i.main              main.o
    0x08003580   0x08003580   0x00000054   Code   RO           19    i.operationHandler  main.o
    0x080035d4   0x080035d4   0x0000002c   Code   RO          459    i.ping              sim800c.o
    0x08003600   0x08003600   0x00000094   Code   RO           20    i.processIncomeSms  main.o
    0x08003694   0x08003694   0x00000038   Code   RO          722    i.resetProtection   flash.o
    0x080036cc   0x080036cc   0x00000040   Code   RO          460    i.sendAt            sim800c.o
    0x0800370c   0x0800370c   0x0000001c   Code   RO          461    i.sendByte          sim800c.o
    0x08003728   0x08003728   0x00000024   Code   RO          462    i.sendDone          sim800c.o
    0x0800374c   0x0800374c   0x0000006c   Code   RO          463    i.sendPhone         sim800c.o
    0x080037b8   0x080037b8   0x00000068   Code   RO          464    i.sendReadSms       sim800c.o
    0x08003820   0x08003820   0x00000040   Code   RO          465    i.sendSmsText       sim800c.o
    0x08003860   0x08003860   0x00000048   Code   RO          466    i.sendTextMode      sim800c.o
    0x080038a8   0x080038a8   0x00000050   Code   RO          467    i.setBaud           sim800c.o
    0x080038f8   0x080038f8   0x00000028   Code   RO          723    i.setCs             flash.o
    0x08003920   0x08003920   0x00000050   Code   RO          468    i.setError          sim800c.o
    0x08003970   0x08003970   0x00000014   Code   RO          469    i.setReset          sim800c.o
    0x08003984   0x08003984   0x00000010   Code   RO          470    i.startRecv         sim800c.o
    0x08003994   0x08003994   0x00000070   Code   RO          724    i.writePage         flash.o
    0x08003a04   0x08003a04   0x0000006c   Code   RO          725    i.writeToBlock      flash.o
    0x08003a70   0x08003a70   0x0000002c   Code   RO         4357    locale$$code        c_w.l(lc_ctype_c.o)
    0x08003a9c   0x08003a9c   0x00000004   Data   RO          472    .constdata          sim800c.o
    0x08003aa0   0x08003aa0   0x00000020   Data   RO          669    .constdata          buffer.o
    0x08003ac0   0x08003ac0   0x00000012   Data   RO         1484    .constdata          stm32f1xx_hal_rcc.o
    0x08003ad2   0x08003ad2   0x00000010   Data   RO         4256    .constdata          system_stm32f1xx.o
    0x08003ae2   0x08003ae2   0x00000008   Data   RO         4257    .constdata          system_stm32f1xx.o
    0x08003aea   0x08003aea   0x00000002   PAD
    0x08003aec   0x08003aec   0x00000020   Data   RO         4495    Region$$Table       anon$$obj.o
    0x08003b0c   0x08003b0c   0x00000110   Data   RO         4356    locale$$data        c_w.l(lc_ctype_c.o)


    Execution Region RW_IRAM1 (Exec base: 0x20000000, Load base: 0x08003c1c, Size: 0x000020d0, Max: 0x00005000, ABSOLUTE)

    Exec Addr    Load Addr    Size         Type   Attr      Idx    E Section Name        Object

    0x20000000   0x08003c1c   0x00000018   Data   RW           22    .data               main.o
    0x20000018   0x08003c34   0x00000006   Data   RW          402    .data               led.o
    0x2000001e   0x08003c3a   0x00000002   PAD
    0x20000020   0x08003c3c   0x00000004   Data   RW          473    .data               sim800c.o
    0x20000024   0x08003c40   0x0000000c   Data   RW         1320    .data               stm32f1xx_hal.o
    0x20000030   0x08003c4c   0x00000004   Data   RW         4258    .data               system_stm32f1xx.o
    0x20000034        -       0x00000048   Zero   RW           21    .bss                main.o
    0x2000007c        -       0x0000099c   Zero   RW          471    .bss                sim800c.o
    0x20000a18        -       0x00001058   Zero   RW          726    .bss                flash.o
    0x20001a70        -       0x00000060   Zero   RW         4326    .bss                c_w.l(libspace.o)
    0x20001ad0        -       0x00000200   Zero   RW            2    HEAP                startup_stm32f103xb.o
    0x20001cd0        -       0x00000400   Zero   RW            1    STACK               startup_stm32f103xb.o


==============================================================================

Image component sizes


      Code (inc. data)   RO Data    RW Data    ZI Data      Debug   Object Name

       304          4         32          0          0       4850   buffer.o
        10          0          0          0          0        412   error_handler.o
       776         64          0          0       4184       5792   flash.o
       328         32          0          6          0       2853   led.o
       874         62          0         24         72     451932   main.o
      2994        442          4          4       2460      17783   sim800c.o
        64         26        236          0       1536        784   startup_stm32f103xb.o
       168         28          0         12          0       5681   stm32f1xx_hal.o
       198         14          0          0          0      28871   stm32f1xx_hal_cortex.o
       222          4          0          0          0       1659   stm32f1xx_hal_dma.o
       510         32          0          0          0       2720   stm32f1xx_hal_gpio.o
       376         44          0          0          0       2766   stm32f1xx_hal_msp.o
      1428         90         18          0          0       6376   stm32f1xx_hal_rcc.o
       268         12          0          0          0       1400   stm32f1xx_hal_rcc_ex.o
      2024          8          0          0          0       9803   stm32f1xx_hal_spi.o
       994         28          0          0          0       9083   stm32f1xx_hal_tim.o
       108         14          0          0          0       2341   stm32f1xx_hal_tim_ex.o
      1398         12          0          0          0       9849   stm32f1xx_hal_uart.o
        72         18          0          0          0       6041   stm32f1xx_it.o
         2          0         24          4          0       1035   system_stm32f1xx.o

    ----------------------------------------------------------------------
     13154        934        348         52       8252     572031   Object Totals
         0          0         32          0          0          0   (incl. Generated)
        36          0          2          2          0          0   (incl. Padding)

    ----------------------------------------------------------------------

      Code (inc. data)   RO Data    RW Data    ZI Data      Debug   Library Member Name

         8          0          0          0          0         68   __main.o
         0          0          0          0          0          0   __rtentry.o
        12          0          0          0          0          0   __rtentry2.o
         6          0          0          0          0          0   __rtentry4.o
        52          8          0          0          0          0   __scatter.o
        26          0          0          0          0          0   __scatter_copy.o
        28          0          0          0          0          0   __scatter_zi.o
        28          0          0          0          0         68   _chval.o
       158          0          0          0          0         92   _strtoul.o
        26          0          0          0          0         80   atoi.o
        18          0          0          0          0         80   exit.o
         6          0          0          0          0        152   heapauxi.o
         0          0          0          0          0          0   indicate_semi.o
        44         10        272          0          0         76   lc_ctype_c.o
         2          0          0          0          0          0   libinit.o
        20          0          0          0          0          0   libinit2.o
         2          0          0          0          0          0   libshutdown.o
         2          0          0          0          0          0   libshutdown2.o
         8          4          0          0         96         68   libspace.o
        88          0          0          0          0         76   memcmp.o
        16          4          0          0          0         76   rt_ctype_table.o
         8          4          0          0          0         68   rt_errno_addr_intlibspace.o
         8          4          0          0          0         68   rt_locale_intlibspace.o
        68          0          0          0          0         68   rt_memclr.o
        78          0          0          0          0         80   rt_memclr_w.o
       138          0          0          0          0         68   rt_memcpy_v6.o
       100          0          0          0          0         80   rt_memcpy_w.o
       132          0          0          0          0         68   rt_memmove_v6.o
       122          0          0          0          0         80   rt_memmove_w.o
         2          0          0          0          0          0   rtexit.o
        10          0          0          0          0          0   rtexit2.o
       128          0          0          0          0         68   strcmpv7m.o
        62          0          0          0          0         76   strlen.o
       112          0          0          0          0         88   strtol.o
        12          4          0          0          0         68   sys_exit.o
        74          0          0          0          0         80   sys_stackheap_outer.o
         2          0          0          0          0         68   use_no_semi.o

    ----------------------------------------------------------------------
      1614         38        272          0         96       1864   Library Totals
         8          0          0          0          0          0   (incl. Padding)

    ----------------------------------------------------------------------

      Code (inc. data)   RO Data    RW Data    ZI Data      Debug   Library Name

      1606         38        272          0         96       1864   c_w.l

    ----------------------------------------------------------------------
      1614         38        272          0         96       1864   Library Totals

    ----------------------------------------------------------------------

==============================================================================


      Code (inc. data)   RO Data    RW Data    ZI Data      Debug   

     14768        972        620         52       8348     566143   Grand Totals
     14768        972        620         52       8348     566143   ELF Image Totals
     14768        972        620         52          0          0   ROM Totals

==============================================================================

    Total RO  Size (Code + RO Data)                15388 (  15.03kB)
    Total RW  Size (RW Data + ZI Data)              8400 (   8.20kB)
    Total ROM Size (Code + RO Data + RW Data)      15440 (  15.08kB)

==============================================================================

